02-04 20:10:01.677  1937  2026 W ActivityManager: pid 1937 system sent binder code 2 with flags 1 to frozen apps and got error -32
02-04 20:10:01.678  1937  2026 W ActivityManager: pid 1937 system sent binder code 2 with flags 1 to frozen apps and got error -32
02-04 20:10:01.678  1937  2026 D ActivityManager: Too many transaction errors, throttling freezer binder callback.
02-04 20:10:01.678  1937  2026 W ActivityManager: pid 1937 system sent binder code 2 with flags 1 to frozen apps and got error -32
02-04 20:10:01.678  1937  2026 D ActivityManager: Too many transaction errors, throttling freezer binder callback.
02-04 20:10:01.678  1937  2026 W ActivityManager: pid 1937 system sent binder code 2 with flags 1 to frozen apps and got error -32
02-04 20:10:01.678  1937  2026 D ActivityManager: Too many transaction errors, throttling freezer binder callback.
02-04 20:10:01.682  1937  2679 D NtBoostAdjusterImpl: threadPriorityBoost: pid = 1964, duration = 500
02-04 20:10:01.682  1937  2679 D NtBoostAdjusterImpl: tryBoostThreadPriority: pid = 1964, counting = 1
02-04 20:10:01.690  1937  2679 D NtBoostAdjusterImpl: threadPriorityBoost: pid = 13556, duration = 500
02-04 20:10:01.691  1937  2679 D NtBoostAdjusterImpl: tryBoostThreadPriority: pid = 13556, counting = 1
02-04 20:10:01.693  1937  2026 W ActivityManager: pid 1937 system sent binder code 2 with flags 1 to frozen apps and got error -32
02-04 20:10:01.693  1937  2026 D ActivityManager: Too many transaction errors, throttling freezer binder callback.
02-04 20:10:01.694  1937  2026 W ActivityManager: pid 1937 system sent binder code 2 with flags 1 to frozen apps and got error -32
02-04 20:10:01.694  1937  2026 D ActivityManager: Too many transaction errors, throttling freezer binder callback.
02-04 20:10:01.694  1937  2026 W ActivityManager: pid 1937 system sent binder code 2 with flags 1 to frozen apps and got error -32
02-04 20:10:01.694  1937  2026 D ActivityManager: Too many transaction errors, throttling freezer binder callback.
02-04 20:10:01.698  1937  2026 W ActivityManager: pid 1937 system sent binder code 2 with flags 1 to frozen apps and got error -32
02-04 20:10:01.698  1937  2026 D ActivityManager: Too many transaction errors, throttling freezer binder callback.
02-04 20:10:01.698  1937  2026 W ActivityManager: pid 1937 system sent binder code 2 with flags 1 to frozen apps and got error -32
02-04 20:10:01.698  1937  2026 D ActivityManager: Too many transaction errors, throttling freezer binder callback.
02-04 20:10:01.699  1937  2026 W ActivityManager: pid 1937 system sent binder code 2 with flags 1 to frozen apps and got error -32
02-04 20:10:01.699  1937  2026 D ActivityManager: Too many transaction errors, throttling freezer binder callback.
02-04 20:10:01.699  1937  4199 D NtMemoryManager: mIsHighPressureScene: false : com.whatsapp
02-04 20:10:01.699  1937  4199 D NtProcessManager: Top app: com.whatsapp
02-04 20:10:01.699  1937  4199 V NtGameModeImpl: onAppFocusChanged: pkg=com.whatsapp, uid=10224, category=4, launchMode= 1
02-04 20:10:01.699  1937  4199 D NtPopUpViewImpl: PopUpView: onAppFocusChanged: newTask=Task{e13ef68 #24395 type=standard A=10224:com.whatsapp}, showDimmer=false
02-04 20:10:01.699  1937  4199 D NtKafkaEventHelper: onActivityRecordChanged: info com.whatsapp:10224:11310
02-04 20:10:01.702  1937  4199 W WindowManager: Changing focus from Window{5c18e04 u0 com.whatsapp/com.whatsapp.mediacomposer.ui.app.MediaComposerActivity} to Window{390b243 u0 com.whatsapp/com.whatsapp.camera.ui.CameraActivity} displayId=0 Callers=com.android.server.wm.RootWindowContainer.updateFocusedWindowLocked:494 com.android.server.wm.WindowManagerService.updateFocusedWindowLocked:6812 com.android.server.wm.ActivityTaskManagerService.setLastResumedActivityUncheckLocked:5261 com.android.server.wm.ActivityTaskSupervisor.updateTopResumedActivityIfNeeded:2419 
02-04 20:10:01.704  1937  2311 D BackgroundInstallControlService: Package event received: 0
02-04 20:10:01.706  1937  4280 W AutofillManagerServiceImpl: getFillEventHistory() called by UID 10121, but service UID is 10131
02-04 20:10:01.710  1937  4199 D WindowManager: [SG_DEBUG]Clear [finished]SyncGroup{id=9861 name=Transition-CLOSE} on ActivityRecord{72173075 u0 com.whatsapp/.mediacomposer.ui.app.MediaComposerActivity t24395 f}}
02-04 20:10:01.713  1937  4199 D BLASTSyncEngine: [DH_DEBUG]remove timeout #9861 callback=com.android.server.wm.BLASTSyncEngine$SyncGroup$$ExternalSyntheticLambda2@836f582
02-04 20:10:01.713  2464  2593 V WindowManagerShell: onTransitionReady(transaction=8319352237689)
02-04 20:10:01.713  2464  2553 V WindowManagerShell: onTransitionReady (#9861) android.os.BinderProxy@2dcdef2: {id=9861 t=CLOSE f=0x0 trk=0 r=[0@Point(0, 0)] c=[
02-04 20:10:01.713  2464  2553 V WindowManagerShell:         {m=CLOSE f=TRANSLUCENT|FILLS_TASK leash=Surface(name=ActivityRecord{72173075 u0 com.whatsapp/.mediacomposer.ui.app.MediaComposerActivity t24395})/@0x524d943 sb=Rect(0, 0 - 1084, 2412) eb=Rect(0, 0 - 1084, 2412) epz=Point(1084, 2412) d=0 component=com.whatsapp/.mediacomposer.ui.app.MediaComposerActivity opt={t=CUSTOM enterResId=0 changeResId=0 exitResId=17432577 mUserId=0} ntPopUpView={mIsTryEnterWindowingMode=false mIsEnterWindowingModeLandscape=false mIsChangingWindowformBounds=false mStartPos=Point(0, 0) mEndPos=Point(0, 0) mStartScale=0.0 mEndScale=0.0 mStartCornerRadius=0.0 mEndCornerRadius=0.0 mAppBounds=Rect(0, 0 - 0, 0) mWindowCrop=Rect(0, 0 - 0, 0) mStartDragOrChangingBounds=Rect(0, 0 - 0, 0) mEndDragOrChangingBounds=Rect(0, 0 - 0, 0) mBottomLeftCornerLeash=null mBottomRightCornerLeash=null mDragBarLeash=null mCornerHintSize=0x0 mDragBarSize=0x0}}
02-04 20:10:01.713  2464  2553 V WindowManagerShell:     ]}
02-04 20:10:01.713  2464  2553 V WindowManagerShell: Playing animation for (#9861) android.os.BinderProxy@2dcdef2@0
02-04 20:10:01.713  2464  2553 V ShellRecents: RecentsTransitionHandler.startAnimation: no controller found
02-04 20:10:01.713  2464  2553 V WindowManagerShell: Transition doesn't have explicit remote, search filters for match for {id=9861 t=CLOSE f=0x0 trk=0 r=[0@Point(0, 0)] c=[{m=CLOSE f=TRANSLUCENT|FILLS_TASK leash=Surface(name=ActivityRecord{72173075 u0 com.whatsapp/.mediacomposer.ui.app.MediaComposerActivity t24395})/@0x524d943 sb=Rect(0, 0 - 1084, 2412) eb=Rect(0, 0 - 1084, 2412) epz=Point(1084, 2412) d=0 component=com.whatsapp/.mediacomposer.ui.app.MediaComposerActivity opt={t=CUSTOM enterResId=0 changeResId=0 exitResId=17432577 mUserId=0} ntPopUpView={mIsTryEnterWindowingMode=false mIsEnterWindowingModeLandscape=false mIsChangingWindowformBounds=false mStartPos=Point(0, 0) mEndPos=Point(0, 0) mStartScale=0.0 mEndScale=0.0 mStartCornerRadius=0.0 mEndCornerRadius=0.0 mAppBounds=Rect(0, 0 - 0, 0) mWindowCrop=Rect(0, 0 - 0, 0) mStartDragOrChangingBounds=Rect(0, 0 - 0, 0) mEndDragOrChangingBounds=Rect(0, 0 - 0, 0) mBottomLeftCornerLeash=null mBottomRightCornerLeash=null mDragBarLeash=null mCornerHintSize=0x0 mDragBarSize=0x0}}]}
02-04 20:10:01.713  2464  2553 V WindowManagerShell:  Checking filter Pair{{types=[] flags=0x0] notFlags=0x100 checks=[{atype=home independent=true modes=[OPEN,TO_FRONT] flags=NONE mustBeTask=false order=TOP topActivity=ComponentInfo{com.nothing.launcher/com.android.searchlauncher.SearchLauncher} launchCookie=null windowingMode=undefined},{atype=standard independent=true modes=[CLOSE,TO_BACK] flags=NONE mustBeTask=false order=ANY topActivity=null launchCookie=null windowingMode=undefined},{NOT atype=undefined independent=true modes=[] flags=NONE mustBeTask=true order=ANY topActivity=null launchCookie=null customAnim=true windowingMode=undefined}]} RemoteTransition { remoteTransition = android.window.IRemoteTransition$Stub$Proxy@e2a1b68, appThread = android.app.IApplicationThread$Stub$Proxy@6b78b81, debugName = QuickstepLaunchHome }}
02-04 20:10:01.713  2464  2553 V WindowManagerShell:  Checking filter Pair{{types=[] flags=0x0] notFlags=0x100 checks=[{atype=standard independent=true modes=[CLOSE,TO_BACK] flags=TRANSLUCENT mustBeTask=false order=ANY topActivity=null launchCookie=null windowingMode=undefined}]} RemoteTransition { remoteTransition = android.window.IRemoteTransition$Stub$Proxy@b742288, appThread = android.app.IApplicationThread$Stub$Proxy@285421, debugName = QuickstepLaunchHome_OpenTransluent }}
02-04 20:10:01.713  2464  2553 V WindowManagerShell:  Delegate animation for (#9861) to null
02-04 20:10:01.713  2464  2553 V WindowManagerShell: start default transition animation, info = {id=9861 t=CLOSE f=0x0 trk=0 r=[0@Point(0, 0)] c=[{m=CLOSE f=TRANSLUCENT|FILLS_TASK leash=Surface(name=ActivityRecord{72173075 u0 com.whatsapp/.mediacomposer.ui.app.MediaComposerActivity t24395})/@0x524d943 sb=Rect(0, 0 - 1084, 2412) eb=Rect(0, 0 - 1084, 2412) epz=Point(1084, 2412) d=0 component=com.whatsapp/.mediacomposer.ui.app.MediaComposerActivity opt={t=CUSTOM enterResId=0 changeResId=0 exitResId=17432577 mUserId=0} ntPopUpView={mIsTryEnterWindowingMode=false mIsEnterWindowingModeLandscape=false mIsChangingWindowformBounds=false mStartPos=Point(0, 0) mEndPos=Point(0, 0) mStartScale=0.0 mEndScale=0.0 mStartCornerRadius=0.0 mEndCornerRadius=0.0 mAppBounds=Rect(0, 0 - 0, 0) mWindowCrop=Rect(0, 0 - 0, 0) mStartDragOrChangingBounds=Rect(0, 0 - 0, 0) mEndDragOrChangingBounds=Rect(0, 0 - 0, 0) mBottomLeftCornerLeash=null mBottomRightCornerLeash=null mDragBarLeash=null mCornerHintSize=0x0 mDragBarSize=0x0}}]}
02-04 20:10:01.713  1937  1960 V WindowManager: Sent Transition (#9861) createdAt=02-04 20:10:01.676 via request=TransitionRequestInfo { type = CLOSE, triggerTask = null, pipChange = null, remoteTransition = null, displayChange = null, flags = 0, debugId = 9861 }
02-04 20:10:01.713  1937  1960 V WindowManager:     startWCT=WindowContainerTransaction { changes= {} hops= [] errorCallbackToken=null taskFragmentOrganizer=null }
02-04 20:10:01.714  1937  1960 V WindowManager:     info={id=9861 t=CLOSE f=0x0 trk=0 r=[0@Point(0, 0)] c=[
02-04 20:10:01.714  1937  1960 V WindowManager:         {m=CLOSE f=TRANSLUCENT|FILLS_TASK leash=Surface(name=ActivityRecord{72173075 u0 com.whatsapp/.mediacomposer.ui.app.MediaComposerActivity t24395})/@0xd691fa5 sb=Rect(0, 0 - 1084, 2412) eb=Rect(0, 0 - 1084, 2412) epz=Point(1084, 2412) d=0 component=com.whatsapp/.mediacomposer.ui.app.MediaComposerActivity opt={t=CUSTOM enterResId=0 changeResId=0 exitResId=17432577 mUserId=0} ntPopUpView={mIsTryEnterWindowingMode=false mIsEnterWindowingModeLandscape=false mIsChangingWindowformBounds=false mStartPos=Point(0, 0) mEndPos=Point(0, 0) mStartScale=0.0 mEndScale=0.0 mStartCornerRadius=0.0 mEndCornerRadius=0.0 mAppBounds=Rect(0, 0 - 0, 0) mWindowCrop=Rect(0, 0 - 0, 0) mStartDragOrChangingBounds=Rect(0, 0 - 0, 0) mEndDragOrChangingBounds=Rect(0, 0 - 0, 0) mBottomLeftCornerLeash=null mBottomRightCornerLeash=null mDragBarLeash=null mCornerHintSize=0x0 mDragBarSize=0x0}}
02-04 20:10:01.714  1937  1960 V WindowManager:     ]}
02-04 20:10:01.717  2464  2553 V WindowManagerShell:  animated by com.android.wm.shell.transition.DefaultTransitionHandler@b4ccf06
02-04 20:10:01.718  1937  4280 D BLASTSyncEngine: [DH_DEBUG]scheduleTimeout #9862 success=true timeoutMs=5000 callback=com.android.server.wm.BLASTSyncEngine$SyncGroup$$ExternalSyntheticLambda2@809684a
02-04 20:10:01.720  1937  2311 D BackgroundInstallControlService: Package event received: 0
02-04 20:10:01.720  1937  2311 D BackgroundInstallControlService: Package event received: 0
02-04 20:10:01.720  1937  4280 D WindowManager: [SG_DEBUG]Set SyncGroup{id=9862 name=Transition-CLOSE} on ActivityRecord{88662043 u0 com.whatsapp/.camera.ui.CameraActivity t24395 f}}
02-04 20:10:01.720  1937  4280 D NtAppUsageManager: Duration is too short, ignore : 21 in com.whatsapp
02-04 20:10:01.721  2464  2553 V WindowManagerShell: Transition requested (#9862): android.os.BinderProxy@731c69f TransitionRequestInfo { type = CLOSE, triggerTask = null, pipChange = null, remoteTransition = null, displayChange = null, flags = 0, debugId = 9862 }
02-04 20:10:01.723  1937  2679 D NtBoostAdjusterImpl: threadPriorityBoost: pid = 1964, duration = 500
02-04 20:10:01.723  1937  2679 D NtBoostAdjusterImpl: tryBoostThreadPriority: pid = 1964, counting = 2
02-04 20:10:01.729  1937  1963 I DisplayDeviceRepository: Display device changed render timings: "Built-in Screen", renderFrameRate=120.00001, presentationDeadlineNanos=13300000, appVsyncOffsetNanos=1099999, frameRateOverrides=[]
02-04 20:10:01.732  1937  1961 D WindowManager: DeferredDisplayUpdater: partially applying DisplayInfo(1084 x 2412) immediately
02-04 20:10:01.733  1937  4280 W ActivityTaskManager: Duplicate finish request for r=ActivityRecord{88662043 u0 com.whatsapp/.camera.ui.CameraActivity t24395 f}}
02-04 20:10:01.734  1937  2679 D NtBoostAdjusterImpl: threadPriorityBoost: pid = 13556, duration = 500
02-04 20:10:01.734  1937  2679 D NtBoostAdjusterImpl: tryBoostThreadPriority: pid = 13556, counting = 2
02-04 20:10:01.743  1937  1963 D NtPerfTraceManagerImpl: packageName = com.whatsapp, taskId = 24395
02-04 20:10:01.745  1937  2748 D NtMemoryManager: mIsHighPressureScene: false : com.whatsapp
02-04 20:10:01.745  1937  2748 D NtProcessManager: Top app: com.whatsapp
02-04 20:10:01.745  1937  2311 D BackgroundInstallControlService: Package event received: 0
02-04 20:10:01.746  1937  2748 V NtGameModeImpl: onAppFocusChanged: pkg=com.whatsapp, uid=10224, category=4, launchMode= 1
02-04 20:10:01.746  1937  2748 D NtPopUpViewImpl: PopUpView: onAppFocusChanged: newTask=Task{e13ef68 #24395 type=standard A=10224:com.whatsapp}, showDimmer=false
02-04 20:10:01.746  1937  2748 D NtKafkaEventHelper: onActivityRecordChanged: info com.whatsapp:10224:11310
02-04 20:10:01.747  1937  2748 W WindowManager: Changing focus from Window{390b243 u0 com.whatsapp/com.whatsapp.camera.ui.CameraActivity} to Window{3140828 u0 com.whatsapp/com.whatsapp.Conversation} displayId=0 Callers=com.android.server.wm.RootWindowContainer.updateFocusedWindowLocked:494 com.android.server.wm.WindowManagerService.updateFocusedWindowLocked:6812 com.android.server.wm.ActivityTaskManagerService.setLastResumedActivityUncheckLocked:5261 com.android.server.wm.ActivityTaskSupervisor.updateTopResumedActivityIfNeeded:2419 
02-04 20:10:01.747  1937  4301 W AutofillManagerServiceImpl: getFillEventHistory() called by UID 10121, but service UID is 10131
02-04 20:10:01.752  1937  2311 D BackgroundInstallControlService: Package event received: 0
02-04 20:10:01.752  1937  2311 D BackgroundInstallControlService: Package event received: 0
02-04 20:10:01.758  1937  2748 D WindowManager: [SG_DEBUG]Clear [finished]SyncGroup{id=9862 name=Transition-CLOSE} on ActivityRecord{88662043 u0 com.whatsapp/.camera.ui.CameraActivity t24395 f}}
02-04 20:10:01.761  1937  2748 D BLASTSyncEngine: [DH_DEBUG]remove timeout #9862 callback=com.android.server.wm.BLASTSyncEngine$SyncGroup$$ExternalSyntheticLambda2@809684a
02-04 20:10:01.761  1937  1960 V WindowManager: Sent Transition (#9862) createdAt=02-04 20:10:01.718 via request=TransitionRequestInfo { type = CLOSE, triggerTask = null, pipChange = null, remoteTransition = null, displayChange = null, flags = 0, debugId = 9862 }
02-04 20:10:01.761  1937  1960 V WindowManager:     startWCT=WindowContainerTransaction { changes= {} hops= [] errorCallbackToken=null taskFragmentOrganizer=null }
02-04 20:10:01.761  1937  1960 V WindowManager:     info={id=9862 t=CLOSE f=0x0 trk=0 r=[0@Point(0, 0)] c=[
02-04 20:10:01.761  1937  1960 V WindowManager:         {m=CLOSE f=TRANSLUCENT|FILLS_TASK leash=Surface(name=ActivityRecord{88662043 u0 com.whatsapp/.camera.ui.CameraActivity t24395})/@0x9876984 sb=Rect(0, 0 - 1084, 2412) eb=Rect(0, 0 - 1084, 2412) epz=Point(1084, 2412) d=0 bc=ff303030 component=com.whatsapp/.camera.ui.CameraActivity opt={t=FROM_STYLE mUserId=0} ntPopUpView={mIsTryEnterWindowingMode=false mIsEnterWindowingModeLandscape=false mIsChangingWindowformBounds=false mStartPos=Point(0, 0) mEndPos=Point(0, 0) mStartScale=0.0 mEndScale=0.0 mStartCornerRadius=0.0 mEndCornerRadius=0.0 mAppBounds=Rect(0, 0 - 0, 0) mWindowCrop=Rect(0, 0 - 0, 0) mStartDragOrChangingBounds=Rect(0, 0 - 0, 0) mEndDragOrChangingBounds=Rect(0, 0 - 0, 0) mBottomLeftCornerLeash=null mBottomRightCornerLeash=null mDragBarLeash=null mCornerHintSize=0x0 mDragBarSize=0x0}}
02-04 20:10:01.761  1937  1960 V WindowManager:     ]}
02-04 20:10:01.761  2464  2842 V WindowManagerShell: onTransitionReady(transaction=8319352237697)
02-04 20:10:01.762  2464  2553 V WindowManagerShell: onTransitionReady (#9862) android.os.BinderProxy@731c69f: {id=9862 t=CLOSE f=0x0 trk=0 r=[0@Point(0, 0)] c=[
02-04 20:10:01.762  2464  2553 V WindowManagerShell:         {m=CLOSE f=TRANSLUCENT|FILLS_TASK leash=Surface(name=ActivityRecord{88662043 u0 com.whatsapp/.camera.ui.CameraActivity t24395})/@0x76033b5 sb=Rect(0, 0 - 1084, 2412) eb=Rect(0, 0 - 1084, 2412) epz=Point(1084, 2412) d=0 bc=ff303030 component=com.whatsapp/.camera.ui.CameraActivity opt={t=FROM_STYLE mUserId=0} ntPopUpView={mIsTryEnterWindowingMode=false mIsEnterWindowingModeLandscape=false mIsChangingWindowformBounds=false mStartPos=Point(0, 0) mEndPos=Point(0, 0) mStartScale=0.0 mEndScale=0.0 mStartCornerRadius=0.0 mEndCornerRadius=0.0 mAppBounds=Rect(0, 0 - 0, 0) mWindowCrop=Rect(0, 0 - 0, 0) mStartDragOrChangingBounds=Rect(0, 0 - 0, 0) mEndDragOrChangingBounds=Rect(0, 0 - 0, 0) mBottomLeftCornerLeash=null mBottomRightCornerLeash=null mDragBarLeash=null mCornerHintSize=0x0 mDragBarSize=0x0}}
02-04 20:10:01.762  2464  2553 V WindowManagerShell:     ]}
02-04 20:10:01.762  2464  2553 V WindowManagerShell: Transition (#9862) android.os.BinderProxy@731c69f@0 ready while (#9861) android.os.BinderProxy@2dcdef2@0 is still animating. Notify the animating transition in case they can be merged
02-04 20:10:01.773  1937  1963 D NtPerfTraceManagerImpl: packageName = com.whatsapp, taskId = 24395
02-04 20:10:01.775  2464  2553 V WindowManagerShell: Transition animation finished (aborted=false), notifying core (#9861) android.os.BinderProxy@2dcdef2@0
02-04 20:10:01.777  2464  2553 V WindowManagerShell: Playing animation for (#9862) android.os.BinderProxy@731c69f@0
02-04 20:10:01.777  1937  1960 V WindowManager: Finish Transition (#9861): created at 02-04 20:10:01.676 collect-started=0.066ms request-sent=0.155ms started=14.402ms ready=33.798ms sent=36.172ms commit=18.291ms finished=99.325ms
02-04 20:10:01.777  2464  2553 V ShellRecents: RecentsTransitionHandler.startAnimation: no controller found
02-04 20:10:01.777  2464  2553 V WindowManagerShell: Transition doesn't have explicit remote, search filters for match for {id=9862 t=CLOSE f=0x0 trk=0 r=[0@Point(0, 0)] c=[{m=CLOSE f=TRANSLUCENT|FILLS_TASK leash=Surface(name=ActivityRecord{88662043 u0 com.whatsapp/.camera.ui.CameraActivity t24395})/@0x76033b5 sb=Rect(0, 0 - 1084, 2412) eb=Rect(0, 0 - 1084, 2412) epz=Point(1084, 2412) d=0 bc=ff303030 component=com.whatsapp/.camera.ui.CameraActivity opt={t=FROM_STYLE mUserId=0} ntPopUpView={mIsTryEnterWindowingMode=false mIsEnterWindowingModeLandscape=false mIsChangingWindowformBounds=false mStartPos=Point(0, 0) mEndPos=Point(0, 0) mStartScale=0.0 mEndScale=0.0 mStartCornerRadius=0.0 mEndCornerRadius=0.0 mAppBounds=Rect(0, 0 - 0, 0) mWindowCrop=Rect(0, 0 - 0, 0) mStartDragOrChangingBounds=Rect(0, 0 - 0, 0) mEndDragOrChangingBounds=Rect(0, 0 - 0, 0) mBottomLeftCornerLeash=null mBottomRightCornerLeash=null mDragBarLeash=null mCornerHintSize=0x0 mDragBarSize=0x0}}]}
02-04 20:10:01.777  2464  2553 V WindowManagerShell:  Checking filter Pair{{types=[] flags=0x0] notFlags=0x100 checks=[{atype=home independent=true modes=[OPEN,TO_FRONT] flags=NONE mustBeTask=false order=TOP topActivity=ComponentInfo{com.nothing.launcher/com.android.searchlauncher.SearchLauncher} launchCookie=null windowingMode=undefined},{atype=standard independent=true modes=[CLOSE,TO_BACK] flags=NONE mustBeTask=false order=ANY topActivity=null launchCookie=null windowingMode=undefined},{NOT atype=undefined independent=true modes=[] flags=NONE mustBeTask=true order=ANY topActivity=null launchCookie=null customAnim=true windowingMode=undefined}]} RemoteTransition { remoteTransition = android.window.IRemoteTransition$Stub$Proxy@e2a1b68, appThread = android.app.IApplicationThread$Stub$Proxy@6b78b81, debugName = QuickstepLaunchHome }}
02-04 20:10:01.778  2464  2553 V WindowManagerShell:  Checking filter Pair{{types=[] flags=0x0] notFlags=0x100 checks=[{atype=standard independent=true modes=[CLOSE,TO_BACK] flags=TRANSLUCENT mustBeTask=false order=ANY topActivity=null launchCookie=null windowingMode=undefined}]} RemoteTransition { remoteTransition = android.window.IRemoteTransition$Stub$Proxy@b742288, appThread = android.app.IApplicationThread$Stub$Proxy@285421, debugName = QuickstepLaunchHome_OpenTransluent }}
02-04 20:10:01.778  2464  2553 V WindowManagerShell:  Delegate animation for (#9862) to null
02-04 20:10:01.778  2464  2553 V WindowManagerShell: start default transition animation, info = {id=9862 t=CLOSE f=0x0 trk=0 r=[0@Point(0, 0)] c=[{m=CLOSE f=TRANSLUCENT|FILLS_TASK leash=Surface(name=ActivityRecord{88662043 u0 com.whatsapp/.camera.ui.CameraActivity t24395})/@0x76033b5 sb=Rect(0, 0 - 1084, 2412) eb=Rect(0, 0 - 1084, 2412) epz=Point(1084, 2412) d=0 bc=ff303030 component=com.whatsapp/.camera.ui.CameraActivity opt={t=FROM_STYLE mUserId=0} ntPopUpView={mIsTryEnterWindowingMode=false mIsEnterWindowingModeLandscape=false mIsChangingWindowformBounds=false mStartPos=Point(0, 0) mEndPos=Point(0, 0) mStartScale=0.0 mEndScale=0.0 mStartCornerRadius=0.0 mEndCornerRadius=0.0 mAppBounds=Rect(0, 0 - 0, 0) mWindowCrop=Rect(0, 0 - 0, 0) mStartDragOrChangingBounds=Rect(0, 0 - 0, 0) mEndDragOrChangingBounds=Rect(0, 0 - 0, 0) mBottomLeftCornerLeash=null mBottomRightCornerLeash=null mDragBarLeash=null mCornerHintSize=0x0 mDragBarSize=0x0}}]}
02-04 20:10:01.779  2464  2553 V WindowManagerShell: loadAnimation: anim=android.view.animation.AnimationSet@362a2d8 animAttr=0x7 type=CLOSE isEntrance=false
02-04 20:10:01.779  2464  2553 V WindowManagerShell:  animated by com.android.wm.shell.transition.DefaultTransitionHandler@b4ccf06
02-04 20:10:01.784 11310 11310 D NtViewRootImpl: mPopUpViewOffsets: offset=(0.0, 0.0), scale=(1.0, 1.0)
02-04 20:10:01.791  1937  4199 W PackageConfigPersister: App-specific configuration not found for packageName: com.whatsapp and userId: 0
02-04 20:10:01.802  1937  4281 D CoreBackPreview: Window{5c18e04 u0 com.whatsapp/com.whatsapp.mediacomposer.ui.app.MediaComposerActivity}: Setting back callback null
02-04 20:10:01.808  1937  4301 D WindowManager: setParent old=ActivityRecord{72173075 u0 com.whatsapp/.mediacomposer.ui.app.MediaComposerActivity t24395 f}},new=null,this window=Window{5c18e04 u0 com.whatsapp/com.whatsapp.mediacomposer.ui.app.MediaComposerActivity},callers=com.android.server.wm.WindowContainer.removeChild:896 com.android.server.wm.ActivityRecord.removeChild:4597 com.android.server.wm.ActivityRecord.removeChild:403 com.android.server.wm.WindowContainer.removeImmediately:949 com.android.server.wm.WindowState.removeImmediately:2245 com.android.server.wm.WindowState.removeIfPossible:2434 
02-04 20:10:01.814  1937  4281 D WindowManager: setParent old=Task{e13ef68 #24395 type=standard A=10224:com.whatsapp},new=null,this window=ActivityRecord{72173075 u0 com.whatsapp/.mediacomposer.ui.app.MediaComposerActivity t24395 f}},callers=com.android.server.wm.WindowContainer.removeChild:896 com.android.server.wm.TaskFragment.removeChild:3280 com.android.server.wm.Task.removeChild:1569 com.android.server.wm.Task.removeChild:1552 com.android.server.wm.WindowContainer.removeImmediately:949 com.android.server.wm.WindowToken.removeImmediately:337 
02-04 20:10:01.816  1937  2311 D BackgroundInstallControlService: Package event received: 0
02-04 20:10:01.823  1937  1963 D ActivityManager: Skip Async freezing pid=11254 com.android.systemui:screenshot
02-04 20:10:02.035  2464  2553 V WindowManagerShell: Transition animation finished (aborted=false), notifying core (#9862) android.os.BinderProxy@731c69f@0
02-04 20:10:02.040  1937  1960 V WindowManager: Finish Transition (#9862): created at 02-04 20:10:01.718 collect-started=0.038ms request-sent=0.056ms started=13.849ms ready=38.225ms sent=42.031ms commit=25.03ms finished=319.105ms
02-04 20:10:02.041  2464  2553 V WindowManagerShell: Track 0 became idle
02-04 20:10:02.041  2464  2553 V WindowManagerShell: All active transition animations finished
02-04 20:10:02.046  1937  1963 D ActivityManager: Skip Async freezing pid=11254 com.android.systemui:screenshot
02-04 20:10:02.073  1937  1963 I DisplayDeviceRepository: Display device changed render timings: "Built-in Screen", renderFrameRate=90.0, presentationDeadlineNanos=17100000, appVsyncOffsetNanos=633333, frameRateOverrides=[]
02-04 20:10:02.076  1937  1961 D WindowManager: DeferredDisplayUpdater: partially applying DisplayInfo(1084 x 2412) immediately
02-04 20:10:02.079  1937  4280 D CoreBackPreview: Window{390b243 u0 com.whatsapp/com.whatsapp.camera.ui.CameraActivity}: Setting back callback null
02-04 20:10:02.082  1937  1953 D WindowManager: setParent old=ActivityRecord{88662043 u0 com.whatsapp/.camera.ui.CameraActivity t24395 f}},new=null,this window=Window{390b243 u0 com.whatsapp/com.whatsapp.camera.ui.CameraActivity},callers=com.android.server.wm.WindowContainer.removeChild:896 com.android.server.wm.ActivityRecord.removeChild:4597 com.android.server.wm.ActivityRecord.removeChild:403 com.android.server.wm.WindowContainer.removeImmediately:949 com.android.server.wm.WindowState.removeImmediately:2245 com.android.server.wm.WindowState.removeIfPossible:2434 
02-04 20:10:02.084  1937  1953 D WindowManager: setParent old=Task{e13ef68 #24395 type=standard A=10224:com.whatsapp},new=null,this window=ActivityRecord{88662043 u0 com.whatsapp/.camera.ui.CameraActivity t24395 f}},callers=com.android.server.wm.WindowContainer.removeChild:896 com.android.server.wm.TaskFragment.removeChild:3280 com.android.server.wm.Task.removeChild:1569 com.android.server.wm.Task.removeChild:1552 com.android.server.wm.WindowContainer.removeImmediately:949 com.android.server.wm.WindowToken.removeImmediately:337 
02-04 20:10:02.085  1937  2311 D BackgroundInstallControlService: Package event received: 0
02-04 20:10:02.184  1937  2679 D NtBoostAdjusterImpl: tryRestoreThreadPriority: pid = 1964, counting = 1
02-04 20:10:02.191  1937  2679 D NtBoostAdjusterImpl: tryRestoreThreadPriority: pid = 13556, counting = 1
02-04 20:10:02.223  1937  2679 D NtBoostAdjusterImpl: tryRestoreThreadPriority: pid = 1964, counting = 0
02-04 20:10:02.233  1937  2679 D NtBoostAdjusterImpl: tryRestoreThreadPriority: pid = 13556, counting = 0
02-04 20:10:02.569  1937  2164 D ActivityManager: freezing 11101 com.google.android.accessibility.switchaccess
02-04 20:10:02.877  1937  2164 D ActivityManager: freezing 11119 com.google.android.apps.safetyhub
02-04 20:10:03.101  1937  2164 D ActivityManager: freezing 11144 com.google.android.apps.wellbeing
02-04 20:10:03.508  1937  2164 D ActivityManager: freezing 11177 com.google.android.cellbroadcastreceiver
02-04 20:10:03.846  1937  4280 I WindowManager: Relayout Window{a50a7d5 u0 NTPrivacyIconTopRight}: oldVis=8 newVis=0 focusMayChange = true requestedWidth = 16 requestedHeight = 16 outFrames = ClientWindowFrames{frame=[1000,55][1016,71] display=[0,0][1084,2412] parentFrame=[0,0][0,0]} outSurfaceControl = Surface(name=NTPrivacyIconTopRight)/@0xb5cb63c
02-04 20:10:03.868  1937  1963 I DisplayDeviceRepository: Display device changed render timings: "Built-in Screen", renderFrameRate=120.00001, presentationDeadlineNanos=13300000, appVsyncOffsetNanos=1099999, frameRateOverrides=[]
02-04 20:10:03.870  1937  1961 D WindowManager: DeferredDisplayUpdater: partially applying DisplayInfo(1084 x 2412) immediately
02-04 20:10:04.738  1937  2164 D ActivityManager: freezing 11239 com.google.android.healthconnect.controller
02-04 20:10:04.987  1937  2164 D ActivityManager: freezing 11255 com.google.android.marvin.talkback
02-04 20:10:05.055  1937  1963 I DisplayDeviceRepository: Display device changed render timings: "Built-in Screen", renderFrameRate=90.0, presentationDeadlineNanos=17100000, appVsyncOffsetNanos=633333, frameRateOverrides=[]
02-04 20:10:05.057  1937  1961 D WindowManager: DeferredDisplayUpdater: partially applying DisplayInfo(1084 x 2412) immediately
02-04 20:10:05.207  1937  2164 D ActivityManager: freezing 11285 com.google.android.permissioncontroller
02-04 20:10:05.319  1937  2164 D ActivityManager: freezing 11191 com.google.android.gms.ui
02-04 20:10:05.334  1937  4181 E TaskPersister: File error accessing recents directory (directory doesn't exist?).
02-04 20:10:05.495  1937  2164 D ActivityManager: freezing 11445 com.google.android.projection.gearhead:shared
02-04 20:10:05.497  1937  2164 D ActivityManager: freezing 11346 com.google.android.projection.gearhead:projection
02-04 20:10:05.717  1937  2751 D Dragonite: acquire handle 5
02-04 20:10:05.717  1937  2159 D Dragonite: sceneId = 102, pid = 2464, packageName = com.android.systemui, duration = 5000, params = null
02-04 20:10:05.722  1937  1953 D Dragonite: acquire handle 6
02-04 20:10:05.722  1937  2159 D Dragonite: sceneId = 100, pid = 2464, packageName = com.android.systemui, duration = 0, params = null
02-04 20:10:05.727  1937  3728 D CoreBackPreview: Window{4ac65b8 u0 NotificationShade}: Setting back callback OnBackInvokedCallbackInfo{mCallback=android.window.IOnBackInvokedCallback$Stub$Proxy@278d0ca, mPriority=0, mIsAnimationCallback=false, mOverrideBehavior=0}
02-04 20:10:05.727  1937  2037 D OomAdjuster: set group = 5
02-04 20:10:05.727  1937  2037 D OomAdjuster: set cpuset: 5
02-04 20:10:05.750  1937  3728 I WindowManager: Relayout Window{4ac65b8 u0 NotificationShade}: oldVis=4 newVis=0 focusMayChange = true requestedWidth = 1084 requestedHeight = 2412 outFrames = ClientWindowFrames{frame=[0,0][1084,2412] display=[0,0][1084,2412] parentFrame=[0,0][0,0]} outSurfaceControl = Surface(name=NotificationShade)/@0xe8cf4ed
02-04 20:10:05.769  1937  1963 I DisplayDeviceRepository: Display device changed render timings: "Built-in Screen", renderFrameRate=120.00001, presentationDeadlineNanos=13300000, appVsyncOffsetNanos=1099999, frameRateOverrides=[]
02-04 20:10:05.770  1937  1961 D WindowManager: DeferredDisplayUpdater: partially applying DisplayInfo(1084 x 2412) immediately
02-04 20:10:05.800  1937  1953 W WindowManager: Changing focus from Window{3140828 u0 com.whatsapp/com.whatsapp.Conversation} to Window{4ac65b8 u0 NotificationShade} displayId=0 Callers=com.android.server.wm.RootWindowContainer.updateFocusedWindowLocked:494 com.android.server.wm.WindowManagerService.updateFocusedWindowLocked:6812 com.android.server.wm.WindowManagerService.relayoutWindow:2786 com.android.server.wm.Session.relayout:288 
02-04 20:10:05.818  1937  1953 V Configuration: Updating configuration, locales updated from [en_GB_#u-fw-mon-mu-celsius,cs_CZ_#u-fw-mon-mu-celsius] to [en_GB_#u-fw-mon-mu-celsius]
02-04 20:10:05.819  1937  1953 V Resources: Updating configuration, with default locale en-US and selected locales [en-GB-u-fw-mon-mu-celsius]
02-04 20:10:05.827  1937  4199 D SystemServerTiming: getUserSwitchability-0
02-04 20:10:05.827  1937  2751 D SystemServerTiming: getUserSwitchability-0
02-04 20:10:05.827  1937  2751 D SystemServerTiming: TM.isInCall
02-04 20:10:05.828  1937  2164 D ActivityManager: freezing 11409 com.nothing.essentialintelligence
02-04 20:10:05.828  1937  4199 D SystemServerTiming: TM.isInCall
02-04 20:10:05.828  1937  1963 D NtPerfTraceManagerImpl: packageName = null, taskId = -1
02-04 20:10:05.828  1937  4199 D SystemServerTiming: hasUserRestriction-DISALLOW_USER_SWITCH
02-04 20:10:05.828  1937  4199 D SystemServerTiming: getInt-ALLOW_USER_SWITCHING_WHEN_SYSTEM_USER_LOCKED
02-04 20:10:05.828  1937  4199 D SystemServerTiming: isUserUnlocked-USER_SYSTEM
02-04 20:10:05.829  1937  2751 D SystemServerTiming: hasUserRestriction-DISALLOW_USER_SWITCH
02-04 20:10:05.829  1937  2751 D SystemServerTiming: getInt-ALLOW_USER_SWITCHING_WHEN_SYSTEM_USER_LOCKED
02-04 20:10:05.829  1937  2751 D SystemServerTiming: isUserUnlocked-USER_SYSTEM
02-04 20:10:05.839  2464  2464 D NtViewRootImpl: mPopUpViewOffsets: offset=(0.0, 0.0), scale=(1.0, 1.0)
02-04 20:10:05.864  1937  2311 D BackgroundInstallControlService: Package event received: 0
02-04 20:10:05.925  1937  1963 D OomAdjuster: process : com.whatsapp, pid = 11310, isTop = false, uid = 10224, hasActivity = true
02-04 20:10:05.925  1937  1963 D OomAdjuster: previous schedule group is top, not need limit!
02-04 20:10:06.140  1937  2311 D BackgroundInstallControlService: Package event received: 0
02-04 20:10:06.188  1937  2026 W ActivityManager: pid 1937 system sent binder code 2 with flags 1 to frozen apps and got error -32
02-04 20:10:06.188  1937  2026 D ActivityManager: Too many transaction errors, throttling freezer binder callback.
02-04 20:10:06.188  1937  2026 W ActivityManager: pid 1937 system sent binder code 2 with flags 1 to frozen apps and got error -32
02-04 20:10:06.188  1937  2026 D ActivityManager: Too many transaction errors, throttling freezer binder callback.
02-04 20:10:06.282  1937  2026 W ActivityManager: pid 1937 system sent binder code 2 with flags 1 to frozen apps and got error -32
02-04 20:10:06.283  1937  2026 D ActivityManager: Too many transaction errors, throttling freezer binder callback.
02-04 20:10:06.284  1937  2026 W ActivityManager: pid 1937 system sent binder code 2 with flags 1 to frozen apps and got error -32
02-04 20:10:06.284  1937  2026 D ActivityManager: Too many transaction errors, throttling freezer binder callback.
02-04 20:10:06.288  1937  2026 W ActivityManager: pid 1937 system sent binder code 2 with flags 1 to frozen apps and got error -32
02-04 20:10:06.288  1937  2026 D ActivityManager: Too many transaction errors, throttling freezer binder callback.
02-04 20:10:06.289  1937  2026 W ActivityManager: pid 1937 system sent binder code 2 with flags 1 to frozen apps and got error -32
02-04 20:10:06.289  1937  2026 D ActivityManager: Too many transaction errors, throttling freezer binder callback.
02-04 20:10:06.324  1937  2164 D ActivityManager: freezing 11484 com.nothing.userguide
02-04 20:10:06.328  1937  2026 W ActivityManager: pid 1937 system sent binder code 2 with flags 1 to frozen apps and got error -32
02-04 20:10:06.328  1937  2026 D ActivityManager: Too many transaction errors, throttling freezer binder callback.
02-04 20:10:06.329  1937  2026 W ActivityManager: pid 1937 system sent binder code 2 with flags 1 to frozen apps and got error -32
02-04 20:10:06.329  1937  2026 D ActivityManager: Too many transaction errors, throttling freezer binder callback.
02-04 20:10:06.330  1937  2164 D ActivityManager: freezing 11580 com.android.vending
02-04 20:10:06.947  1937  2164 D ActivityManager: freezing 11517 com.nothing.ntscreenshot
02-04 20:10:07.798  1937  4281 D Dragonite: release 6
02-04 20:10:07.798  1937  2159 D Dragonite: sceneId = 102, pid = 2464, packageName = com.android.systemui, duration = 5000, params = null
02-04 20:10:07.812  1937  4281 W WindowManager: Changing focus from Window{4ac65b8 u0 NotificationShade} to Window{3140828 u0 com.whatsapp/com.whatsapp.Conversation} displayId=0 Callers=com.android.server.wm.RootWindowContainer.updateFocusedWindowLocked:494 com.android.server.wm.WindowManagerService.updateFocusedWindowLocked:6812 com.android.server.wm.WindowManagerService.relayoutWindow:2786 com.android.server.wm.Session.relayout:288 
02-04 20:10:07.819  1937  4281 D CoreBackPreview: Window{4ac65b8 u0 NotificationShade}: Setting back callback null
02-04 20:10:07.820  1937  2751 D OomAdjuster: process : com.android.systemui, pid = 2464, isTop = false, uid = 10185, hasActivity = false
02-04 20:10:07.820  1937  2751 D OomAdjuster: system app not need limit!
02-04 20:10:07.820  1937  2037 D OomAdjuster: set group = -1
02-04 20:10:07.820  1937  2037 D OomAdjuster: set cpuset: -1
02-04 20:10:07.828  1937  1963 D NtPerfTraceManagerImpl: packageName = com.whatsapp, taskId = 24395
02-04 20:10:07.831 11310 11310 D NtViewRootImpl: mPopUpViewOffsets: offset=(0.0, 0.0), scale=(1.0, 1.0)
02-04 20:10:07.846  1937  1963 I DisplayDeviceRepository: Display device changed render timings: "Built-in Screen", renderFrameRate=90.0, presentationDeadlineNanos=17100000, appVsyncOffsetNanos=633333, frameRateOverrides=[]
02-04 20:10:07.853  1937  1961 D WindowManager: DeferredDisplayUpdater: partially applying DisplayInfo(1084 x 2412) immediately
02-04 20:10:07.963  1937  2026 W ActivityManager: pid 1937 system sent binder code 2 with flags 1 to frozen apps and got error -32
02-04 20:10:07.963  1937  2026 D ActivityManager: Too many transaction errors, throttling freezer binder callback.
02-04 20:10:07.963  1937  2026 W ActivityManager: pid 1937 system sent binder code 2 with flags 1 to frozen apps and got error -32
02-04 20:10:07.963  1937  2026 D ActivityManager: Too many transaction errors, throttling freezer binder callback.
02-04 20:10:07.963  1937  2026 W ActivityManager: pid 1937 system sent binder code 2 with flags 1 to frozen apps and got error -32
02-04 20:10:07.963  1937  2026 D ActivityManager: Too many transaction errors, throttling freezer binder callback.
02-04 20:10:07.963  1937  2026 W ActivityManager: pid 1937 system sent binder code 2 with flags 1 to frozen apps and got error -32
02-04 20:10:07.963  1937  2026 D ActivityManager: Too many transaction errors, throttling freezer binder callback.
02-04 20:10:07.970  1937  2026 W ActivityManager: pid 1937 system sent binder code 2 with flags 1 to frozen apps and got error -32
02-04 20:10:07.970  1937  2026 D ActivityManager: Too many transaction errors, throttling freezer binder callback.
02-04 20:10:07.970  1937  2026 W ActivityManager: pid 1937 system sent binder code 2 with flags 1 to frozen apps and got error -32
02-04 20:10:07.970  1937  2026 D ActivityManager: Too many transaction errors, throttling freezer binder callback.
02-04 20:10:07.970  1937  2026 W ActivityManager: pid 1937 system sent binder code 2 with flags 1 to frozen apps and got error -32
02-04 20:10:07.970  1937  2026 D ActivityManager: Too many transaction errors, throttling freezer binder callback.
02-04 20:10:07.982  1937  2026 W ActivityManager: pid 1937 system sent binder code 2 with flags 1 to frozen apps and got error -32
02-04 20:10:07.982  1937  2026 D ActivityManager: Too many transaction errors, throttling freezer binder callback.
02-04 20:10:07.983  1937  2026 W ActivityManager: pid 1937 system sent binder code 2 with flags 1 to frozen apps and got error -32
02-04 20:10:07.983  1937  2026 D ActivityManager: Too many transaction errors, throttling freezer binder callback.
02-04 20:10:07.983  1937  2026 W ActivityManager: pid 1937 system sent binder code 2 with flags 1 to frozen apps and got error -32
02-04 20:10:07.983  1937  2026 D ActivityManager: Too many transaction errors, throttling freezer binder callback.
02-04 20:10:07.983  1937  2026 W ActivityManager: pid 1937 system sent binder code 2 with flags 1 to frozen apps and got error -32
02-04 20:10:07.983  1937  2026 D ActivityManager: Too many transaction errors, throttling freezer binder callback.
02-04 20:10:08.161  1937  4280 D CoreBackPreview: startBackNavigation currentTask=Task{e13ef68 #24395 type=standard A=10224:com.whatsapp}, topRunningActivity=ActivityRecord{222772351 u0 com.whatsapp/.Conversation t24395}, callbackInfo=OnBackInvokedCallbackInfo{mCallback=android.window.IOnBackInvokedCallback$Stub$Proxy@d4b7ee6, mPriority=0, mIsAnimationCallback=false, mOverrideBehavior=0}, currentFocus=Window{3140828 u0 com.whatsapp/com.whatsapp.Conversation}
02-04 20:10:08.162  2464  2553 D ShellBackPreview: Received backNavigationInfo:BackNavigationInfo{mType=TYPE_CALLBACK (4), mOnBackNavigationDone=android.os.RemoteCallback@a580e10, mOnBackInvokedCallback=android.window.IOnBackInvokedCallback$Stub$Proxy@c270d09, mPrepareRemoteAnimation=false, mAnimationCallback=false, mCustomizeAnimationInfo=null}
02-04 20:10:08.174  1937  4280 D VibratorManagerService: vibrate uid =10185, opPkg = com.android.systemui, reason = performHapticFeedback(constant=23): ViewRootImpl#performHapticFeedback, attrs = VibrationAttributes{mUsage=TOUCH, mAudioUsage= USAGE_UNKNOWN, mFlags=0}
02-04 20:10:08.176  1937  4250 I WindowManager: Relayout Window{f047d96 u0 EdgeBackGestureHandler0}: oldVis=8 newVis=0 focusMayChange = true requestedWidth = 276 requestedHeight = 704 outFrames = ClientWindowFrames{frame=[0,859][276,1563] display=[0,126][1084,2412] parentFrame=[0,0][0,0]} outSurfaceControl = Surface(name=EdgeBackGestureHandler0)/@0x5cb62ea
02-04 20:10:08.177  1937  4280 D RichTapVibratorService: none richtap effect, do nothing!!
02-04 20:10:08.177  1937  4280 D VibratorManagerService: Starting vibrate for vibration 42864
02-04 20:10:08.177  1937  4280 D VibrationSettings: usage = 18
02-04 20:10:08.177  1937  4280 D VibratorManagerService: Check AppOp mode VIBRATE for uid 10185 and package com.android.systemui returned audio=allow, op=allow
02-04 20:10:08.178  1937  4280 D NtVibratorManagerImpl: nt should ignore, do nothing!
02-04 20:10:08.178  1937  4280 D NtVibratorManagerImpl: time before vibratorStop : 1770232208178
02-04 20:10:08.178  1937  4280 D RichTapVibratorService: aac richtap doVibratorStop
02-04 20:10:08.178  1937  4280 D RichTapVibratorService: richtap service stop!!
02-04 20:10:08.185  1937  4280 D NtVibratorManagerImpl: time after vibratorStop : 1770232208185
02-04 20:10:08.185  1937  4280 D VibratorManagerService: Starting vibration 42864 on thread
02-04 20:10:08.185  1937  4280 D VibratorManagerService: Start AppOp mode VIBRATE for uid 10185 and package com.android.systemui returned allow
02-04 20:10:08.187  1937  2167 D NtVibratorManagerImpl: getInernalHeEffect: current intensity = 2
02-04 20:10:08.187  1937  2167 D NtVibratorManagerImpl: richTapVibratorOnRawPattern id : 2
02-04 20:10:08.187  1937  2167 D NtVibratorManagerImpl: replace effect with he
02-04 20:10:08.189  1937  1963 I DisplayDeviceRepository: Display device changed render timings: "Built-in Screen", renderFrameRate=120.00001, presentationDeadlineNanos=13300000, appVsyncOffsetNanos=1099999, frameRateOverrides=[]
02-04 20:10:08.190  1937  1961 D WindowManager: DeferredDisplayUpdater: partially applying DisplayInfo(1084 x 2412) immediately
02-04 20:10:08.197  2464  2553 D ShellBackPreview: Finishing gesture with event action: 1
02-04 20:10:08.197  2464  2553 D ShellBackPreview: onGestureFinished() mTriggerBack == true
02-04 20:10:08.197  2464  2553 D ShellBackPreview: Trigger back without dispatching to animator.
02-04 20:10:08.197  2464  2553 D ShellBackPreview: BackAnimationController: finishBackNavigation()
02-04 20:10:08.197  1937  4281 D CoreBackPreview: onBackNavigationDone backType=4, triggerBack=true
02-04 20:10:08.197  1937  4301 D NtVibratorManagerImpl:  result:1
02-04 20:10:08.207  1937  4280 D BLASTSyncEngine: [DH_DEBUG]scheduleTimeout #9863 success=true timeoutMs=5000 callback=com.android.server.wm.BLASTSyncEngine$SyncGroup$$ExternalSyntheticLambda2@ab899db
02-04 20:10:08.208  1937  4280 D WindowManager: [SG_DEBUG]Set SyncGroup{id=9863 name=Transition-CLOSE} on ActivityRecord{222772351 u0 com.whatsapp/.Conversation t24395 f}}
02-04 20:10:08.208  2464  2553 V WindowManagerShell: Transition requested (#9863): android.os.BinderProxy@a465441 TransitionRequestInfo { type = CLOSE, triggerTask = null, pipChange = null, remoteTransition = null, displayChange = null, flags = 0, debugId = 9863 }
02-04 20:10:08.209  1937  4281 D NtVibratorManagerImpl:  result:1
02-04 20:10:08.216  1937  2679 D NtBoostAdjusterImpl: threadPriorityBoost: pid = 1964, duration = 500
02-04 20:10:08.216  1937  2679 D NtBoostAdjusterImpl: tryBoostThreadPriority: pid = 1964, counting = 1
02-04 20:10:08.226  1937  2679 D NtBoostAdjusterImpl: threadPriorityBoost: pid = 13556, duration = 500
02-04 20:10:08.226  1937  2679 D NtBoostAdjusterImpl: tryBoostThreadPriority: pid = 13556, counting = 1
02-04 20:10:08.228  1937  4301 D NtMemoryManager: mIsHighPressureScene: false : com.whatsapp
02-04 20:10:08.228  1937  4301 D NtProcessManager: Top app: com.whatsapp
02-04 20:10:08.228  1937  2311 D BackgroundInstallControlService: Package event received: 0
02-04 20:10:08.228  1937  4301 D WindowManager: [SG_DEBUG]Set SyncGroup{id=9863 name=Transition-CLOSE} on ActivityRecord{264245062 u0 com.whatsapp/.home.ui.HomeActivity t24395}
02-04 20:10:08.228  1937  4301 V NtGameModeImpl: onAppFocusChanged: pkg=com.whatsapp, uid=10224, category=4, launchMode= 1
02-04 20:10:08.229  1937  4301 D NtPopUpViewImpl: PopUpView: onAppFocusChanged: newTask=Task{e13ef68 #24395 type=standard A=10224:com.whatsapp}, showDimmer=false
02-04 20:10:08.229  1937  4301 D NtKafkaEventHelper: onActivityRecordChanged: info com.whatsapp:10224:11310
02-04 20:10:08.229  1937  4301 W WindowManager: Changing focus from Window{3140828 u0 com.whatsapp/com.whatsapp.Conversation} to null displayId=0 Callers=com.android.server.wm.RootWindowContainer.updateFocusedWindowLocked:494 com.android.server.wm.WindowManagerService.updateFocusedWindowLocked:6812 com.android.server.wm.ActivityTaskManagerService.setLastResumedActivityUncheckLocked:5261 com.android.server.wm.ActivityTaskSupervisor.updateTopResumedActivityIfNeeded:2419 
02-04 20:10:08.231  1937  2311 D BackgroundInstallControlService: Package event received: 0
02-04 20:10:08.231  1937  2311 D BackgroundInstallControlService: Package event received: 0
02-04 20:10:08.236  1937  4301 W AutofillManagerServiceImpl: getFillEventHistory() called by UID 10121, but service UID is 10131
02-04 20:10:08.247  1937  4280 W WindowManager: Changing focus from null to Window{227c7ec u0 com.whatsapp/com.whatsapp.home.ui.HomeActivity} displayId=0 Callers=com.android.server.wm.RootWindowContainer.updateFocusedWindowLocked:494 com.android.server.wm.WindowManagerService.updateFocusedWindowLocked:6812 com.android.server.wm.WindowManagerService.relayoutWindow:2786 com.android.server.wm.Session.relayout:288 
02-04 20:10:08.250  1937  4280 I WindowManager: Relayout Window{227c7ec u0 com.whatsapp/com.whatsapp.home.ui.HomeActivity}: oldVis=8 newVis=0 focusMayChange = true requestedWidth = 1084 requestedHeight = 2412 outFrames = ClientWindowFrames{frame=[0,0][1084,2412] display=[0,0][1084,2412] parentFrame=[0,0][0,0]} outSurfaceControl = Surface(name=com.whatsapp/com.whatsapp.home.ui.HomeActivity)/@0x437ccb2
02-04 20:10:08.293  1937  1964 D WindowManager: [SG_DEBUG]Clear [finished]SyncGroup{id=9863 name=Transition-CLOSE} on ActivityRecord{264245062 u0 com.whatsapp/.home.ui.HomeActivity t24395}
02-04 20:10:08.293  1937  1964 D WindowManager: [SG_DEBUG]Clear [finished]SyncGroup{id=9863 name=Transition-CLOSE} on ActivityRecord{222772351 u0 com.whatsapp/.Conversation t24395 f}}
02-04 20:10:08.296  1937  1964 D BLASTSyncEngine: [DH_DEBUG]remove timeout #9863 callback=com.android.server.wm.BLASTSyncEngine$SyncGroup$$ExternalSyntheticLambda2@ab899db
02-04 20:10:08.296  1937  1960 V WindowManager: Sent Transition (#9863) createdAt=02-04 20:10:08.207 via request=TransitionRequestInfo { type = CLOSE, triggerTask = null, pipChange = null, remoteTransition = null, displayChange = null, flags = 0, debugId = 9863 }
02-04 20:10:08.296  1937  1960 V WindowManager:     startWCT=WindowContainerTransaction { changes= {} hops= [] errorCallbackToken=null taskFragmentOrganizer=null }
02-04 20:10:08.297  1937  1960 V WindowManager:     info={id=9863 t=CLOSE f=0x0 trk=0 r=[0@Point(0, 0)] c=[
02-04 20:10:08.297  1937  1960 V WindowManager:         {m=CLOSE f=FILLS_TASK leash=Surface(name=ActivityRecord{222772351 u0 com.whatsapp/.Conversation t24395})/@0xdf184be sb=Rect(0, 0 - 1084, 2412) eb=Rect(0, 0 - 1084, 2412) epz=Point(1084, 2412) d=0 bc=ff303030 component=com.whatsapp/.Conversation opt={t=FROM_STYLE mUserId=0} ntPopUpView={mIsTryEnterWindowingMode=false mIsEnterWindowingModeLandscape=false mIsChangingWindowformBounds=false mStartPos=Point(0, 0) mEndPos=Point(0, 0) mStartScale=0.0 mEndScale=0.0 mStartCornerRadius=0.0 mEndCornerRadius=0.0 mAppBounds=Rect(0, 0 - 0, 0) mWindowCrop=Rect(0, 0 - 0, 0) mStartDragOrChangingBounds=Rect(0, 0 - 0, 0) mEndDragOrChangingBounds=Rect(0, 0 - 0, 0) mBottomLeftCornerLeash=null mBottomRightCornerLeash=null mDragBarLeash=null mCornerHintSize=0x0 mDragBarSize=0x0}},
02-04 20:10:08.297  1937  1960 V WindowManager:         {m=TO_FRONT f=FILLS_TASK leash=Surface(name=ActivityRecord{264245062 u0 com.whatsapp/.home.ui.HomeActivity t24395})/@0x39ffd43 sb=Rect(0, 0 - 1084, 2412) eb=Rect(0, 0 - 1084, 2412) epz=Point(1084, 2412) d=0 bc=ff303030 component=com.whatsapp/.home.ui.HomeActivity opt={t=FROM_STYLE mUserId=0} ntPopUpView={mIsTryEnterWindowingMode=false mIsEnterWindowingModeLandscape=false mIsChangingWindowformBounds=false mStartPos=Point(0, 0) mEndPos=Point(0, 0) mStartScale=0.0 mEndScale=0.0 mStartCornerRadius=0.0 mEndCornerRadius=0.0 mAppBounds=Rect(0, 0 - 0, 0) mWindowCrop=Rect(0, 0 - 0, 0) mStartDragOrChangingBounds=Rect(0, 0 - 0, 0) mEndDragOrChangingBounds=Rect(0, 0 - 0, 0) mBottomLeftCornerLeash=null mBottomRightCornerLeash=null mDragBarLeash=null mCornerHintSize=0x0 mDragBarSize=0x0}}
02-04 20:10:08.297  1937  1960 V WindowManager:     ]}
02-04 20:10:08.297  2464  2593 V WindowManagerShell: onTransitionReady(transaction=8319352237742)
02-04 20:10:08.298  2464  2553 V WindowManagerShell: onTransitionReady (#9863) android.os.BinderProxy@a465441: {id=9863 t=CLOSE f=0x0 trk=0 r=[0@Point(0, 0)] c=[
