02-04 20:09:46.574  1937  2311 D BackgroundInstallControlService: Package event received: 0
02-04 20:09:46.586  1937  2132 D OomAdjuster: process : com.google.android.apps.messaging, pid = 30543, isTop = false, uid = 10134, hasActivity = false
02-04 20:09:46.586  1937  2132 D OomAdjuster: process : com.google.android.apps.messaging is not top!
02-04 20:09:46.588  1937  2132 D ActivityManager: sync unfroze 30543 com.google.android.apps.messaging for 7
02-04 20:09:46.589  1937  2311 D BackgroundInstallControlService: Package event received: 0
02-04 20:09:46.624  1937  2132 D ActivityManager: getProcessesInErrorState callingUid=10346, CallingPid=28777
02-04 20:09:46.684  1937  2311 D BackgroundInstallControlService: Package event received: 0
02-04 20:09:46.699  1937  2029 I ActivityManager: Start proc 11119:com.google.android.apps.safetyhub/u0a130 for content provider {com.google.android.apps.safetyhub/com.google.android.apps.safetyhub.platformsettings.search.EmergencySearchIndexablesProvider}
02-04 20:09:46.699  1937  2029 I START_DEBUG: send START_TIMEOUT message    ProcessRecord :ProcessRecord{a07957b 11119:com.google.android.apps.safetyhub/u0a130}
02-04 20:09:46.699  1937  2029 I ActivityManager: ProcessObserver broadcast disabled
02-04 20:09:46.743  1937  2132 V ActivityManager: New death recipient com.android.server.am.ActivityManagerService$AppDeathRecipient@d362bd6 for thread android.os.BinderProxy@ef00e57
02-04 20:09:46.746  1937  2132 I START_DEBUG: send BINDTIMEOUT    ProcessRecord :ProcessRecord{a07957b 11119:com.google.android.apps.safetyhub/u0a130}
02-04 20:09:46.746  1937  2132 I START_DEBUG: remove START_TIMEOUT finish    ProcessRecord :ProcessRecord{a07957b 11119:com.google.android.apps.safetyhub/u0a130}
02-04 20:09:46.747  1937  2132 D OomAdjuster: process : com.google.android.apps.safetyhub, pid = 11119, isTop = false, uid = 10130, hasActivity = false
02-04 20:09:46.747  1937  2132 D OomAdjuster: process : com.google.android.apps.safetyhub is not top!
02-04 20:09:46.749  1937  2031 D ActivityManager: uid = 10130, pid = 11119, processName = com.google.android.apps.safetyhub is not top app, set nt foreground
02-04 20:09:46.754 11119 11119 D NtScrollerManagerImpl: init NtScrollerManagerImpl
02-04 20:09:46.884  1937  2132 W OptProp : Cannot read opt property android.window.PROPERTY_COMPAT_ALLOW_RESIZEABLE_ACTIVITY_OVERRIDES
02-04 20:09:46.884  1937  2132 W OptProp : Cannot read opt property android.window.PROPERTY_COMPAT_ALLOW_MIN_ASPECT_RATIO_OVERRIDE
02-04 20:09:46.885  1937  2132 D BLASTSyncEngine: [DH_DEBUG]scheduleTimeout #9853 success=true timeoutMs=5000 callback=com.android.server.wm.BLASTSyncEngine$SyncGroup$$ExternalSyntheticLambda2@f1a15e5
02-04 20:09:46.885  1937  2132 D WindowManager: [SG_DEBUG]Set SyncGroup{id=9853 name=Transition-OPEN} on ActivityRecord{82135226 u0 com.whatsapp/.Conversation
02-04 20:09:46.888  1937  2132 W OptProp : Cannot read opt property android.window.PROPERTY_COMPAT_ALLOW_ORIENTATION_OVERRIDE
02-04 20:09:46.895  1937  1937 D MBrainLocalService: isVendorFreezeConditionPass is false
02-04 20:09:46.895  1937  1937 E MBrainLocalService: notifyAppSwitch failed
02-04 20:09:46.896  1937  2132 I ActivityTaskManager: START u0 {flg=0x14000000 xflg=0x4 cmp=com.whatsapp/.Conversation (has extras)} with LAUNCH_MULTIPLE from uid 10224 pid 11310 (sr=264245062) (BAL_ALLOW_VISIBLE_WINDOW) result code=0
02-04 20:09:46.899  2464  2553 V WindowManagerShell: Transition requested (#9853): android.os.BinderProxy@c59dd2b TransitionRequestInfo { type = OPEN, triggerTask = TaskInfo{userId=0 taskId=24395 effectiveUid=10224 displayId=0 isRunning=true baseIntent=Intent { act=android.intent.action.MAIN cat=[android.intent.category.LAUNCHER] flg=0x10200000 pkg=com.whatsapp cmp=com.whatsapp/.Main } baseActivity=ComponentInfo{com.whatsapp/com.whatsapp.home.ui.HomeActivity} topActivity=ComponentInfo{com.whatsapp/com.whatsapp.Conversation} origActivity=null realActivity=ComponentInfo{com.whatsapp/com.whatsapp.Main} numActivities=2 lastActiveTime=1113629118 supportsMultiWindow=true resizeMode=1 isResizeable=true minWidth=-1 minHeight=-1 defaultMinSize=220 token=WCT{android.window.IWindowContainerToken$Stub$Proxy@de87588} topActivityType=1 pictureInPictureParams=null shouldDockBigOverlays=false launchIntoPipHostTaskId=-1 lastParentTaskIdBeforePip=-1 displayCutoutSafeInsets=Rect(0, 0 - 0, 0) topActivityInfo=ActivityInfo{ef9ab21 com.whatsapp.Conversation} launchCookies=[android.os.BinderProxy@769ebf8] positionInParent=Point(0, 0) parentTaskId=-1 isFocused=true isVisible=true isVisibleRequested=true isTopActivityNoDisplay=false isSleeping=false locusId=null displayAreaFeatureId=1 isTopActivityTransparent=false isActivityStackTransparent=false lastNonFullscreenBounds=Rect(278, 695 - 806, 1779) capturedLink=null capturedLinkTimestamp=0 requestedVisibleTypes=-9 topActivityRequestOpenInBrowserEducationTimestamp=0 appCompatTaskInfo=AppCompatTaskInfo { topActivityInSizeCompat=false eligibleForLetterboxEducation= false isLetterboxEducationEnabled= false isLetterboxDoubleTapEnabled= false eligibleForUserAspectRatioButton= false topActivityBoundsLetterboxed= false isFromLetterboxDoubleTap= false topActivityLetterboxVerticalPosition= -1 topActivityLetterboxHorizontalPosition= -1 topActivityLetterboxWidth=-1 topActivityLetterboxHeight=-1 topActivityAppBounds=Rect(0, 0 - 1084, 2412) isUserFullscreenOverrideEnabled=false isSystemFullscreenOverrideEnabled=false hasMinAspectRatioOverride=false topActivityLetterboxBounds=null cameraCompatTaskInfo=CameraCompatTaskInfo { freeformCameraCompatMode=inactive}} topActivityMainWindowFrame=null}, pipChange = null, remoteTransition = null, displayChange = null, flags = 0, debugId = 9853 }
02-04 20:09:46.899  2464  2553 D ShellSplitScreen: logExit: no-op, mLoggerSessionId is null
02-04 20:09:46.905  1937  2311 D BackgroundInstallControlService: Package event received: 0
02-04 20:09:46.908  1937  2679 D NtBoostAdjusterImpl: threadPriorityBoost: pid = 1964, duration = 500
02-04 20:09:46.908  1937  2679 D NtBoostAdjusterImpl: tryBoostThreadPriority: pid = 1964, counting = 1
02-04 20:09:46.908  1937  2679 D NtBoostAdjusterImpl: threadPriorityBoost: pid = 13556, duration = 500
02-04 20:09:46.908  1937  2679 D NtBoostAdjusterImpl: tryBoostThreadPriority: pid = 13556, counting = 1
02-04 20:09:46.909  1937  4274 D NtMemoryManager: mIsHighPressureScene: false : com.whatsapp
02-04 20:09:46.909  1937  4274 D NtProcessManager: Top app: com.whatsapp
02-04 20:09:46.910  1937  2311 D BackgroundInstallControlService: Package event received: 0
02-04 20:09:46.910  1937  4274 D WindowManager: [SG_DEBUG]Set SyncGroup{id=9853 name=Transition-OPEN} on ActivityRecord{264245062 u0 com.whatsapp/.home.ui.HomeActivity t24395}
02-04 20:09:46.911  1937  4274 V NtGameModeImpl: onAppFocusChanged: pkg=com.whatsapp, uid=10224, category=4, launchMode= 1
02-04 20:09:46.911  1937  4274 D NtPopUpViewImpl: PopUpView: onAppFocusChanged: newTask=Task{e13ef68 #24395 type=standard A=10224:com.whatsapp}, showDimmer=false
02-04 20:09:46.911  1937  4274 D NtKafkaEventHelper: onActivityRecordChanged: info com.whatsapp:10224:11310
02-04 20:09:46.912  1937  4274 W WindowManager: Changing focus from Window{227c7ec u0 com.whatsapp/com.whatsapp.home.ui.HomeActivity} to null displayId=0 Callers=com.android.server.wm.RootWindowContainer.updateFocusedWindowLocked:494 com.android.server.wm.WindowManagerService.updateFocusedWindowLocked:6812 com.android.server.wm.ActivityTaskManagerService.setLastResumedActivityUncheckLocked:5261 com.android.server.wm.ActivityTaskSupervisor.updateTopResumedActivityIfNeeded:2419 
02-04 20:09:46.912  1937  4293 I START_DEBUG: remove BIND_TIMEOUT finish    ProcessRecord :ProcessRecord{a07957b 11119:com.google.android.apps.safetyhub/u0a130}
02-04 20:09:46.919  1937  2751 W AutofillManagerServiceImpl: getFillEventHistory() called by UID 10121, but service UID is 10131
02-04 20:09:46.925  1937  2311 D BackgroundInstallControlService: Package event received: 0
02-04 20:09:46.925  1937  2311 D BackgroundInstallControlService: Package event received: 0
02-04 20:09:46.925  1937  2311 D BackgroundInstallControlService: Package event received: 0
02-04 20:09:46.935  1937  2029 I ActivityManager: Start proc 11144:com.google.android.apps.wellbeing/u0a138 for content provider {com.google.android.apps.wellbeing/com.google.android.apps.wellbeing.searchindexables.impl.WellbeingSearchIndexablesProvider}
02-04 20:09:46.935  1937  2029 I START_DEBUG: send START_TIMEOUT message    ProcessRecord :ProcessRecord{9d03fd0 11144:com.google.android.apps.wellbeing/u0a138}
02-04 20:09:46.935  1937  2029 I ActivityManager: ProcessObserver broadcast disabled
02-04 20:09:46.956  1937  4293 V ActivityManager: New death recipient com.android.server.am.ActivityManagerService$AppDeathRecipient@5af2939 for thread android.os.BinderProxy@53a1b7e
02-04 20:09:46.957  1937  1963 I DisplayDeviceRepository: Display device changed render timings: "Built-in Screen", renderFrameRate=120.00001, presentationDeadlineNanos=13300000, appVsyncOffsetNanos=1099999, frameRateOverrides=[]
02-04 20:09:46.962  1937  1961 D WindowManager: DeferredDisplayUpdater: partially applying DisplayInfo(1084 x 2412) immediately
02-04 20:09:46.964  1937  4293 I START_DEBUG: send BINDTIMEOUT    ProcessRecord :ProcessRecord{9d03fd0 11144:com.google.android.apps.wellbeing/u0a138}
02-04 20:09:46.964  1937  4293 I START_DEBUG: remove START_TIMEOUT finish    ProcessRecord :ProcessRecord{9d03fd0 11144:com.google.android.apps.wellbeing/u0a138}
02-04 20:09:46.964  1937  4293 D OomAdjuster: process : com.google.android.apps.wellbeing, pid = 11144, isTop = false, uid = 10138, hasActivity = false
02-04 20:09:46.964  1937  4293 D OomAdjuster: process : com.google.android.apps.wellbeing is not top!
02-04 20:09:46.972 11144 11144 D NtScrollerManagerImpl: init NtScrollerManagerImpl
02-04 20:09:46.983  1937  2031 D ActivityManager: uid = 10138, pid = 11144, processName = com.google.android.apps.wellbeing is not top app, set nt foreground
02-04 20:09:46.998  1937  4293 D CoreBackPreview: Window{bd8718a u0 com.whatsapp/com.whatsapp.Conversation}: Setting back callback OnBackInvokedCallbackInfo{mCallback=android.window.IOnBackInvokedCallback$Stub$Proxy@143ac18, mPriority=0, mIsAnimationCallback=false, mOverrideBehavior=0}
02-04 20:09:47.002  1937  4293 W WindowManager: Changing focus from null to Window{bd8718a u0 com.whatsapp/com.whatsapp.Conversation} displayId=0 Callers=com.android.server.wm.RootWindowContainer.updateFocusedWindowLocked:494 com.android.server.wm.WindowManagerService.updateFocusedWindowLocked:6812 com.android.server.wm.WindowManagerService.relayoutWindow:2786 com.android.server.wm.Session.relayout:288 
02-04 20:09:47.007  1937  4293 I WindowManager: Relayout Window{bd8718a u0 com.whatsapp/com.whatsapp.Conversation}: oldVis=4 newVis=0 focusMayChange = true requestedWidth = 1084 requestedHeight = 2412 outFrames = ClientWindowFrames{frame=[0,0][1084,2412] display=[0,0][1084,2412] parentFrame=[0,0][0,0]} outSurfaceControl = Surface(name=com.whatsapp/com.whatsapp.Conversation)/@0x90da7e2
02-04 20:09:47.008 11310 11310 D NtViewRootImpl: mPopUpViewOffsets: offset=(0.0, 0.0), scale=(1.0, 1.0)
02-04 20:09:47.070  1937  1964 D WindowManager: [SG_DEBUG]Clear [finished]SyncGroup{id=9853 name=Transition-OPEN} on ActivityRecord{264245062 u0 com.whatsapp/.home.ui.HomeActivity t24395}
02-04 20:09:47.070  1937  1964 D WindowManager: [SG_DEBUG]Clear [finished]SyncGroup{id=9853 name=Transition-OPEN} on ActivityRecord{82135226 u0 com.whatsapp/.Conversation t24395}
02-04 20:09:47.072  1937  1964 D BLASTSyncEngine: [DH_DEBUG]remove timeout #9853 callback=com.android.server.wm.BLASTSyncEngine$SyncGroup$$ExternalSyntheticLambda2@f1a15e5
02-04 20:09:47.073  2464  2937 V WindowManagerShell: onTransitionReady(transaction=8319352237463)
02-04 20:09:47.073  1937  1960 V WindowManager: Sent Transition (#9853) createdAt=02-04 20:09:46.885 via request=TransitionRequestInfo { type = OPEN, triggerTask = TaskInfo{userId=0 taskId=24395 effectiveUid=10224 displayId=0 isRunning=true baseIntent=Intent { act=android.intent.action.MAIN cat=[android.intent.category.LAUNCHER] flg=0x10200000 pkg=com.whatsapp cmp=com.whatsapp/.Main } baseActivity=ComponentInfo{com.whatsapp/com.whatsapp.home.ui.HomeActivity} topActivity=ComponentInfo{com.whatsapp/com.whatsapp.Conversation} origActivity=null realActivity=ComponentInfo{com.whatsapp/com.whatsapp.Main} numActivities=2 lastActiveTime=1113629118 supportsMultiWindow=true resizeMode=1 isResizeable=true minWidth=-1 minHeight=-1 defaultMinSize=220 token=WCT{RemoteToken{9bec30f Task{e13ef68 #24395 type=standard A=10224:com.whatsapp}}} topActivityType=1 pictureInPictureParams=null shouldDockBigOverlays=false launchIntoPipHostTaskId=-1 lastParentTaskIdBeforePip=-1 displayCutoutSafeInsets=Rect(0, 0 - 0, 0) topActivityInfo=ActivityInfo{ad355c com.whatsapp.Conversation} launchCookies=[android.os.BinderProxy@5cf5690] positionInParent=Point(0, 0) parentTaskId=-1 isFocused=true isVisible=true isVisibleRequested=true isTopActivityNoDisplay=false isSleeping=false locusId=null displayAreaFeatureId=1 isTopActivityTransparent=false isActivityStackTransparent=false lastNonFullscreenBounds=Rect(278, 695 - 806, 1779) capturedLink=null capturedLinkTimestamp=0 requestedVisibleTypes=-9 topActivityRequestOpenInBrowserEducationTimestamp=0 appCompatTaskInfo=AppCompatTaskInfo { topActivityInSizeCompat=false eligibleForLetterboxEducation= false isLetterboxEducationEnabled= false isLetterboxDoubleTapEnabled= false eligibleForUserAspectRatioButton= false topActivityBoundsLetterboxed= false isFromLetterboxDoubleTap= false topActivityLetterboxVerticalPosition= -1 topActivityLetterboxHorizontalPosition= -1 topActivityLetterboxWidth=-1 topActivityLetterboxHeight=-1 topActivityAppBounds=Rect(0, 0 - 1084, 2412) isUserFullscreenOverrideEnabled=false isSystemFullscreenOverrideEnabled=false hasMinAspectRatioOverride=false topActivityLetterboxBounds=null cameraCompatTaskInfo=CameraCompatTaskInfo { freeformCameraCompatMode=inactive}} topActivityMainWindowFrame=null}, pipChange = null, remoteTransition = null, displayChange = null, flags = 0, debugId = 9853 }
02-04 20:09:47.073  1937  1960 V WindowManager:     startWCT=WindowContainerTransaction { changes= {} hops= [] errorCallbackToken=null taskFragmentOrganizer=null }
02-04 20:09:47.073  2464  2553 V WindowManagerShell: onTransitionReady (#9853) android.os.BinderProxy@c59dd2b: {id=9853 t=OPEN f=0x0 trk=0 r=[0@Point(0, 0)] c=[
02-04 20:09:47.073  2464  2553 V WindowManagerShell:         {m=OPEN f=FILLS_TASK leash=Surface(name=ActivityRecord{82135226 u0 com.whatsapp/.Conversation t24395})/@0xef81b46 sb=Rect(0, 0 - 0, 0) eb=Rect(0, 0 - 1084, 2412) epz=Point(1084, 2412) d=-1->0 r=-1->0:-1 bc=ff303030 component=com.whatsapp/.Conversation opt={t=FROM_STYLE mUserId=0} ntPopUpView={mIsTryEnterWindowingMode=false mIsEnterWindowingModeLandscape=false mIsChangingWindowformBounds=false mStartPos=Point(0, 0) mEndPos=Point(0, 0) mStartScale=0.0 mEndScale=0.0 mStartCornerRadius=0.0 mEndCornerRadius=0.0 mAppBounds=Rect(0, 0 - 0, 0) mWindowCrop=Rect(0, 0 - 0, 0) mStartDragOrChangingBounds=Rect(0, 0 - 0, 0) mEndDragOrChangingBounds=Rect(0, 0 - 0, 0) mBottomLeftCornerLeash=null mBottomRightCornerLeash=null mDragBarLeash=null mCornerHintSize=0x0 mDragBarSize=0x0}},
02-04 20:09:47.073  2464  2553 V WindowManagerShell:         {m=TO_BACK f=FILLS_TASK leash=Surface(name=ActivityRecord{264245062 u0 com.whatsapp/.home.ui.HomeActivity t24395})/@0x6172107 sb=Rect(0, 0 - 1084, 2412) eb=Rect(0, 0 - 1084, 2412) epz=Point(1084, 2412) d=0 bc=ff303030 component=com.whatsapp/.home.ui.HomeActivity opt={t=FROM_STYLE mUserId=0} ntPopUpView={mIsTryEnterWindowingMode=false mIsEnterWindowingModeLandscape=false mIsChangingWindowformBounds=false mStartPos=Point(0, 0) mEndPos=Point(0, 0) mStartScale=0.0 mEndScale=0.0 mStartCornerRadius=0.0 mEndCornerRadius=0.0 mAppBounds=Rect(0, 0 - 0, 0) mWindowCrop=Rect(0, 0 - 0, 0) mStartDragOrChangingBounds=Rect(0, 0 - 0, 0) mEndDragOrChangingBounds=Rect(0, 0 - 0, 0) mBottomLeftCornerLeash=null mBottomRightCornerLeash=null mDragBarLeash=null mCornerHintSize=0x0 mDragBarSize=0x0}}
02-04 20:09:47.073  2464  2553 V WindowManagerShell:     ]}
02-04 20:09:47.073  2464  2553 V WindowManagerShell: Playing animation for (#9853) android.os.BinderProxy@c59dd2b@0
02-04 20:09:47.073  1937  1960 V WindowManager:     info={id=9853 t=OPEN f=0x0 trk=0 r=[0@Point(0, 0)] c=[
02-04 20:09:47.073  1937  1960 V WindowManager:         {m=OPEN f=FILLS_TASK leash=Surface(name=ActivityRecord{82135226 u0 com.whatsapp/.Conversation t24395})/@0xe4fd2a9 sb=Rect(0, 0 - 0, 0) eb=Rect(0, 0 - 1084, 2412) epz=Point(1084, 2412) d=-1->0 r=-1->0:-1 bc=ff303030 component=com.whatsapp/.Conversation opt={t=FROM_STYLE mUserId=0} ntPopUpView={mIsTryEnterWindowingMode=false mIsEnterWindowingModeLandscape=false mIsChangingWindowformBounds=false mStartPos=Point(0, 0) mEndPos=Point(0, 0) mStartScale=0.0 mEndScale=0.0 mStartCornerRadius=0.0 mEndCornerRadius=0.0 mAppBounds=Rect(0, 0 - 0, 0) mWindowCrop=Rect(0, 0 - 0, 0) mStartDragOrChangingBounds=Rect(0, 0 - 0, 0) mEndDragOrChangingBounds=Rect(0, 0 - 0, 0) mBottomLeftCornerLeash=null mBottomRightCornerLeash=null mDragBarLeash=null mCornerHintSize=0x0 mDragBarSize=0x0}},
02-04 20:09:47.073  1937  1960 V WindowManager:         {m=TO_BACK f=FILLS_TASK leash=Surface(name=ActivityRecord{264245062 u0 com.whatsapp/.home.ui.HomeActivity t24395})/@0x39ffd43 sb=Rect(0, 0 - 1084, 2412) eb=Rect(0, 0 - 1084, 2412) epz=Point(1084, 2412) d=0 bc=ff303030 component=com.whatsapp/.home.ui.HomeActivity opt={t=FROM_STYLE mUserId=0} ntPopUpView={mIsTryEnterWindowingMode=false mIsEnterWindowingModeLandscape=false mIsChangingWindowformBounds=false mStartPos=Point(0, 0) mEndPos=Point(0, 0) mStartScale=0.0 mEndScale=0.0 mStartCornerRadius=0.0 mEndCornerRadius=0.0 mAppBounds=Rect(0, 0 - 0, 0) mWindowCrop=Rect(0, 0 - 0, 0) mStartDragOrChangingBounds=Rect(0, 0 - 0, 0) mEndDragOrChangingBounds=Rect(0, 0 - 0, 0) mBottomLeftCornerLeash=null mBottomRightCornerLeash=null mDragBarLeash=null mCornerHintSize=0x0 mDragBarSize=0x0}}
02-04 20:09:47.073  1937  1960 V WindowManager:     ]}
02-04 20:09:47.074  1937  1937 D MBrainLocalService: isVendorFreezeConditionPass is false
02-04 20:09:47.074  1937  1937 D MBrainLocalService: notifyAppLifeCycle failed
02-04 20:09:47.074  2464  2553 V ShellRecents: RecentsTransitionHandler.startAnimation: no controller found
02-04 20:09:47.074  2464  2553 V WindowManagerShell: Transition doesn't have explicit remote, search filters for match for {id=9853 t=OPEN f=0x0 trk=0 r=[0@Point(0, 0)] c=[{m=OPEN f=FILLS_TASK leash=Surface(name=ActivityRecord{82135226 u0 com.whatsapp/.Conversation t24395})/@0xef81b46 sb=Rect(0, 0 - 0, 0) eb=Rect(0, 0 - 1084, 2412) epz=Point(1084, 2412) d=-1->0 r=-1->0:-1 bc=ff303030 component=com.whatsapp/.Conversation opt={t=FROM_STYLE mUserId=0} ntPopUpView={mIsTryEnterWindowingMode=false mIsEnterWindowingModeLandscape=false mIsChangingWindowformBounds=false mStartPos=Point(0, 0) mEndPos=Point(0, 0) mStartScale=0.0 mEndScale=0.0 mStartCornerRadius=0.0 mEndCornerRadius=0.0 mAppBounds=Rect(0, 0 - 0, 0) mWindowCrop=Rect(0, 0 - 0, 0) mStartDragOrChangingBounds=Rect(0, 0 - 0, 0) mEndDragOrChangingBounds=Rect(0, 0 - 0, 0) mBottomLeftCornerLeash=null mBottomRightCornerLeash=null mDragBarLeash=null mCornerHintSize=0x0 mDragBarSize=0x0}},{m=TO_BACK f=FILLS_TASK leash=Surface(name=ActivityRecord{264245062 u0 com.whatsapp/.home.ui.HomeActivity t24395})/@0x6172107 sb=Rect(0, 0 - 1084, 2412) eb=Rect(0, 0 - 1084, 2412) epz=Point(1084, 2412) d=0 bc=ff303030 component=com.whatsapp/.home.ui.HomeActivity opt={t=FROM_STYLE mUserId=0} ntPopUpView={mIsTryEnterWindowingMode=false mIsEnterWindowingModeLandscape=false mIsChangingWindowformBounds=false mStartPos=Point(0, 0) mEndPos=Point(0, 0) mStartScale=0.0 mEndScale=0.0 mStartCornerRadius=0.0 mEndCornerRadius=0.0 mAppBounds=Rect(0, 0 - 0, 0) mWindowCrop=Rect(0, 0 - 0, 0) mStartDragOrChangingBounds=Rect(0, 0 - 0, 0) mEndDragOrChangingBounds=Rect(0, 0 - 0, 0) mBottomLeftCornerLeash=null mBottomRightCornerLeash=null mDragBarLeash=null mCornerHintSize=0x0 mDragBarSize=0x0}}]}
02-04 20:09:47.074  2464  2553 V WindowManagerShell:  Checking filter Pair{{types=[] flags=0x0] notFlags=0x100 checks=[{atype=home independent=true modes=[OPEN,TO_FRONT] flags=NONE mustBeTask=false order=TOP topActivity=ComponentInfo{com.nothing.launcher/com.android.searchlauncher.SearchLauncher} launchCookie=null windowingMode=undefined},{atype=standard independent=true modes=[CLOSE,TO_BACK] flags=NONE mustBeTask=false order=ANY topActivity=null launchCookie=null windowingMode=undefined},{NOT atype=undefined independent=true modes=[] flags=NONE mustBeTask=true order=ANY topActivity=null launchCookie=null customAnim=true windowingMode=undefined}]} RemoteTransition { remoteTransition = android.window.IRemoteTransition$Stub$Proxy@e2a1b68, appThread = android.app.IApplicationThread$Stub$Proxy@6b78b81, debugName = QuickstepLaunchHome }}
02-04 20:09:47.074  2464  2553 V WindowManagerShell:  Checking filter Pair{{types=[] flags=0x0] notFlags=0x100 checks=[{atype=standard independent=true modes=[CLOSE,TO_BACK] flags=TRANSLUCENT mustBeTask=false order=ANY topActivity=null launchCookie=null windowingMode=undefined}]} RemoteTransition { remoteTransition = android.window.IRemoteTransition$Stub$Proxy@b742288, appThread = android.app.IApplicationThread$Stub$Proxy@285421, debugName = QuickstepLaunchHome_OpenTransluent }}
02-04 20:09:47.074  2464  2553 V WindowManagerShell:  Delegate animation for (#9853) to null
02-04 20:09:47.074  2464  2553 V WindowManagerShell: start default transition animation, info = {id=9853 t=OPEN f=0x0 trk=0 r=[0@Point(0, 0)] c=[{m=OPEN f=FILLS_TASK leash=Surface(name=ActivityRecord{82135226 u0 com.whatsapp/.Conversation t24395})/@0xef81b46 sb=Rect(0, 0 - 0, 0) eb=Rect(0, 0 - 1084, 2412) epz=Point(1084, 2412) d=-1->0 r=-1->0:-1 bc=ff303030 component=com.whatsapp/.Conversation opt={t=FROM_STYLE mUserId=0} ntPopUpView={mIsTryEnterWindowingMode=false mIsEnterWindowingModeLandscape=false mIsChangingWindowformBounds=false mStartPos=Point(0, 0) mEndPos=Point(0, 0) mStartScale=0.0 mEndScale=0.0 mStartCornerRadius=0.0 mEndCornerRadius=0.0 mAppBounds=Rect(0, 0 - 0, 0) mWindowCrop=Rect(0, 0 - 0, 0) mStartDragOrChangingBounds=Rect(0, 0 - 0, 0) mEndDragOrChangingBounds=Rect(0, 0 - 0, 0) mBottomLeftCornerLeash=null mBottomRightCornerLeash=null mDragBarLeash=null mCornerHintSize=0x0 mDragBarSize=0x0}},{m=TO_BACK f=FILLS_TASK leash=Surface(name=ActivityRecord{264245062 u0 com.whatsapp/.home.ui.HomeActivity t24395})/@0x6172107 sb=Rect(0, 0 - 1084, 2412) eb=Rect(0, 0 - 1084, 2412) epz=Point(1084, 2412) d=0 bc=ff303030 component=com.whatsapp/.home.ui.HomeActivity opt={t=FROM_STYLE mUserId=0} ntPopUpView={mIsTryEnterWindowingMode=false mIsEnterWindowingModeLandscape=false mIsChangingWindowformBounds=false mStartPos=Point(0, 0) mEndPos=Point(0, 0) mStartScale=0.0 mEndScale=0.0 mStartCornerRadius=0.0 mEndCornerRadius=0.0 mAppBounds=Rect(0, 0 - 0, 0) mWindowCrop=Rect(0, 0 - 0, 0) mStartDragOrChangingBounds=Rect(0, 0 - 0, 0) mEndDragOrChangingBounds=Rect(0, 0 - 0, 0) mBottomLeftCornerLeash=null mBottomRightCornerLeash=null mDragBarLeash=null mCornerHintSize=0x0 mDragBarSize=0x0}}]}
02-04 20:09:47.082  2464  2553 V WindowManagerShell: loadAnimation: anim=android.view.animation.AnimationSet@4de6da0 animAttr=0x5 type=OPEN isEntrance=false
02-04 20:09:47.083  2464  2553 V WindowManagerShell: loadAnimation: anim=android.view.animation.AnimationSet@7e929ff animAttr=0x4 type=OPEN isEntrance=true
02-04 20:09:47.084  2464  2553 V WindowManagerShell:  animated by com.android.wm.shell.transition.DefaultTransitionHandler@b4ccf06
02-04 20:09:47.149  1937  2132 I START_DEBUG: remove BIND_TIMEOUT finish    ProcessRecord :ProcessRecord{9d03fd0 11144:com.google.android.apps.wellbeing/u0a138}
02-04 20:09:47.150  1937  2311 D BackgroundInstallControlService: Package event received: 0
02-04 20:09:47.166  1937  1963 D NtPerfTraceManagerImpl: packageName = com.whatsapp, taskId = 24395
02-04 20:09:47.180 11310 11310 D NtViewRootImpl: mPopUpViewOffsets: offset=(0.0, 0.0), scale=(1.0, 1.0)
02-04 20:09:47.195  1937  1952 W PackageConfigPersister: App-specific configuration not found for packageName: com.whatsapp and userId: 0
02-04 20:09:47.199  1937  1963 D OomAdjuster: process : com.android.bluetooth, pid = 2664, isTop = false, uid = 1002, hasActivity = false
02-04 20:09:47.199  1937  1963 D OomAdjuster: system app not need limit!
02-04 20:09:47.274  1937  2311 D BackgroundInstallControlService: Package event received: 0
02-04 20:09:47.288  1937  2029 I ActivityManager: Start proc 11177:com.google.android.cellbroadcastreceiver/u0a199 for content provider {com.google.android.cellbroadcastreceiver/com.android.cellbroadcastreceiver.CellBroadcastSearchIndexableProvider}
02-04 20:09:47.289  1937  2029 I START_DEBUG: send START_TIMEOUT message    ProcessRecord :ProcessRecord{824b18d 11177:com.google.android.cellbroadcastreceiver/u0a199}
02-04 20:09:47.289  1937  2029 I ActivityManager: ProcessObserver broadcast disabled
02-04 20:09:47.312  1937  2132 V ActivityManager: New death recipient com.android.server.am.ActivityManagerService$AppDeathRecipient@d323c90 for thread android.os.BinderProxy@437d989
02-04 20:09:47.317  1937  2132 I START_DEBUG: send BINDTIMEOUT    ProcessRecord :ProcessRecord{824b18d 11177:com.google.android.cellbroadcastreceiver/u0a199}
02-04 20:09:47.317  1937  2132 I START_DEBUG: remove START_TIMEOUT finish    ProcessRecord :ProcessRecord{824b18d 11177:com.google.android.cellbroadcastreceiver/u0a199}
02-04 20:09:47.318  1937  2132 D OomAdjuster: process : com.google.android.cellbroadcastreceiver, pid = 11177, isTop = false, uid = 10199, hasActivity = false
02-04 20:09:47.318  1937  2132 D OomAdjuster: process : com.google.android.cellbroadcastreceiver is not top!
02-04 20:09:47.323 11177 11177 D NtScrollerManagerImpl: init NtScrollerManagerImpl
02-04 20:09:47.338  1937  2031 D ActivityManager: uid = 10199, pid = 11177, processName = com.google.android.cellbroadcastreceiver is not top app, set nt foreground
02-04 20:09:47.410  1937  2679 D NtBoostAdjusterImpl: tryRestoreThreadPriority: pid = 1964, counting = 0
02-04 20:09:47.410  1937  2679 D NtBoostAdjusterImpl: tryRestoreThreadPriority: pid = 13556, counting = 0
02-04 20:09:47.452  1937  1952 I START_DEBUG: remove BIND_TIMEOUT finish    ProcessRecord :ProcessRecord{824b18d 11177:com.google.android.cellbroadcastreceiver/u0a199}
02-04 20:09:47.453  1937  2311 D BackgroundInstallControlService: Package event received: 0
02-04 20:09:47.545  2464  2553 V WindowManagerShell: Transition animation finished (aborted=false), notifying core (#9853) android.os.BinderProxy@c59dd2b@0
02-04 20:09:47.546  1937  2311 D BackgroundInstallControlService: Package event received: 0
02-04 20:09:47.547  1937  1960 V WindowManager: Finish Transition (#9853): created at 02-04 20:09:46.885 collect-started=0.083ms request-sent=10.498ms started=22.219ms ready=30.238ms sent=186.512ms commit=19.482ms finished=661.594ms
02-04 20:09:47.549  2464  2553 V WindowManagerShell: Track 0 became idle
02-04 20:09:47.549  2464  2553 V WindowManagerShell: All active transition animations finished
02-04 20:09:47.562  1937  2029 I ActivityManager: Start proc 11191:com.google.android.gms.ui/u0a131 for content provider {com.google.android.gms/com.google.android.gms.accountsettings.content.SettingsSearchContentProvider}
02-04 20:09:47.562  1937  2029 I START_DEBUG: send START_TIMEOUT message    ProcessRecord :ProcessRecord{ba90da8 11191:com.google.android.gms.ui/u0a131}
02-04 20:09:47.562  1937  2029 I ActivityManager: ProcessObserver broadcast disabled
02-04 20:09:47.579  1937  2132 W PresentationStatsEventLogger: Shouldn't be logging AutofillPresentationEventReported again for same event
02-04 20:09:47.585  1937  4274 V ActivityManager: New death recipient com.android.server.am.ActivityManagerService$AppDeathRecipient@1917cf2 for thread android.os.BinderProxy@4301f43
02-04 20:09:47.586  1937  2311 D BackgroundInstallControlService: Package event received: 0
02-04 20:09:47.588  1937  4274 I START_DEBUG: send BINDTIMEOUT    ProcessRecord :ProcessRecord{ba90da8 11191:com.google.android.gms.ui/u0a131}
02-04 20:09:47.588  1937  4274 I START_DEBUG: remove START_TIMEOUT finish    ProcessRecord :ProcessRecord{ba90da8 11191:com.google.android.gms.ui/u0a131}
02-04 20:09:47.588  1937  4274 D OomAdjuster: process : com.google.android.gms.ui, pid = 11191, isTop = false, uid = 10131, hasActivity = false
02-04 20:09:47.588  1937  4274 D OomAdjuster: process : com.google.android.gms.ui is not top!
02-04 20:09:47.592  1937  1963 I DisplayDeviceRepository: Display device changed render timings: "Built-in Screen", renderFrameRate=90.0, presentationDeadlineNanos=17100000, appVsyncOffsetNanos=633333, frameRateOverrides=[]
02-04 20:09:47.593 11191 11191 D NtScrollerManagerImpl: init NtScrollerManagerImpl
02-04 20:09:47.593  1937  1961 D WindowManager: DeferredDisplayUpdater: partially applying DisplayInfo(1084 x 2412) immediately
02-04 20:09:47.612  1937  2031 D ActivityManager: uid = 10131, pid = 11191, processName = com.google.android.gms.ui is not top app, set nt foreground
02-04 20:09:47.817  1937  2132 I START_DEBUG: remove BIND_TIMEOUT finish    ProcessRecord :ProcessRecord{ba90da8 11191:com.google.android.gms.ui/u0a131}
02-04 20:09:47.818  1937  2311 D BackgroundInstallControlService: Package event received: 0
02-04 20:09:48.059  1937  4181 E TaskPersister: File error accessing recents directory (directory doesn't exist?).
02-04 20:09:48.262  1937  2751 D OomAdjuster: process : com.google.android.gms, pid = 28281, isTop = false, uid = 10131, hasActivity = false
02-04 20:09:48.262  1937  2751 D OomAdjuster: process : com.google.android.gms is not top!
02-04 20:09:48.263  1937  2311 D BackgroundInstallControlService: Package event received: 0
02-04 20:09:48.293  1937  2132 D BiometricService: canAuthenticate: User=0, Caller=0, Authenticators=65536
02-04 20:09:48.296  1937  2132 D BiometricService/PreAuthInfo: getCanAuthenticateInternal Modality: 0 AuthenticatorStatus: 13
02-04 20:09:48.296  1937  2132 D AuthService: canAuthenticate, userId: 0, callingUserId: 0, authenticators: 65536, result: 20
02-04 20:09:48.298  1937  2518 D BiometricService: canAuthenticate: User=0, Caller=0, Authenticators=15
02-04 20:09:48.299  1937  2518 E MultiBiometricLockoutState: getAuthMapForUser : 0 containsKey:true
02-04 20:09:48.299  1937  2518 E MultiBiometricLockoutState: getLockoutState strength:15 mPermanentlyLockedOut: false mTimedLockout:false
02-04 20:09:48.299  1937  2518 D BiometricService/PreAuthInfo: Package: com.google.android.gms Sensor ID: 0 Modality: 2 User id: 0 Status: 1
02-04 20:09:48.299  1937  2518 D BiometricService/PreAuthInfo: Package: com.google.android.gms Sensor ID: 4 Modality: 8 User id: 0 Status: 4
02-04 20:09:48.299  1937  2518 D BiometricService/PreAuthInfo: getCanAuthenticateInternal Modality: 2 AuthenticatorStatus: 1
02-04 20:09:48.299  1937  2518 D AuthService: canAuthenticate, userId: 0, callingUserId: 0, authenticators: 15, result: 0
02-04 20:09:48.324 11034 11052 W LocaleConfig: The resource file pointed to by the given resource ID isn't found.
02-04 20:09:48.342  1937  2518 D OomAdjuster: process : com.google.android.googlequicksearchbox:search, pid = 13757, isTop = false, uid = 10140, hasActivity = false
02-04 20:09:48.342  1937  2518 D OomAdjuster: process : com.google.android.googlequicksearchbox:search is not top!
02-04 20:09:48.344  1937  2311 D BackgroundInstallControlService: Package event received: 0
02-04 20:09:48.368 11034 11052 W LocaleConfig: The resource file pointed to by the given resource ID isn't found.
02-04 20:09:48.372 11034 11052 W LocaleConfig: The resource file pointed to by the given resource ID isn't found.
02-04 20:09:48.494  1937  2311 D BackgroundInstallControlService: Package event received: 0
02-04 20:09:48.511  1937  2029 I ActivityManager: Start proc 11239:com.google.android.healthconnect.controller/u0a209 for content provider {com.google.android.healthconnect.controller/com.android.healthconnect.controller.searchindexables.HealthConnectSearchIndexablesProvider}
02-04 20:09:48.511  1937  2029 I START_DEBUG: send START_TIMEOUT message    ProcessRecord :ProcessRecord{70d2562 11239:com.google.android.healthconnect.controller/u0a209}
02-04 20:09:48.511  1937  2029 I ActivityManager: ProcessObserver broadcast disabled
02-04 20:09:48.560  1937  2518 V ActivityManager: New death recipient com.android.server.am.ActivityManagerService$AppDeathRecipient@b9d8e29 for thread android.os.BinderProxy@1c35ae
02-04 20:09:48.561  1937  2031 D ActivityManager: uid = 10209, pid = 11239, processName = com.google.android.healthconnect.controller is not top app, set nt foreground
02-04 20:09:48.563  1937  2518 I START_DEBUG: send BINDTIMEOUT    ProcessRecord :ProcessRecord{70d2562 11239:com.google.android.healthconnect.controller/u0a209}
02-04 20:09:48.563  1937  2518 I START_DEBUG: remove START_TIMEOUT finish    ProcessRecord :ProcessRecord{70d2562 11239:com.google.android.healthconnect.controller/u0a209}
02-04 20:09:48.563  1937  2518 D OomAdjuster: process : com.google.android.healthconnect.controller, pid = 11239, isTop = false, uid = 10209, hasActivity = false
02-04 20:09:48.563  1937  2518 D OomAdjuster: process : com.google.android.healthconnect.controller is not top!
02-04 20:09:48.573 11239 11239 D NtScrollerManagerImpl: init NtScrollerManagerImpl
02-04 20:09:48.735  1937  2518 I START_DEBUG: remove BIND_TIMEOUT finish    ProcessRecord :ProcessRecord{70d2562 11239:com.google.android.healthconnect.controller/u0a209}
02-04 20:09:48.737  1937  2311 D BackgroundInstallControlService: Package event received: 0
02-04 20:09:48.746  1937  2311 D BackgroundInstallControlService: Package event received: 0
02-04 20:09:48.824  1937  2184 W WindowManager: Drag state is closed when power off.
02-04 20:09:48.830  1937  2311 D BackgroundInstallControlService: Package event received: 0
02-04 20:09:48.845  1937  2311 D BackgroundInstallControlService: Package event received: 0
02-04 20:09:48.848  1937  2029 I ActivityManager: Start proc 11254:com.android.systemui:screenshot/u0a185 for service {com.android.systemui/com.android.systemui.screenshot.TakeScreenshotService}
02-04 20:09:48.848  1937  2029 I START_DEBUG: send START_TIMEOUT message    ProcessRecord :ProcessRecord{59d82e3 11254:com.android.systemui:screenshot/u0a185}
02-04 20:09:48.848  1937  2029 I ActivityManager: ProcessObserver broadcast disabled
02-04 20:09:48.864  1937  2029 I ActivityManager: Start proc 11255:com.google.android.marvin.talkback/u0a172 for content provider {com.google.android.marvin.talkback/com.google.android.accessibility.talkback.preference.search.TalkBackSearchIndexablesProvider}
02-04 20:09:48.864  1937  2029 I START_DEBUG: send START_TIMEOUT message    ProcessRecord :ProcessRecord{bd95399 11255:com.google.android.marvin.talkback/u0a172}
02-04 20:09:48.864  1937  2029 I ActivityManager: ProcessObserver broadcast disabled
02-04 20:09:48.875  1937  2132 V ActivityManager: New death recipient com.android.server.am.ActivityManagerService$AppDeathRecipient@62f8a6a for thread android.os.BinderProxy@6666b5b
02-04 20:09:48.880  1937  2132 I START_DEBUG: send BINDTIMEOUT    ProcessRecord :ProcessRecord{59d82e3 11254:com.android.systemui:screenshot/u0a185}
02-04 20:09:48.880  1937  2132 I START_DEBUG: remove START_TIMEOUT finish    ProcessRecord :ProcessRecord{59d82e3 11254:com.android.systemui:screenshot/u0a185}
02-04 20:09:48.880  1937  2132 D OomAdjuster: process : com.android.systemui:screenshot, pid = 11254, isTop = false, uid = 10185, hasActivity = false
02-04 20:09:48.880  1937  2132 D OomAdjuster: process : com.android.systemui:screenshot is not top!
02-04 20:09:48.884 11254 11254 D NtScrollerManagerImpl: init NtScrollerManagerImpl
02-04 20:09:48.885  1937  2132 V ActivityManager: New death recipient com.android.server.am.ActivityManagerService$AppDeathRecipient@fb3e336 for thread android.os.BinderProxy@966237
02-04 20:09:48.888  1937  2132 I START_DEBUG: send BINDTIMEOUT    ProcessRecord :ProcessRecord{bd95399 11255:com.google.android.marvin.talkback/u0a172}
02-04 20:09:48.888  1937  2132 I START_DEBUG: remove START_TIMEOUT finish    ProcessRecord :ProcessRecord{bd95399 11255:com.google.android.marvin.talkback/u0a172}
02-04 20:09:48.889  1937  2132 D OomAdjuster: process : com.google.android.marvin.talkback, pid = 11255, isTop = false, uid = 10172, hasActivity = false
02-04 20:09:48.889  1937  2132 D OomAdjuster: process : com.google.android.marvin.talkback is not top!
02-04 20:09:48.893 11255 11255 D NtScrollerManagerImpl: init NtScrollerManagerImpl
02-04 20:09:48.895  1937  2031 D ActivityManager: uid = 10185, pid = 11254, processName = com.android.systemui:screenshot is not top app, set nt foreground
02-04 20:09:48.913  1937  2031 D ActivityManager: uid = 10172, pid = 11255, processName = com.google.android.marvin.talkback is not top app, set nt foreground
02-04 20:09:48.985  1937  2311 D BackgroundInstallControlService: Package event received: 0
02-04 20:09:48.987  1937  2751 I START_DEBUG: remove BIND_TIMEOUT finish    ProcessRecord :ProcessRecord{bd95399 11255:com.google.android.marvin.talkback/u0a172}
02-04 20:09:48.988  1937  2311 D BackgroundInstallControlService: Package event received: 0
02-04 20:09:48.999  1937  2029 I ActivityManager: Start proc 11285:com.google.android.permissioncontroller/u0a217 for content provider {com.google.android.permissioncontroller/com.android.permissioncontroller.permission.service.PermissionSearchIndexablesProvider}
02-04 20:09:48.999  1937  2029 I START_DEBUG: send START_TIMEOUT message    ProcessRecord :ProcessRecord{f4af728 11285:com.google.android.permissioncontroller/u0a217}
02-04 20:09:48.999  1937  2029 I ActivityManager: ProcessObserver broadcast disabled
02-04 20:09:49.026  1937  2132 V ActivityManager: New death recipient com.android.server.am.ActivityManagerService$AppDeathRecipient@32bb7d for thread android.os.BinderProxy@a681a72
02-04 20:09:49.029  1937  2132 I START_DEBUG: send BINDTIMEOUT    ProcessRecord :ProcessRecord{f4af728 11285:com.google.android.permissioncontroller/u0a217}
02-04 20:09:49.029  1937  2132 I START_DEBUG: remove START_TIMEOUT finish    ProcessRecord :ProcessRecord{f4af728 11285:com.google.android.permissioncontroller/u0a217}
02-04 20:09:49.030  1937  2132 D OomAdjuster: process : com.google.android.permissioncontroller, pid = 11285, isTop = false, uid = 10217, hasActivity = false
02-04 20:09:49.030  1937  2132 D OomAdjuster: process : com.google.android.permissioncontroller is not top!
02-04 20:09:49.034 11285 11285 D NtScrollerManagerImpl: init NtScrollerManagerImpl
02-04 20:09:49.040  1937  2132 I START_DEBUG: remove BIND_TIMEOUT finish    ProcessRecord :ProcessRecord{59d82e3 11254:com.android.systemui:screenshot/u0a185}
02-04 20:09:49.041  1937  2311 D BackgroundInstallControlService: Package event received: 0
02-04 20:09:49.049  1937  2031 D ActivityManager: uid = 10217, pid = 11285, processName = com.google.android.permissioncontroller is not top app, set nt foreground
02-04 20:09:49.167  1937  2132 V Configuration: Updating configuration, locales updated from [en_GB_#u-fw-mon-mu-celsius,cs_CZ_#u-fw-mon-mu-celsius] to [en_GB_#u-fw-mon-mu-celsius]
02-04 20:09:49.167  1937  2132 V Resources: Updating configuration, with default locale en-US and selected locales [en-GB-u-fw-mon-mu-celsius]
02-04 20:09:49.170  1937  2132 W LocaleConfig: The resource file pointed to by the given resource ID isn't found.
02-04 20:09:49.173  1937  4323 D WindowManager: captureDisplay
02-04 20:09:49.176  1937  2132 V Configuration: Updating configuration, locales updated from [en_GB_#u-fw-mon-mu-celsius,cs_CZ_#u-fw-mon-mu-celsius] to [en_GB_#u-fw-mon-mu-celsius]
02-04 20:09:49.176  1937  2132 V Resources: Updating configuration, with default locale en-US and selected locales [en-GB-u-fw-mon-mu-celsius]
02-04 20:09:49.180  1937  2132 V Configuration: Updating configuration, locales updated from [en_GB_#u-fw-mon-mu-celsius,cs_CZ_#u-fw-mon-mu-celsius] to [en_GB_#u-fw-mon-mu-celsius]
02-04 20:09:49.180  1937  2132 V Resources: Updating configuration, with default locale en-US and selected locales [en-GB-u-fw-mon-mu-celsius]
02-04 20:09:49.192  1937  2751 I START_DEBUG: remove BIND_TIMEOUT finish    ProcessRecord :ProcessRecord{f4af728 11285:com.google.android.permissioncontroller/u0a217}
02-04 20:09:49.192  1937  2311 D BackgroundInstallControlService: Package event received: 0
02-04 20:09:49.237  1937  2311 D BackgroundInstallControlService: Package event received: 0
02-04 20:09:49.239 11254 11335 D MbrainDebugManagerImpl: getService failed
02-04 20:09:49.246 11254 11254 I DisplayManager: Implicitly registering for refresh rate
02-04 20:09:49.252  1937  2029 I ActivityManager: Start proc 11346:com.google.android.projection.gearhead:projection/u0a115 for content provider {com.google.android.projection.gearhead/com.google.android.projection.gearhead.companion.settings.SettingsSearchProvider}
02-04 20:09:49.252  1937  2029 I START_DEBUG: send START_TIMEOUT message    ProcessRecord :ProcessRecord{fe7b285 11346:com.google.android.projection.gearhead:projection/u0a115}
02-04 20:09:49.252  1937  2029 I ActivityManager: ProcessObserver broadcast disabled
02-04 20:09:49.270  1937  2751 W WindowManager: Changing focus from Window{bd8718a u0 com.whatsapp/com.whatsapp.Conversation} to Window{172f2e7 u0 ScreenshotAnimation} displayId=0 Callers=com.android.server.wm.RootWindowContainer.updateFocusedWindowLocked:494 com.android.server.wm.WindowManagerService.updateFocusedWindowLocked:6812 com.android.server.wm.WindowManagerService.addWindowInner:2008 com.android.server.wm.WindowManagerService.addWindow:1929 
02-04 20:09:49.289  1937  2132 V ActivityManager: New death recipient com.android.server.am.ActivityManagerService$AppDeathRecipient@efde039 for thread android.os.BinderProxy@180067e
02-04 20:09:49.295  1937  2132 I START_DEBUG: send BINDTIMEOUT    ProcessRecord :ProcessRecord{fe7b285 11346:com.google.android.projection.gearhead:projection/u0a115}
02-04 20:09:49.295  1937  2132 I START_DEBUG: remove START_TIMEOUT finish    ProcessRecord :ProcessRecord{fe7b285 11346:com.google.android.projection.gearhead:projection/u0a115}
02-04 20:09:49.295  1937  2132 D OomAdjuster: process : com.google.android.projection.gearhead:projection, pid = 11346, isTop = false, uid = 10115, hasActivity = false
02-04 20:09:49.295  1937  2132 D OomAdjuster: process : com.google.android.projection.gearhead:projection is not top!
02-04 20:09:49.302 11346 11346 D NtScrollerManagerImpl: init NtScrollerManagerImpl
02-04 20:09:49.302  1937  2751 D CoreBackPreview: Window{172f2e7 u0 ScreenshotAnimation}: Setting back callback OnBackInvokedCallbackInfo{mCallback=android.window.IOnBackInvokedCallback$Stub$Proxy@e120c8a, mPriority=0, mIsAnimationCallback=false, mOverrideBehavior=0}
02-04 20:09:49.302  1937  2031 D ActivityManager: uid = 10115, pid = 11346, processName = com.google.android.projection.gearhead:projection is not top app, set nt foreground
02-04 20:09:49.327 11254 11254 D NtViewRootImpl: mPopUpViewOffsets: offset=(0.0, 0.0), scale=(1.0, 1.0)
02-04 20:09:49.330  1937  1963 I DisplayDeviceRepository: Display device changed render timings: "Built-in Screen", renderFrameRate=120.00001, presentationDeadlineNanos=13300000, appVsyncOffsetNanos=1099999, frameRateOverrides=[]
02-04 20:09:49.333  1937  1961 D WindowManager: DeferredDisplayUpdater: partially applying DisplayInfo(1084 x 2412) immediately
02-04 20:09:49.405  1937  2748 E AppOps  : attributionTag  not declared in manifest of com.android.systemui
02-04 20:09:49.406  1937  4323 E AppOps  : attributionTag  not declared in manifest of com.android.systemui
02-04 20:09:49.464  1937  2132 E AppOps  : attributionTag  not declared in manifest of com.android.systemui
02-04 20:09:49.465  1937  2132 E AppOps  : attributionTag  not declared in manifest of com.android.systemui
02-04 20:09:49.467  1937  2132 D AS.AudioService: [reportAudioTrackStatusChanged]start broadcast, pid = 11254, uid = 10185, status = 1, streamType = 1, pkgName = com.android.systemui, sessionId = 73737
02-04 20:09:49.468  1937  2132 D AS.AudioService: [reportAudioTrackStatusChanged]finish broadcast
02-04 20:09:49.469  1937  2132 D AS.AudioService: [reportAudioTrackStatusChanged]start broadcast, pid = 11254, uid = 10185, status = 0, streamType = 1, pkgName = com.android.systemui, sessionId = 73737
02-04 20:09:49.469  1937  2485 D NtAudioGlyphServiceImpl: invalidateAudioLightRequests size#0 current null target null
02-04 20:09:49.470  1937  2132 D AS.AudioService: [reportAudioTrackStatusChanged]finish broadcast
02-04 20:09:49.531  1937  2311 D BackgroundInstallControlService: Package event received: 0
02-04 20:09:49.554  1937  2029 I ActivityManager: Start proc 11409:com.nothing.essentialintelligence/u0a270 for content provider {com.nothing.essentialintelligence/com.nothing.essentialintelligence.search.EssentialSearchIndexablesProvider}
02-04 20:09:49.554  1937  2029 I START_DEBUG: send START_TIMEOUT message    ProcessRecord :ProcessRecord{fb831bf 11409:com.nothing.essentialintelligence/u0a270}
02-04 20:09:49.554  1937  2029 I ActivityManager: ProcessObserver broadcast disabled
02-04 20:09:49.569  1937  2746 V ActivityManager: Death received in com.android.server.am.ActivityManagerService$AppDeathRecipient@8aabf40 for thread android.os.BinderProxy@2791e79
02-04 20:09:49.576  1937  2746 I ActivityManager: Process app.revanced.android.apps.youtube.music (pid 8180) has died: cch+55 CEM 
02-04 20:09:49.577  1937  1937 D MBrainLocalService: isVendorFreezeConditionPass is false
02-04 20:09:49.577  1937  1937 D MBrainLocalService: notifyAppLifeCycle failed
02-04 20:09:49.590  1937  1963 D NtPerfTraceManagerImpl: packageName = null, taskId = -1
02-04 20:09:49.612  1937  2746 I START_DEBUG: remove ALL_TIMEOUT cleanup   ProcessRecord :ProcessRecord{63896d3 8180:app.revanced.android.apps.youtube.music/u0a315}
02-04 20:09:49.615  1937  2132 V ActivityManager: New death recipient com.android.server.am.ActivityManagerService$AppDeathRecipient@2536851 for thread android.os.BinderProxy@6f248b6
02-04 20:09:49.622  1937  2132 I START_DEBUG: send BINDTIMEOUT    ProcessRecord :ProcessRecord{fb831bf 11409:com.nothing.essentialintelligence/u0a270}
02-04 20:09:49.622  1937  2132 I START_DEBUG: remove START_TIMEOUT finish    ProcessRecord :ProcessRecord{fb831bf 11409:com.nothing.essentialintelligence/u0a270}
02-04 20:09:49.623  1937  2132 D OomAdjuster: process : com.nothing.essentialintelligence, pid = 11409, isTop = false, uid = 10270, hasActivity = false
02-04 20:09:49.623  1937  2132 D OomAdjuster: system app not need limit!
02-04 20:09:49.631 11409 11409 D NtScrollerManagerImpl: init NtScrollerManagerImpl
02-04 20:09:49.648 11254 11254 D NtViewRootImpl: mPopUpViewOffsets: offset=(0.0, 0.0), scale=(1.0, 1.0)
02-04 20:09:49.690  1937  2751 D AS.AudioService: [reportAudioTrackStatusChanged]start broadcast, pid = 28777, uid = 10346, status = 1, streamType = 3, pkgName = com.instafel.android, sessionId = 73713
02-04 20:09:49.691  1937  2751 D AS.AudioService: [reportAudioTrackStatusChanged]finish broadcast
02-04 20:09:49.815 11409 11439 D MbrainDebugManagerImpl: getService failed
02-04 20:09:49.827  1937  4323 I START_DEBUG: remove BIND_TIMEOUT finish    ProcessRecord :ProcessRecord{fb831bf 11409:com.nothing.essentialintelligence/u0a270}
02-04 20:09:49.828  1937  2311 D BackgroundInstallControlService: Package event received: 0
02-04 20:09:49.832  1937  4293 V ActivityManager: Death received in com.android.server.am.ActivityManagerService$AppDeathRecipient@e335000 for thread android.os.BinderProxy@e394039
02-04 20:09:49.832  1937  4293 I ActivityManager: Process com.google.android.youtube (pid 5052) has died: cch+55 CEM 
02-04 20:09:49.833  1937  1937 D MBrainLocalService: isVendorFreezeConditionPass is false
02-04 20:09:49.833  1937  1937 D MBrainLocalService: notifyAppLifeCycle failed
02-04 20:09:49.837  1937  4293 I START_DEBUG: remove ALL_TIMEOUT cleanup   ProcessRecord :ProcessRecord{6940d3d 5052:com.google.android.youtube/u0a170}
02-04 20:09:49.843  1937  2746 I START_DEBUG: remove BIND_TIMEOUT finish    ProcessRecord :ProcessRecord{fe7b285 11346:com.google.android.projection.gearhead:projection/u0a115}
02-04 20:09:49.845  1937  2311 D BackgroundInstallControlService: Package event received: 0
02-04 20:09:49.850  1937  2029 I ActivityManager: Start proc 11445:com.google.android.projection.gearhead:shared/u0a115 for service {com.google.android.projection.gearhead/com.google.android.gearhead.service.SharedService}
02-04 20:09:49.851  1937  2029 I START_DEBUG: send START_TIMEOUT message    ProcessRecord :ProcessRecord{9317b9f 11445:com.google.android.projection.gearhead:shared/u0a115}
02-04 20:09:49.853  1937  2029 I ActivityManager: ProcessObserver broadcast disabled
02-04 20:09:49.871  1937  2133 V ActivityManager: New death recipient com.android.server.am.ActivityManagerService$AppDeathRecipient@713f97 for thread android.os.BinderProxy@7624584
02-04 20:09:49.873  1937  2133 I START_DEBUG: send BINDTIMEOUT    ProcessRecord :ProcessRecord{9317b9f 11445:com.google.android.projection.gearhead:shared/u0a115}
02-04 20:09:49.873  1937  2133 I START_DEBUG: remove START_TIMEOUT finish    ProcessRecord :ProcessRecord{9317b9f 11445:com.google.android.projection.gearhead:shared/u0a115}
02-04 20:09:49.873  1937  2133 D OomAdjuster: process : com.google.android.projection.gearhead:shared, pid = 11445, isTop = false, uid = 10115, hasActivity = false
02-04 20:09:49.873  1937  2133 D OomAdjuster: process : com.google.android.projection.gearhead:shared is not top!
