02-04 20:09:16.534  1937  1937 V UiModeManager: updateLocked: null action, mDockState=0, category=null
02-04 20:09:16.535  1937  1937 E UiModeManager: mComputedNightMode:true, mNightMode.get():0, mOverrideNightModeOn:false, mOverrideNightModeOff:falsemTwilightManager.getLastTwilightState():TwilightState { sunrise=02-05 07:17 sunset=02-04 16:55 }
02-04 20:09:16.535  1937  1937 D UiModeManager: updateConfigurationLocked: mDockState=0; mCarMode=false; mNightMode=com.android.server.UiModeManagerService$1@33ef83e; mNightModeCustomType=-1; uiMode=33
02-04 20:09:16.952  1937  2357 D ActivityManager: getProcessesInErrorState callingUid=10346, CallingPid=28777
02-04 20:09:17.454  1937  2357 D ActivityManager: getProcessesInErrorState callingUid=10346, CallingPid=28777
02-04 20:09:17.955  1937  2809 D ActivityManager: getProcessesInErrorState callingUid=10346, CallingPid=28777
02-04 20:09:18.457  1937  2809 D ActivityManager: getProcessesInErrorState callingUid=10346, CallingPid=28777
02-04 20:09:18.577  1937  2164 D ActivityManager: freezing 30980 com.google.android.as.oss
02-04 20:09:18.957  1937  2164 D ActivityManager: freezing 10828 com.nothing.gallery.media.proxy
02-04 20:09:18.959  1937  2809 D ActivityManager: getProcessesInErrorState callingUid=10346, CallingPid=28777
02-04 20:09:18.960  1937  2164 D ActivityManager: freezing 10787 com.nothing.gallery
02-04 20:09:19.464  1937  2809 D ActivityManager: getProcessesInErrorState callingUid=10346, CallingPid=28777
02-04 20:09:19.967  1937  2357 D ActivityManager: getProcessesInErrorState callingUid=10346, CallingPid=28777
02-04 20:09:20.469  1937  2357 D ActivityManager: getProcessesInErrorState callingUid=10346, CallingPid=28777
02-04 20:09:20.971  1937  2809 D ActivityManager: getProcessesInErrorState callingUid=10346, CallingPid=28777
02-04 20:09:21.472  1937  2809 D ActivityManager: getProcessesInErrorState callingUid=10346, CallingPid=28777
02-04 20:09:21.975  1937  2357 D ActivityManager: getProcessesInErrorState callingUid=10346, CallingPid=28777
02-04 20:09:22.478  1937  2357 D ActivityManager: getProcessesInErrorState callingUid=10346, CallingPid=28777
02-04 20:09:22.980  1937  2809 D ActivityManager: getProcessesInErrorState callingUid=10346, CallingPid=28777
02-04 20:09:23.482  1937  2357 D ActivityManager: getProcessesInErrorState callingUid=10346, CallingPid=28777
02-04 20:09:23.826  1937  2762 D NtMemoryManager: don't raise adj due to remove task : app.revanced.android.youtube : -1
02-04 20:09:23.827  1937  2762 D NtMemoryManager: com.whatsapp last pss: 1078576
02-04 20:09:23.827  1937  2762 D NtMemoryManager: com.tkolymp.tkolympapp last pss: 2017100
02-04 20:09:23.987  1937  2809 D ActivityManager: getProcessesInErrorState callingUid=10346, CallingPid=28777
02-04 20:09:24.491  1937  2809 D ActivityManager: getProcessesInErrorState callingUid=10346, CallingPid=28777
02-04 20:09:24.994  1937  2809 D ActivityManager: getProcessesInErrorState callingUid=10346, CallingPid=28777
02-04 20:09:25.496  1937  2357 D ActivityManager: getProcessesInErrorState callingUid=10346, CallingPid=28777
02-04 20:09:25.999  1937  2809 D ActivityManager: getProcessesInErrorState callingUid=10346, CallingPid=28777
02-04 20:09:26.501  1937  2809 D ActivityManager: getProcessesInErrorState callingUid=10346, CallingPid=28777
02-04 20:09:27.004  1937  4293 D ActivityManager: getProcessesInErrorState callingUid=10346, CallingPid=28777
02-04 20:09:27.509  1937  2357 D ActivityManager: getProcessesInErrorState callingUid=10346, CallingPid=28777
02-04 20:09:28.015  1937  2357 D ActivityManager: getProcessesInErrorState callingUid=10346, CallingPid=28777
02-04 20:09:28.517  1937  2357 D ActivityManager: getProcessesInErrorState callingUid=10346, CallingPid=28777
02-04 20:09:29.019  1937  2357 D ActivityManager: getProcessesInErrorState callingUid=10346, CallingPid=28777
02-04 20:09:29.437  1937  2028 D NtMemoryManager: set com.whatsapp adj to 801
02-04 20:09:29.468  1937  2164 D ActivityManager: freezing 28281 com.google.android.gms
02-04 20:09:29.523  1937  4293 D ActivityManager: getProcessesInErrorState callingUid=10346, CallingPid=28777
02-04 20:09:30.025  1937  2357 D ActivityManager: getProcessesInErrorState callingUid=10346, CallingPid=28777
02-04 20:09:30.165  1937  2028 D NtMemoryManager: not set com.whatsapp adj to 801
02-04 20:09:30.165  1937  2028 D OomAdjuster: process : com.whatsapp, pid = 11310, isTop = false, uid = 10224, hasActivity = true
02-04 20:09:30.165  1937  2028 D OomAdjuster: process : com.whatsapp is not top!
02-04 20:09:30.186  1937  2311 D BackgroundInstallControlService: Package event received: 0
02-04 20:09:30.200  1937  2357 I ActivityManager: Background started FGS: Allowed [callingPackage: com.whatsapp; callingUid: 10224; uidState: SVC ; uidBFSL: n/a; intent: Intent { xflg=0x4 cmp=com.whatsapp/.messaging.service.GcmFGService }; code:PUSH_MESSAGING; tempAllowListReason:<e0e887c com.google.android.c2dm.intent.RECEIVE/u0,reasonCode:PUSH_MESSAGING,duration:20000,callingUid:10131>; allowWiu:-1; targetSdkVersion:35; callerTargetSdkVersion:35; startForegroundCount:0; bindFromPackage:null: isBindService:false]
02-04 20:09:30.201  1937  2357 D NtMemoryManager: not set com.whatsapp adj to 801
02-04 20:09:30.216  1937  2357 W ActivityManager: Foreground service started from background can not have location/camera/microphone access: service com.whatsapp/.messaging.service.GcmFGService
02-04 20:09:30.216  1937  2357 I ActivityManager: Background started FGS: Allowed [callingPackage: com.whatsapp; callingUid: 10224; uidState: FGS ; uidBFSL: [BFSL]; intent: Intent { cmp=com.whatsapp/.messaging.service.GcmFGService }; code:PROC_STATE_FGS; tempAllowListReason:<e0e887c com.google.android.c2dm.intent.RECEIVE/u0,reasonCode:PUSH_MESSAGING,duration:20000,callingUid:10131>; allowWiu:-1; targetSdkVersion:35; callerTargetSdkVersion:35; startForegroundCount:0; bindFromPackage:null: isBindService:false]
02-04 20:09:30.218  1937  2311 D BackgroundInstallControlService: Package event received: 0
02-04 20:09:30.218  1937  2357 W ForegroundServiceTypeLoggerModule: Foreground service start for UID: 10224 does not have any types
02-04 20:09:30.530  1937  2809 D ActivityManager: getProcessesInErrorState callingUid=10346, CallingPid=28777
02-04 20:09:31.035  1937  2357 D ActivityManager: getProcessesInErrorState callingUid=10346, CallingPid=28777
02-04 20:09:31.130  1937  2357 D OomAdjuster: process : android.process.acore, pid = 20894, isTop = false, uid = 10064, hasActivity = false
02-04 20:09:31.130  1937  2357 D OomAdjuster: process : android.process.acore is not top!
02-04 20:09:31.132  1937  2311 D BackgroundInstallControlService: Package event received: 0
02-04 20:09:31.132  1937  2311 D BackgroundInstallControlService: Package event received: 0
02-04 20:09:31.132  1937  2311 D BackgroundInstallControlService: Package event received: 0
02-04 20:09:31.132  1937  2311 D BackgroundInstallControlService: Package event received: 0
02-04 20:09:31.435  1937  1937 D NtNotificationManagerService: playGlyphEffect glyphNotificationEnable = true
02-04 20:09:31.436  1937  1937 E NtNotificationManagerService: getSound supportGenerativeRingtone = false, isDefaultRingtone = false
02-04 20:09:31.436  1937  1937 D NtNotificationManagerService: skip playGlyphEffect, mGlyphNotificationEnable = true, FLAG_ONGOING_EVENT = 0, FLAG_FOREGROUND_SERVICE = 0, isInCall = false, isScreenOn = true, isSoundOnly = false, is silent Notification = false, skipPlayGlyphForNotEssentialNotification = false
02-04 20:09:31.436  1937  1937 E NtNotificationManagerService: getSound supportGenerativeRingtone = false, isDefaultRingtone = false
02-04 20:09:31.471  1937  1937 D NtNotificationManagerService: playGlyphEffect glyphNotificationEnable = true
02-04 20:09:31.471  1937  1937 E NtNotificationManagerService: getSound supportGenerativeRingtone = false, isDefaultRingtone = false
02-04 20:09:31.471  1937  1937 D NtNotificationManagerService: skip playGlyphEffect, mGlyphNotificationEnable = true, FLAG_ONGOING_EVENT = 0, FLAG_FOREGROUND_SERVICE = 0, isInCall = false, isScreenOn = true, isSoundOnly = false, is silent Notification = false, skipPlayGlyphForNotEssentialNotification = false
02-04 20:09:31.471  1937  1937 E NtNotificationManagerService: getSound supportGenerativeRingtone = false, isDefaultRingtone = false
02-04 20:09:31.471  1937  2311 D BackgroundInstallControlService: Package event received: 0
02-04 20:09:31.473  1937  1937 D NotifAttentionHelper:  playVibration:NotificationRecord(0x0f87872f: pkg=com.whatsapp user=UserHandle{0} id=1 tag=null importance=4 key=0|com.whatsapp|1|null|10224: Notification(channel=individual_chat_defaults_9 shortcut=187672907784396@lid contentView=null vibrate=null sound=null tick defaults=0 flags=GROUP_SUMMARY color=0xff21c063 category=msg groupKey=group_key_messages vis=PRIVATE publicVersion=Notification(channel=null shortcut=null contentView=null vibrate=null sound=null defaults=0 flags=0 color=0xff21c063 category=msg vis=PRIVATE))) key:0|com.whatsapp|1|null|10224
02-04 20:09:31.473  1937  1937 D NotifAttentionHelper: buzzBeepBlinkLocked key = 0|com.whatsapp|1|null|10224, beep = true, buzz = true, isInsistentUpdate = false, hasValidSound = true, vibrateOnly = false, isInCall = false, ringerModeSilent = false, hasValidVibrate = true
02-04 20:09:31.506  2464  2464 E NTEssentialNotification: Could not create conversation channel
02-04 20:09:31.506  2464  2464 E NTEssentialNotification: java.lang.NullPointerException: Attempt to invoke interface method 'void android.app.INotificationManager.createConversationNotificationChannelForPackage(java.lang.String, int, android.app.NotificationChannel, java.lang.String)' on a null object reference
02-04 20:09:31.506  2464  2464 E NTEssentialNotification: 	at com.nothing.systemui.statusbar.notification.NTEssentialNotification.createConversationChannelIfNeeded(NTEssentialNotification.java:291)
02-04 20:09:31.506  2464  2464 E NTEssentialNotification: 	at com.nothing.systemui.statusbar.notification.NTEssentialNotification.<init>(NTEssentialNotification.java:76)
02-04 20:09:31.506  2464  2464 E NTEssentialNotification: 	at com.nothing.systemui.statusbar.notification.NTEssentialNotificationManager.onNotificationPosted(NTEssentialNotificationManager.kt:378)
02-04 20:09:31.506  2464  2464 E NTEssentialNotification: 	at com.android.systemui.statusbar.NotificationListener.lambda$onNotificationPosted$1(NotificationListener.java:142)
02-04 20:09:31.506  2464  2464 E NTEssentialNotification: 	at com.android.systemui.statusbar.NotificationListener.$r8$lambda$D_iWPMODCNotd7MVeGt286dGmJ4(Unknown Source:0)
02-04 20:09:31.506  2464  2464 E NTEssentialNotification: 	at com.android.systemui.statusbar.NotificationListener$$ExternalSyntheticLambda2.run(D8$$SyntheticClass:0)
02-04 20:09:31.506  2464  2464 E NTEssentialNotification: 	at android.os.Handler.handleCallback(Handler.java:995)
02-04 20:09:31.506  2464  2464 E NTEssentialNotification: 	at android.os.Handler.dispatchMessage(Handler.java:103)
02-04 20:09:31.506  2464  2464 E NTEssentialNotification: 	at android.os.Looper.loopOnce(Looper.java:283)
02-04 20:09:31.506  2464  2464 E NTEssentialNotification: 	at android.os.Looper.loop(Looper.java:392)
02-04 20:09:31.506  2464  2464 E NTEssentialNotification: 	at android.app.ActivityThread.main(ActivityThread.java:9231)
02-04 20:09:31.506  2464  2464 E NTEssentialNotification: 	at java.lang.reflect.Method.invoke(Native Method)
02-04 20:09:31.506  2464  2464 E NTEssentialNotification: 	at com.android.internal.os.RuntimeInit$MethodAndArgsCaller.run(RuntimeInit.java:633)
02-04 20:09:31.506  2464  2464 E NTEssentialNotification: 	at com.android.internal.os.ZygoteInit.main(ZygoteInit.java:1026)
02-04 20:09:31.506  2464  2464 E NTEssentialNotification: Could not create conversation channel
02-04 20:09:31.506  2464  2464 E NTEssentialNotification: java.lang.NullPointerException: Attempt to invoke interface method 'void android.app.INotificationManager.createConversationNotificationChannelForPackage(java.lang.String, int, android.app.NotificationChannel, java.lang.String)' on a null object reference
02-04 20:09:31.506  2464  2464 E NTEssentialNotification: 	at com.nothing.systemui.statusbar.notification.NTEssentialNotification.createConversationChannelIfNeeded(NTEssentialNotification.java:291)
02-04 20:09:31.506  2464  2464 E NTEssentialNotification: 	at com.nothing.systemui.statusbar.notification.NTEssentialNotification.<init>(NTEssentialNotification.java:76)
02-04 20:09:31.506  2464  2464 E NTEssentialNotification: 	at com.nothing.systemui.statusbar.notification.NTEssentialNotificationManager.onNotificationPosted(NTEssentialNotificationManager.kt:378)
02-04 20:09:31.506  2464  2464 E NTEssentialNotification: 	at com.android.systemui.statusbar.NotificationListener.lambda$onNotificationPosted$1(NotificationListener.java:142)
02-04 20:09:31.506  2464  2464 E NTEssentialNotification: 	at com.android.systemui.statusbar.NotificationListener.$r8$lambda$D_iWPMODCNotd7MVeGt286dGmJ4(Unknown Source:0)
02-04 20:09:31.506  2464  2464 E NTEssentialNotification: 	at com.android.systemui.statusbar.NotificationListener$$ExternalSyntheticLambda2.run(D8$$SyntheticClass:0)
02-04 20:09:31.506  2464  2464 E NTEssentialNotification: 	at android.os.Handler.handleCallback(Handler.java:995)
02-04 20:09:31.506  2464  2464 E NTEssentialNotification: 	at android.os.Handler.dispatchMessage(Handler.java:103)
02-04 20:09:31.506  2464  2464 E NTEssentialNotification: 	at android.os.Looper.loopOnce(Looper.java:283)
02-04 20:09:31.506  2464  2464 E NTEssentialNotification: 	at android.os.Looper.loop(Looper.java:392)
02-04 20:09:31.506  2464  2464 E NTEssentialNotification: 	at android.app.ActivityThread.main(ActivityThread.java:9231)
02-04 20:09:31.506  2464  2464 E NTEssentialNotification: 	at java.lang.reflect.Method.invoke(Native Method)
02-04 20:09:31.506  2464  2464 E NTEssentialNotification: 	at com.android.internal.os.RuntimeInit$MethodAndArgsCaller.run(RuntimeInit.java:633)
02-04 20:09:31.506  2464  2464 E NTEssentialNotification: 	at com.android.internal.os.ZygoteInit.main(ZygoteInit.java:1026)
02-04 20:09:31.537  1937  2809 D ActivityManager: getProcessesInErrorState callingUid=10346, CallingPid=28777
02-04 20:09:31.675  1937  2828 I AS.FadeOutManager: unfadeOutUid() uid:10185
02-04 20:09:31.872  1937  2037 D OomAdjuster: set group = 5
02-04 20:09:31.872  1937  2037 D OomAdjuster: set cpuset: 5
02-04 20:09:31.872  1937  2311 D BackgroundInstallControlService: Package event received: 0
02-04 20:09:31.872  1937  2311 D BackgroundInstallControlService: Package event received: 0
02-04 20:09:31.872  1937  2311 D BackgroundInstallControlService: Package event received: 0
02-04 20:09:31.872  1937  2311 D BackgroundInstallControlService: Package event received: 0
02-04 20:09:31.872  1937  2311 D BackgroundInstallControlService: Package event received: 0
02-04 20:09:31.873  1937  2809 D CoreBackPreview: Window{4ac65b8 u0 NotificationShade}: Setting back callback OnBackInvokedCallbackInfo{mCallback=android.window.IOnBackInvokedCallback$Stub$Proxy@5469241, mPriority=0, mIsAnimationCallback=false, mOverrideBehavior=0}
02-04 20:09:31.875  1937  2809 D OomAdjuster: process : com.android.systemui, pid = 2464, isTop = false, uid = 10185, hasActivity = false
02-04 20:09:31.876  1937  2809 D OomAdjuster: system app not need limit!
02-04 20:09:31.876  1937  2037 D OomAdjuster: set group = -1
02-04 20:09:31.876  1937  2037 D OomAdjuster: set cpuset: -1
02-04 20:09:31.894  1937  2037 D OomAdjuster: set group = 5
02-04 20:09:31.894  1937  2037 D OomAdjuster: set cpuset: 5
02-04 20:09:31.904  1937  4292 I WindowManager: Relayout Window{4ac65b8 u0 NotificationShade}: oldVis=4 newVis=0 focusMayChange = true requestedWidth = 1084 requestedHeight = 2412 outFrames = ClientWindowFrames{frame=[0,0][1084,2412] display=[0,0][1084,2412] parentFrame=[0,0][0,0]} outSurfaceControl = Surface(name=NotificationShade)/@0x5ba4879
02-04 20:09:31.925  1937  1963 I DisplayDeviceRepository: Display device changed render timings: "Built-in Screen", renderFrameRate=120.00001, presentationDeadlineNanos=13300000, appVsyncOffsetNanos=1099999, frameRateOverrides=[]
02-04 20:09:31.928  1937  1961 D WindowManager: DeferredDisplayUpdater: partially applying DisplayInfo(1084 x 2412) immediately
02-04 20:09:31.966  1937  2809 D SystemServerTiming: getUserSwitchability-0
02-04 20:09:31.966  1937  2809 D SystemServerTiming: TM.isInCall
02-04 20:09:31.966  1937  2809 D SystemServerTiming: hasUserRestriction-DISALLOW_USER_SWITCH
02-04 20:09:31.966  1937  2809 D SystemServerTiming: getInt-ALLOW_USER_SWITCHING_WHEN_SYSTEM_USER_LOCKED
02-04 20:09:31.966  1937  2809 D SystemServerTiming: isUserUnlocked-USER_SYSTEM
02-04 20:09:31.967  1937  2828 D SystemServerTiming: getUserSwitchability-0
02-04 20:09:31.967  1937  2828 D SystemServerTiming: TM.isInCall
02-04 20:09:31.967  1937  2828 D SystemServerTiming: hasUserRestriction-DISALLOW_USER_SWITCH
02-04 20:09:31.967  1937  2828 D SystemServerTiming: getInt-ALLOW_USER_SWITCHING_WHEN_SYSTEM_USER_LOCKED
02-04 20:09:31.967  1937  2828 D SystemServerTiming: isUserUnlocked-USER_SYSTEM
02-04 20:09:31.980  1937 10936 E NtNotificationManagerService: getSound supportGenerativeRingtone = false, isDefaultRingtone = false
02-04 20:09:31.980  1937 10936 D NtNotificationManagerService: play NtNotificationRingtoneVibrate uri = content://media/internal/audio/media/24?title=cough&soundOnly=0, reason = Notification (com.whatsapp 10224) (Delayed)
02-04 20:09:31.980  1937 10936 D NtNotificationManagerService: vibrate uri = content://media/internal/audio/media/24?title=cough&soundOnly=0, isInternalRingtone = true isGenerativeRingtone = false
02-04 20:09:31.980  1937 10936 D NtNotificationManagerService: playNotificationRingtoneVibrate uri = content://media/internal/audio/media/24?title=cough&soundOnly=0 isGenerativeRingtone:false
02-04 20:09:31.989  1937 17660 D VibratorManagerService: vibrate uid =1000, opPkg = android, reason = null, attrs = VibrationAttributes{mUsage=UNKNOWN, mAudioUsage= USAGE_UNKNOWN, mFlags=0}
02-04 20:09:31.989  1937 17660 D RichTapVibratorService: none richtap effect, do nothing!!
02-04 20:09:31.989  1937 17660 D VibratorManagerService: Starting vibrate for vibration 42862
02-04 20:09:31.989  1937 17660 D VibrationSettings: usage = 0
02-04 20:09:31.990  1937 17660 D VibratorManagerService: Check AppOp mode VIBRATE for uid 1000 and package android returned audio=allow, op=allow
02-04 20:09:31.990  1937 17660 D NtVibratorManagerImpl: nt should ignore, do nothing!
02-04 20:09:31.990  1937 17660 D RichTapVibratorService: get sender id pid:1937 seq:60293121
02-04 20:09:31.990  1937 17660 D RichTapVibratorService: checkIfFirstHe2_0Package firstPatternIndexInPackage: 0
02-04 20:09:31.990  1937 17660 D NtVibratorManagerImpl: time before vibratorStop : 1770232171990
02-04 20:09:31.990  1937 17660 D RichTapVibratorService: aac richtap doVibratorStop
02-04 20:09:31.990  1937 17660 D RichTapVibratorService: richtap service stop!!
02-04 20:09:31.992  1937 17660 D NtVibratorManagerImpl: time after vibratorStop : 1770232171992
02-04 20:09:31.992  1937 17660 D RichTapVibratorService: get sender id pid:1937 seq:60293121
02-04 20:09:31.993  1937 17660 D NtVibratorManagerImpl: start play he!
02-04 20:09:31.993  1937 17660 D VibratorManagerService: Vibration for uid=1000 and with attrs=VibrationAttributes{mUsage=UNKNOWN, mAudioUsage= USAGE_UNKNOWN, mFlags=0} ended with status RUNNING
02-04 20:09:32.003  1937  4292 D NtVibratorManagerImpl:  result:1
02-04 20:09:32.004  1937 17660 D VibratorManagerService: vibrate uid =1000, opPkg = android, reason = null, attrs = VibrationAttributes{mUsage=UNKNOWN, mAudioUsage= USAGE_UNKNOWN, mFlags=0}
02-04 20:09:32.004  1937 17660 D RichTapVibratorService: none richtap effect, do nothing!!
02-04 20:09:32.004  1937 17660 D VibratorManagerService: Starting vibrate for vibration 42863
02-04 20:09:32.004  1937 17660 D VibrationSettings: usage = 0
02-04 20:09:32.004  1937 17660 D VibratorManagerService: Check AppOp mode VIBRATE for uid 1000 and package android returned audio=allow, op=allow
02-04 20:09:32.004  1937 17660 D NtVibratorManagerImpl: nt should ignore, do nothing!
02-04 20:09:32.004  1937 17660 D RichTapVibratorService: get sender id pid:1937 seq:60293122
02-04 20:09:32.004  1937 17660 D RichTapVibratorService: checkIfFirstHe2_0Package firstPatternIndexInPackage: 0
02-04 20:09:32.004  1937 17660 D NtVibratorManagerImpl: time before vibratorStop : 1770232172004
02-04 20:09:32.004  1937 17660 D RichTapVibratorService: aac richtap doVibratorStop
02-04 20:09:32.004  1937 17660 D RichTapVibratorService: richtap service stop!!
02-04 20:09:32.004  1937 17660 D NtVibratorManagerImpl: time after vibratorStop : 1770232172004
02-04 20:09:32.004  1937 17660 D RichTapVibratorService: get sender id pid:1937 seq:60293122
02-04 20:09:32.004  1937 17660 D NtVibratorManagerImpl: start play he!
02-04 20:09:32.005  1937 17660 D VibratorManagerService: Vibration for uid=1000 and with attrs=VibrationAttributes{mUsage=UNKNOWN, mAudioUsage= USAGE_UNKNOWN, mFlags=0} ended with status RUNNING
02-04 20:09:32.015  1937  4292 D NtVibratorManagerImpl:  result:1
02-04 20:09:32.016  1937  4292 D NtVibratorManagerImpl:  result:1
02-04 20:09:32.041  1937  4292 D ActivityManager: getProcessesInErrorState callingUid=10346, CallingPid=28777
02-04 20:09:32.314  1937  2311 D BackgroundInstallControlService: Package event received: 0
02-04 20:09:32.372  1937  2828 E AppOps  : attributionTag  not declared in manifest of com.android.systemui
02-04 20:09:32.373  1937  4292 E AppOps  : attributionTag  not declared in manifest of com.android.systemui
02-04 20:09:32.383  1937  2485 D NtAudioGlyphServiceImpl: invalidateAudioLightRequests size#1 current null target null
02-04 20:09:32.384  1937  4292 D AS.AudioService: [reportAudioTrackStatusChanged]start broadcast, pid = 2464, uid = 10185, status = 0, streamType = 5, pkgName = com.android.systemui, sessionId = 73729
02-04 20:09:32.389  1937  4292 D AS.AudioService: [reportAudioTrackStatusChanged]finish broadcast
02-04 20:09:32.397  1937  4292 D NtVibratorManagerImpl:  result:1
02-04 20:09:32.461  1937  4292 E AppOps  : attributionTag  not declared in manifest of com.android.systemui
02-04 20:09:32.462  1937  4292 E AppOps  : attributionTag  not declared in manifest of com.android.systemui
02-04 20:09:32.463  1937  4292 D AS.AudioService: [reportAudioTrackStatusChanged]start broadcast, pid = 2464, uid = 10185, status = 1, streamType = 5, pkgName = com.android.systemui, sessionId = 73729
02-04 20:09:32.463  1937  4292 D AS.AudioService: [reportAudioTrackStatusChanged]finish broadcast
02-04 20:09:32.543  1937  2828 D ActivityManager: getProcessesInErrorState callingUid=10346, CallingPid=28777
02-04 20:09:32.826  1937  2828 I AS.FadeOutManager: unfadeOutUid() uid:10346
02-04 20:09:32.846  1937  4292 D AS.AudioService: [reportAudioTrackStatusChanged]start broadcast, pid = 2464, uid = 10185, status = 1, streamType = 5, pkgName = com.android.systemui, sessionId = 73729
02-04 20:09:32.846  1937  4292 D AS.AudioService: [reportAudioTrackStatusChanged]finish broadcast
02-04 20:09:33.047  1937  4292 D ActivityManager: getProcessesInErrorState callingUid=10346, CallingPid=28777
02-04 20:09:33.116  1937  4292 D ActivityManager: Stop FGS timeout: ServiceRecord{e24167 u0 com.whatsapp/.messaging.service.GcmFGService c:com.whatsapp}
02-04 20:09:33.119  1937  4292 W ForegroundServiceTypeLoggerModule: FGS stop call for: 10224 has no types!
02-04 20:09:33.122  1937  2311 D BackgroundInstallControlService: Package event received: 0
02-04 20:09:33.123  1937  4292 D NtMemoryManager: not set com.whatsapp adj to 801
02-04 20:09:33.306  1937  2762 D NtMemoryManager: don't raise adj due to remove task : app.revanced.android.youtube : -1
02-04 20:09:33.307  1937  2762 D NtMemoryManager: com.whatsapp last pss: 1078576
02-04 20:09:33.307  1937  2762 D NtMemoryManager: com.tkolymp.tkolympapp last pss: 2017100
02-04 20:09:33.550  1937  4292 D ActivityManager: getProcessesInErrorState callingUid=10346, CallingPid=28777
02-04 20:09:34.053  1937  4292 D ActivityManager: getProcessesInErrorState callingUid=10346, CallingPid=28777
02-04 20:09:34.556  1937  4292 D ActivityManager: getProcessesInErrorState callingUid=10346, CallingPid=28777
02-04 20:09:34.829  1937  1937 D MBrainLocalService: isVendorFreezeConditionPass is false
02-04 20:09:34.829  1937  1937 D MBrainLocalService: notifyAudioModeChange failed
02-04 20:09:35.059  1937  2357 D ActivityManager: getProcessesInErrorState callingUid=10346, CallingPid=28777
02-04 20:09:35.354  1937  2357 I WindowManager: Relayout Window{ecd4a88 u0 LaunchPopView Animation}: oldVis=8 newVis=0 focusMayChange = true requestedWidth = 1084 requestedHeight = 2223 outFrames = ClientWindowFrames{frame=[0,126][1084,2349] display=[-100000,-100000][100000,100000] parentFrame=[0,0][0,0]} outSurfaceControl = Surface(name=LaunchPopView Animation)/@0xfa313a5
02-04 20:09:35.443  1937  2311 D BackgroundInstallControlService: Package event received: 0
02-04 20:09:35.564  1937  4292 D ActivityManager: getProcessesInErrorState callingUid=10346, CallingPid=28777
02-04 20:09:35.612  1937  4292 D CoreBackPreview: Window{4ac65b8 u0 NotificationShade}: Setting back callback null
02-04 20:09:35.613  1937  2357 D OomAdjuster: process : com.android.systemui, pid = 2464, isTop = false, uid = 10185, hasActivity = false
02-04 20:09:35.613  1937  2357 D OomAdjuster: system app not need limit!
02-04 20:09:35.613  1937  2037 D OomAdjuster: set group = -1
02-04 20:09:35.613  1937  2037 D OomAdjuster: set cpuset: -1
02-04 20:09:35.637  1937  1963 I DisplayDeviceRepository: Display device changed render timings: "Built-in Screen", renderFrameRate=90.0, presentationDeadlineNanos=17100000, appVsyncOffsetNanos=633333, frameRateOverrides=[]
02-04 20:09:35.638  1937  1961 D WindowManager: DeferredDisplayUpdater: partially applying DisplayInfo(1084 x 2412) immediately
02-04 20:09:36.066  1937  2357 D ActivityManager: getProcessesInErrorState callingUid=10346, CallingPid=28777
02-04 20:09:36.572  1937  2357 D ActivityManager: getProcessesInErrorState callingUid=10346, CallingPid=28777
02-04 20:09:37.075  1937  1953 D ActivityManager: getProcessesInErrorState callingUid=10346, CallingPid=28777
02-04 20:09:37.578  1937  2357 D ActivityManager: getProcessesInErrorState callingUid=10346, CallingPid=28777
02-04 20:09:38.080  1937  1953 D ActivityManager: getProcessesInErrorState callingUid=10346, CallingPid=28777
02-04 20:09:38.131  1937  1937 D NtNotificationManagerService: playGlyphEffect glyphNotificationEnable = true
02-04 20:09:38.131  1937  1937 E NtNotificationManagerService: getSound supportGenerativeRingtone = false, isDefaultRingtone = false
02-04 20:09:38.131  1937  1937 D NtNotificationManagerService: skip playGlyphEffect, mGlyphNotificationEnable = true, FLAG_ONGOING_EVENT = 0, FLAG_FOREGROUND_SERVICE = 0, isInCall = false, isScreenOn = true, isSoundOnly = false, is silent Notification = false, skipPlayGlyphForNotEssentialNotification = false
02-04 20:09:38.131  1937  1937 E NtNotificationManagerService: getSound supportGenerativeRingtone = false, isDefaultRingtone = false
02-04 20:09:38.148  2464  2464 E NTEssentialNotification: Could not create conversation channel
02-04 20:09:38.148  2464  2464 E NTEssentialNotification: java.lang.NullPointerException: Attempt to invoke interface method 'void android.app.INotificationManager.createConversationNotificationChannelForPackage(java.lang.String, int, android.app.NotificationChannel, java.lang.String)' on a null object reference
02-04 20:09:38.148  2464  2464 E NTEssentialNotification: 	at com.nothing.systemui.statusbar.notification.NTEssentialNotification.createConversationChannelIfNeeded(NTEssentialNotification.java:291)
02-04 20:09:38.148  2464  2464 E NTEssentialNotification: 	at com.nothing.systemui.statusbar.notification.NTEssentialNotification.<init>(NTEssentialNotification.java:76)
02-04 20:09:38.148  2464  2464 E NTEssentialNotification: 	at com.nothing.systemui.statusbar.notification.NTEssentialNotificationManager.onNotificationPosted(NTEssentialNotificationManager.kt:378)
02-04 20:09:38.148  2464  2464 E NTEssentialNotification: 	at com.android.systemui.statusbar.NotificationListener.lambda$onNotificationPosted$1(NotificationListener.java:142)
02-04 20:09:38.148  2464  2464 E NTEssentialNotification: 	at com.android.systemui.statusbar.NotificationListener.$r8$lambda$D_iWPMODCNotd7MVeGt286dGmJ4(Unknown Source:0)
02-04 20:09:38.148  2464  2464 E NTEssentialNotification: 	at com.android.systemui.statusbar.NotificationListener$$ExternalSyntheticLambda2.run(D8$$SyntheticClass:0)
02-04 20:09:38.148  2464  2464 E NTEssentialNotification: 	at android.os.Handler.handleCallback(Handler.java:995)
02-04 20:09:38.148  2464  2464 E NTEssentialNotification: 	at android.os.Handler.dispatchMessage(Handler.java:103)
02-04 20:09:38.148  2464  2464 E NTEssentialNotification: 	at android.os.Looper.loopOnce(Looper.java:283)
02-04 20:09:38.148  2464  2464 E NTEssentialNotification: 	at android.os.Looper.loop(Looper.java:392)
02-04 20:09:38.148  2464  2464 E NTEssentialNotification: 	at android.app.ActivityThread.main(ActivityThread.java:9231)
02-04 20:09:38.148  2464  2464 E NTEssentialNotification: 	at java.lang.reflect.Method.invoke(Native Method)
02-04 20:09:38.148  2464  2464 E NTEssentialNotification: 	at com.android.internal.os.RuntimeInit$MethodAndArgsCaller.run(RuntimeInit.java:633)
02-04 20:09:38.148  2464  2464 E NTEssentialNotification: 	at com.android.internal.os.ZygoteInit.main(ZygoteInit.java:1026)
02-04 20:09:38.586  1937  2748 D ActivityManager: getProcessesInErrorState callingUid=10346, CallingPid=28777
02-04 20:09:39.088  1937  2357 D ActivityManager: getProcessesInErrorState callingUid=10346, CallingPid=28777
02-04 20:09:39.595  1937  2357 D ActivityManager: getProcessesInErrorState callingUid=10346, CallingPid=28777
02-04 20:09:40.097  1937  2357 D ActivityManager: getProcessesInErrorState callingUid=10346, CallingPid=28777
02-04 20:09:40.600  1937  2357 D ActivityManager: getProcessesInErrorState callingUid=10346, CallingPid=28777
02-04 20:09:41.102  1937  2357 D ActivityManager: getProcessesInErrorState callingUid=10346, CallingPid=28777
02-04 20:09:41.603  1937  2748 D ActivityManager: getProcessesInErrorState callingUid=10346, CallingPid=28777
02-04 20:09:42.108  1937  2357 D ActivityManager: getProcessesInErrorState callingUid=10346, CallingPid=28777
02-04 20:09:42.612  1937  2357 D ActivityManager: getProcessesInErrorState callingUid=10346, CallingPid=28777
02-04 20:09:43.114  1937  2748 D ActivityManager: getProcessesInErrorState callingUid=10346, CallingPid=28777
02-04 20:09:43.263  1937  2748 E AppOps  : attributionTag  not declared in manifest of com.instafel.android
02-04 20:09:43.266  1937  4292 E AppOps  : attributionTag  not declared in manifest of com.instafel.android
02-04 20:09:43.616  1937  2748 D ActivityManager: getProcessesInErrorState callingUid=10346, CallingPid=28777
02-04 20:09:43.648  1937  2485 D NtAudioGlyphServiceImpl: onAudioTrackStop request:AudioLightRequest@94fceb2{Id:107,uid:10346,pid:28777,noAudio:false,csvId:-1,pkg:com.instafel.android,session:73721,addby:2}
02-04 20:09:43.648  1937  2485 D NtAudioGlyphServiceImpl: AudioLightRequests[0]- AudioLightRequest@94fceb2{Id:107,uid:10346,pid:28777,noAudio:false,csvId:-1,pkg:com.instafel.android,session:73721,addby:2}
02-04 20:09:43.648  1937  2485 D NtAudioGlyphServiceImpl: invalidateAudioLightRequests size#0 current null target null
02-04 20:09:43.761  1937  2357 D VibratorManagerService: Canceling vibration
02-04 20:09:43.761  1937  2357 D NtVibratorManagerImpl: time before vibratorStop : 1770232183761
02-04 20:09:43.761  1937  2357 D RichTapVibratorService: aac richtap doVibratorStop
02-04 20:09:43.761  1937  2357 D RichTapVibratorService: richtap service stop!!
02-04 20:09:43.762  1937  2357 D NtVibratorManagerImpl: time after vibratorStop : 1770232183762
02-04 20:09:43.773  1937  2748 D NtVibratorManagerImpl:  result:1
02-04 20:09:43.785  1937  2748 D Dragonite: acquire handle 99
02-04 20:09:43.786  1937  2159 D Dragonite: sceneId = 2, pid = 27024, packageName = com.nothing.launcher, duration = 60000, params = null
02-04 20:09:43.794  2464  2553 V ShellRecents: RecentsTransitionHandler.startRecentsTransition
02-04 20:09:43.795  2464  2553 V WindowManagerShell: Directly starting a new transition type=TO_FRONT wct=WindowContainerTransaction { changes= {} hops= [{pendingIntent: options=Bundle[{android.activity.splashScreenStyle=-1, android.activity.sourceInfo=Supplier{VAL_PARCELABLE@148+104}, android.pendingIntent.backgroundActivityAllowed=3, android:activity.animAbortListener=null, android.activity.transientLaunch=true}]}] errorCallbackToken=null taskFragmentOrganizer=null } handler=com.android.wm.shell.recents.RecentsTransitionHandler@f00f6ce
02-04 20:09:43.795  1937  2748 D BLASTSyncEngine: [DH_DEBUG]scheduleTimeout #9851 success=true timeoutMs=5000 callback=com.android.server.wm.BLASTSyncEngine$SyncGroup$$ExternalSyntheticLambda2@d5dec94
02-04 20:09:43.798  1937  2679 D NtBoostAdjusterImpl: threadPriorityBoost: pid = 1964, duration = 500
02-04 20:09:43.799  1937  2679 D NtBoostAdjusterImpl: tryBoostThreadPriority: pid = 1964, counting = 1
02-04 20:09:43.811  1937  2679 D NtBoostAdjusterImpl: threadPriorityBoost: pid = 13556, duration = 500
02-04 20:09:43.812  1937  2679 D NtBoostAdjusterImpl: tryBoostThreadPriority: pid = 13556, counting = 1
02-04 20:09:43.813  1937  2037 D OomAdjuster: set group = 5
02-04 20:09:43.813  1937  2037 D OomAdjuster: set cpuset: 5
02-04 20:09:43.814  1937  2748 D NtMemoryManager: mIsHighPressureScene: false : com.nothing.launcher
02-04 20:09:43.814  1937  2748 D NtProcessManager: Top app: com.nothing.launcher
02-04 20:09:43.814  1937  2748 D WindowManager: [SG_DEBUG]Set SyncGroup{id=9851 name=Transition-TO_FRONT} on ActivityRecord{50534298 u0 com.nothing.launcher/com.android.searchlauncher.SearchLauncher t23229}
02-04 20:09:43.816  1937  2311 D BackgroundInstallControlService: Package event received: 0
02-04 20:09:43.816  1937  1937 D MBrainLocalService: isVendorFreezeConditionPass is false
02-04 20:09:43.816  1937  1937 E MBrainLocalService: notifyAppSwitch failed
02-04 20:09:43.824  1937  2311 D BackgroundInstallControlService: Package event received: 0
02-04 20:09:43.824  1937  2311 D BackgroundInstallControlService: Package event received: 0
02-04 20:09:43.828  2464  2553 V ShellRecents: [143553267] RecentsController.setTransition: id=android.os.BinderProxy@bcb1162
02-04 20:09:43.830  1937  1953 I WindowManager: Relayout Window{8fb1c29 u0 com.nothing.launcher/com.android.searchlauncher.SearchLauncher}: oldVis=8 newVis=0 focusMayChange = true requestedWidth = 1084 requestedHeight = 2412 outFrames = ClientWindowFrames{frame=[0,0][1084,2412] display=[0,0][1084,2412] parentFrame=[0,0][0,0]} outSurfaceControl = Surface(name=com.nothing.launcher/com.android.searchlauncher.SearchLauncher)/@0x8831aa2
02-04 20:09:43.837  1937  1963 I DisplayDeviceRepository: Display device changed render timings: "Built-in Screen", renderFrameRate=120.00001, presentationDeadlineNanos=13300000, appVsyncOffsetNanos=1099999, frameRateOverrides=[]
02-04 20:09:43.839  1937  1961 D WindowManager: DeferredDisplayUpdater: partially applying DisplayInfo(1084 x 2412) immediately
02-04 20:09:43.848  1937  1953 I WindowManager: Relayout Window{71a15a u0 com.nothing.launcher/com.android.searchlauncher.SearchLauncher}: oldVis=8 newVis=0 focusMayChange = true requestedWidth = 1084 requestedHeight = 2412 outFrames = ClientWindowFrames{frame=[0,0][1084,2412] display=[0,0][1084,2412] parentFrame=[0,0][0,0]} outSurfaceControl = Surface(name=com.nothing.launcher/com.android.searchlauncher.SearchLauncher)/@0xa833408
02-04 20:09:43.849  1937  1964 D WindowManager: [SG_DEBUG]Set SyncGroup{id=9851 name=Transition-TO_FRONT} on WallpaperWindowToken{4fd57ac showWhenLocked=true}
02-04 20:09:43.852  1937  2311 D BackgroundInstallControlService: Package event received: 0
02-04 20:09:43.853  1937  2311 D BackgroundInstallControlService: Package event received: 0
02-04 20:09:43.869  1937  1964 D WindowManager: [SG_DEBUG]Clear [finished]SyncGroup{id=9851 name=Transition-TO_FRONT} on WallpaperWindowToken{4fd57ac showWhenLocked=true}
02-04 20:09:43.869  1937  1964 D WindowManager: [SG_DEBUG]Clear [finished]SyncGroup{id=9851 name=Transition-TO_FRONT} on ActivityRecord{50534298 u0 com.nothing.launcher/com.android.searchlauncher.SearchLauncher t23229}
02-04 20:09:43.876  1937  1964 D BLASTSyncEngine: [DH_DEBUG]remove timeout #9851 callback=com.android.server.wm.BLASTSyncEngine$SyncGroup$$ExternalSyntheticLambda2@d5dec94
02-04 20:09:43.878  2464  2593 V WindowManagerShell: onTransitionReady(transaction=8319352237384)
02-04 20:09:43.878  2464  2553 V WindowManagerShell: onTransitionReady (#9851) android.os.BinderProxy@bcb1162: {id=9851 t=TO_FRONT f=0x80 trk=0 r=[0@Point(0, 0)] c=[
02-04 20:09:43.878  2464  2553 V WindowManagerShell:         {m=TO_FRONT f=SHOW_WALLPAPER|MOVE_TO_TOP leash=Surface(name=Task=1)/@0x6096aba sb=Rect(0, 0 - 1084, 2412) eb=Rect(0, 0 - 1084, 2412) epz=Point(1084, 2412) d=0 taskParent=-1 ntPopUpView={mIsTryEnterWindowingMode=false mIsEnterWindowingModeLandscape=false mIsChangingWindowformBounds=false mStartPos=Point(0, 0) mEndPos=Point(0, 0) mStartScale=0.0 mEndScale=0.0 mStartCornerRadius=0.0 mEndCornerRadius=0.0 mAppBounds=Rect(0, 0 - 0, 0) mWindowCrop=Rect(0, 0 - 0, 0) mStartDragOrChangingBounds=Rect(0, 0 - 0, 0) mEndDragOrChangingBounds=Rect(0, 0 - 0, 0) mBottomLeftCornerLeash=null mBottomRightCornerLeash=null mDragBarLeash=null mCornerHintSize=60x60 mDragBarSize=189x42}},
02-04 20:09:43.878  2464  2553 V WindowManagerShell:         {m=TO_BACK f=NONE leash=Surface(name=Task=24414)/@0x6634d6b sb=Rect(0, 0 - 1084, 2412) eb=Rect(0, 0 - 1084, 2412) epz=Point(1084, 2412) d=0 taskParent=-1 ntPopUpView={mIsTryEnterWindowingMode=false mIsEnterWindowingModeLandscape=false mIsChangingWindowformBounds=false mStartPos=Point(0, 0) mEndPos=Point(0, 0) mStartScale=0.0 mEndScale=0.0 mStartCornerRadius=0.0 mEndCornerRadius=0.0 mAppBounds=Rect(0, 0 - 0, 0) mWindowCrop=Rect(0, 0 - 0, 0) mStartDragOrChangingBounds=Rect(0, 0 - 0, 0) mEndDragOrChangingBounds=Rect(0, 0 - 0, 0) mBottomLeftCornerLeash=null mBottomRightCornerLeash=null mDragBarLeash=null mCornerHintSize=60x60 mDragBarSize=189x42}},
02-04 20:09:43.878  2464  2553 V WindowManagerShell:         {m=TO_FRONT f=IS_WALLPAPER leash=Surface(name=WallpaperWindowToken{4fd57ac showWhenLocked=false})/@0x5a0c0c8 sb=Rect(0, 0 - 1084, 2412) eb=Rect(0, 0 - 1084, 2412) epz=Point(1084, 2412) d=0 ntPopUpView={mIsTryEnterWindowingMode=false mIsEnterWindowingModeLandscape=false mIsChangingWindowformBounds=false mStartPos=Point(0, 0) mEndPos=Point(0, 0) mStartScale=0.0 mEndScale=0.0 mStartCornerRadius=0.0 mEndCornerRadius=0.0 mAppBounds=Rect(0, 0 - 0, 0) mWindowCrop=Rect(0, 0 - 0, 0) mStartDragOrChangingBounds=Rect(0, 0 - 0, 0) mEndDragOrChangingBounds=Rect(0, 0 - 0, 0) mBottomLeftCornerLeash=null mBottomRightCornerLeash=null mDragBarLeash=null mCornerHintSize=0x0 mDragBarSize=0x0}}
02-04 20:09:43.878  2464  2553 V WindowManagerShell:     ]}
02-04 20:09:43.879  2464  2553 V WindowManagerShell: Playing animation for (#9851) android.os.BinderProxy@bcb1162@0
02-04 20:09:43.879  2464  2553 V WindowManagerShell:  try firstHandler com.android.wm.shell.recents.RecentsTransitionHandler@f00f6ce
02-04 20:09:43.879  2464  2553 V ShellRecents: [143553267] RecentsController.start
02-04 20:09:43.881  2464  2553 V ShellRecents:   not handling home taskId=1
02-04 20:09:43.881  1937  1963 D OomAdjuster: process : com.instafel.android, pid = 28777, isTop = false, uid = 10346, hasActivity = true
02-04 20:09:43.881  1937  1963 D OomAdjuster: previous schedule group is top, not need limit!
02-04 20:09:43.882  2464  2553 V ShellRecents:   adding pausing leaf taskId=24414 at layer=8
02-04 20:09:43.885  2464  2553 V ShellRecents: Applying transaction=8319352237384
02-04 20:09:43.885  2464  2553 V ShellRecents: No matching remote found to takeover (#9851)
02-04 20:09:43.885  2464  2553 V ShellSplitScreen: getSplitBoundsForTaskId: expected split bounds for taskId=24414 but not found
02-04 20:09:43.885  2464  2553 V ShellRecents: [143553267] RecentsController.start: calling onAnimationStart with 2 apps
02-04 20:09:43.891  1937  1960 V WindowManager: Sent Transition (#9851) createdAt=02-04 20:09:43.795
02-04 20:09:43.891  1937  1960 V WindowManager:     startWCT=WindowContainerTransaction { changes= {} hops= [{pendingIntent: options=Bundle[{android.activity.splashScreenStyle=-1, android.activity.sourceInfo=android.app.ActivityOptions$SourceInfo@14b7052, android.pendingIntent.backgroundActivityAllowed=3, android:activity.animAbortListener=null, android.activity.transientLaunch=true}]}] errorCallbackToken=null taskFragmentOrganizer=null }
02-04 20:09:43.891  1937  1960 V WindowManager:     info={id=9851 t=TO_FRONT f=0x80 trk=0 r=[0@Point(0, 0)] c=[
02-04 20:09:43.891  1937  1960 V WindowManager:         {WCT{RemoteToken{22288d5 Task{e19b763 #1 type=home}}} m=TO_FRONT f=SHOW_WALLPAPER|MOVE_TO_TOP leash=Surface(name=Task=1)/@0x59916c0 sb=Rect(0, 0 - 1084, 2412) eb=Rect(0, 0 - 1084, 2412) epz=Point(1084, 2412) d=0 taskParent=-1 ntPopUpView={mIsTryEnterWindowingMode=false mIsEnterWindowingModeLandscape=false mIsChangingWindowformBounds=false mStartPos=Point(0, 0) mEndPos=Point(0, 0) mStartScale=0.0 mEndScale=0.0 mStartCornerRadius=0.0 mEndCornerRadius=0.0 mAppBounds=Rect(0, 0 - 0, 0) mWindowCrop=Rect(0, 0 - 0, 0) mStartDragOrChangingBounds=Rect(0, 0 - 0, 0) mEndDragOrChangingBounds=Rect(0, 0 - 0, 0) mBottomLeftCornerLeash=null mBottomRightCornerLeash=null mDragBarLeash=null mCornerHintSize=60x60 mDragBarSize=189x42}},
02-04 20:09:43.891  1937  1960 V WindowManager:         {WCT{RemoteToken{251858e Task{5ae8622 #24414 type=standard A=10346:com.instafel.android}}} m=TO_BACK f=NONE leash=Surface(name=Task=24414)/@0xd353 sb=Rect(0, 0 - 1084, 2412) eb=Rect(0, 0 - 1084, 2412) epz=Point(1084, 2412) d=0 taskParent=-1 ntPopUpView={mIsTryEnterWindowingMode=false mIsEnterWindowingModeLandscape=false mIsChangingWindowformBounds=false mStartPos=Point(0, 0) mEndPos=Point(0, 0) mStartScale=0.0 mEndScale=0.0 mStartCornerRadius=0.0 mEndCornerRadius=0.0 mAppBounds=Rect(0, 0 - 0, 0) mWindowCrop=Rect(0, 0 - 0, 0) mStartDragOrChangingBounds=Rect(0, 0 - 0, 0) mEndDragOrChangingBounds=Rect(0, 0 - 0, 0) mBottomLeftCornerLeash=null mBottomRightCornerLeash=null mDragBarLeash=null mCornerHintSize=60x60 mDragBarSize=189x42}},
02-04 20:09:43.891  1937  1960 V WindowManager:         {m=TO_FRONT f=IS_WALLPAPER leash=Surface(name=WallpaperWindowToken{4fd57ac showWhenLocked=false})/@0x43720a2 sb=Rect(0, 0 - 1084, 2412) eb=Rect(0, 0 - 1084, 2412) epz=Point(1084, 2412) d=0 ntPopUpView={mIsTryEnterWindowingMode=false mIsEnterWindowingModeLandscape=false mIsChangingWindowformBounds=false mStartPos=Point(0, 0) mEndPos=Point(0, 0) mStartScale=0.0 mEndScale=0.0 mStartCornerRadius=0.0 mEndCornerRadius=0.0 mAppBounds=Rect(0, 0 - 0, 0) mWindowCrop=Rect(0, 0 - 0, 0) mStartDragOrChangingBounds=Rect(0, 0 - 0, 0) mEndDragOrChangingBounds=Rect(0, 0 - 0, 0) mBottomLeftCornerLeash=null mBottomRightCornerLeash=null mDragBarLeash=null mCornerHintSize=0x0 mDragBarSize=0x0}}
02-04 20:09:43.891  1937  1960 V WindowManager:     ]}
02-04 20:09:43.891  1937  1963 D OomAdjuster: process : com.android.bluetooth, pid = 2664, isTop = false, uid = 1002, hasActivity = false
02-04 20:09:43.891  1937  1963 D OomAdjuster: system app not need limit!
02-04 20:09:43.892  2464  2553 V ShellRecents: [143553267] onAnimationStartWithSurfaceTransaction.end: cost 7 ms
02-04 20:09:43.894  1937  2029 I ActivityManager: Start proc 10991:com.nothing.universal.search/u0a294 for service {com.nothing.universal.search/com.nothing.universal.search.proxy.SearchUIService}
02-04 20:09:43.894  1937  2029 I START_DEBUG: send START_TIMEOUT message    ProcessRecord :ProcessRecord{9e7c7a1 10991:com.nothing.universal.search/u0a294}
02-04 20:09:43.894  1937  2029 I ActivityManager: ProcessObserver broadcast disabled
02-04 20:09:43.894  2464  2553 V WindowManagerShell:  animated by firstHandler
02-04 20:09:43.895  1937  2748 D Dragonite: acquire handle 4
02-04 20:09:43.895  1937  2159 D Dragonite: sceneId = 1, pid = 27024, packageName = com.nothing.launcher, duration = 60000, params = null
02-04 20:09:43.908  2464  2553 D WindowManagerShell: setLauncherKeepClearAreaHeight: visible=true, height=247
02-04 20:09:43.912  1937  2311 D BackgroundInstallControlService: Package event received: 0
02-04 20:09:43.921  1937  2311 D BackgroundInstallControlService: Package event received: 0
02-04 20:09:43.921  2464  2553 V ShellRecents: [143553267] RecentsController.setInputConsumerEnabled: set focus to recents
02-04 20:09:43.923  1937  2748 V NtGameModeImpl: onAppFocusChanged: pkg=com.nothing.launcher, uid=10182, category=-1, launchMode= 1
02-04 20:09:43.923  1937  2748 D NtPopUpViewImpl: PopUpView: onAppFocusChanged: newTask=Task{f45c6fd #23229 type=home I=com.nothing.launcher/com.android.searchlauncher.SearchLauncher}, showDimmer=false
02-04 20:09:43.923  1937  2748 D NtKafkaEventHelper: onActivityRecordChanged: info com.nothing.launcher:10182:27024
02-04 20:09:43.932  1937  2748 W WindowManager: Changing focus from Window{af9976a u0 com.instafel.android/com.instagram.mainactivity.InstagramMainActivity} to Window{71a15a u0 com.nothing.launcher/com.android.searchlauncher.SearchLauncher} displayId=0 Callers=com.android.server.wm.RootWindowContainer.updateFocusedWindowLocked:494 com.android.server.wm.WindowManagerService.updateFocusedWindowLocked:6812 com.android.server.wm.ActivityTaskManagerService.setLastResumedActivityUncheckLocked:5261 com.android.server.wm.ActivityTaskManagerService.setFocusedTask:2166 
02-04 20:09:43.940  1937  4293 D OomAdjuster: process : com.google.android.gms, pid = 28281, isTop = false, uid = 10131, hasActivity = false
02-04 20:09:43.941  1937  4293 D OomAdjuster: process : com.google.android.gms is not top!
02-04 20:09:43.948  1937  4293 D ActivityManager: sync unfroze 28281 com.google.android.gms for 4
02-04 20:09:43.949  1937  2311 D BackgroundInstallControlService: Package event received: 0
02-04 20:09:43.960  1937  1953 W ProcessStats: Tracking association SourceState{fadb49 com.google.android.googlequicksearchbox:googleapp/10140 BTop #1416942} whose proc state 2 is better than process ProcessState{c3c1eb com.google.android.gms/10131 pkg=com.google.android.gms} proc state 14 (0 skipped)
02-04 20:09:43.964  2443  4537 D SceneManager: TopAPP=com.nothing.launcher
02-04 20:09:43.987  1937  2748 V ActivityManager: New death recipient com.android.server.am.ActivityManagerService$AppDeathRecipient@8dbf16f for thread android.os.BinderProxy@40fce7c
02-04 20:09:43.990  1937  2748 I START_DEBUG: send BINDTIMEOUT    ProcessRecord :ProcessRecord{9e7c7a1 10991:com.nothing.universal.search/u0a294}
02-04 20:09:43.990  1937  2748 I START_DEBUG: remove START_TIMEOUT finish    ProcessRecord :ProcessRecord{9e7c7a1 10991:com.nothing.universal.search/u0a294}
02-04 20:09:43.991  1937  2748 D OomAdjuster: process : com.nothing.universal.search, pid = 10991, isTop = false, uid = 10294, hasActivity = false
02-04 20:09:43.991  1937  2748 D OomAdjuster: system app not need limit!
02-04 20:09:43.997 10991 10991 D NtScrollerManagerImpl: init NtScrollerManagerImpl
02-04 20:09:44.082 10991 11006 D MbrainDebugManagerImpl: getService failed
02-04 20:09:44.099  1937  4291 I START_DEBUG: remove BIND_TIMEOUT finish    ProcessRecord :ProcessRecord{9e7c7a1 10991:com.nothing.universal.search/u0a294}
02-04 20:09:44.101  1937  2311 D BackgroundInstallControlService: Package event received: 0
02-04 20:09:44.101  1937  2357 D Dragonite: release 99
02-04 20:09:44.118  1937  4291 D ActivityManager: getProcessesInErrorState callingUid=10346, CallingPid=28777
02-04 20:09:44.159  1937  2311 D BackgroundInstallControlService: Package event received: 0
02-04 20:09:44.180  1937  2029 I ActivityManager: Start proc 11034:com.android.settings.intelligence/u0a135 for content provider {com.android.settings.intelligence/com.android.settings.intelligence.nothing.UniversalSearchProvider}
02-04 20:09:44.180  1937  2029 I START_DEBUG: send START_TIMEOUT message    ProcessRecord :ProcessRecord{eb3e4fe 11034:com.android.settings.intelligence/u0a135}
02-04 20:09:44.180  1937  2029 I ActivityManager: ProcessObserver broadcast disabled
02-04 20:09:44.223  1937  2357 V ActivityManager: New death recipient com.android.server.am.ActivityManagerService$AppDeathRecipient@e0535f1 for thread android.os.BinderProxy@80d95d6
02-04 20:09:44.227  1937  2357 I START_DEBUG: send BINDTIMEOUT    ProcessRecord :ProcessRecord{eb3e4fe 11034:com.android.settings.intelligence/u0a135}
02-04 20:09:44.227  1937  2357 I START_DEBUG: remove START_TIMEOUT finish    ProcessRecord :ProcessRecord{eb3e4fe 11034:com.android.settings.intelligence/u0a135}
02-04 20:09:44.227  1937  2357 D OomAdjuster: process : com.android.settings.intelligence, pid = 11034, isTop = false, uid = 10135, hasActivity = false
02-04 20:09:44.227  1937  2357 D OomAdjuster: process : com.android.settings.intelligence is not top!
02-04 20:09:44.230  1937  2031 D ActivityManager: uid = 10135, pid = 11034, processName = com.android.settings.intelligence is not top app, set nt foreground
02-04 20:09:44.235 11034 11034 D NtScrollerManagerImpl: init NtScrollerManagerImpl
02-04 20:09:44.239  1937  2357 D CompatChangeReporter: Compat change id reported: 170503758; UID 10135; state: ENABLED
02-04 20:09:44.293  1937  2357 I START_DEBUG: remove BIND_TIMEOUT finish    ProcessRecord :ProcessRecord{eb3e4fe 11034:com.android.settings.intelligence/u0a135}
