02-04 20:09:47.073  1937  1960 V WindowManager:         {m=TO_BACK f=FILLS_TASK leash=Surface(name=ActivityRecord{264245062 u0 com.whatsapp/.home.ui.HomeActivity t24395})/@0x39ffd43 sb=Rect(0, 0 - 1084, 2412) eb=Rect(0, 0 - 1084, 2412) epz=Point(1084, 2412) d=0 bc=ff303030 component=com.whatsapp/.home.ui.HomeActivity opt={t=FROM_STYLE mUserId=0} ntPopUpView={mIsTryEnterWindowingMode=false mIsEnterWindowingModeLandscape=false mIsChangingWindowformBounds=false mStartPos=Point(0, 0) mEndPos=Point(0, 0) mStartScale=0.0 mEndScale=0.0 mStartCornerRadius=0.0 mEndCornerRadius=0.0 mAppBounds=Rect(0, 0 - 0, 0) mWindowCrop=Rect(0, 0 - 0, 0) mStartDragOrChangingBounds=Rect(0, 0 - 0, 0) mEndDragOrChangingBounds=Rect(0, 0 - 0, 0) mBottomLeftCornerLeash=null mBottomRightCornerLeash=null mDragBarLeash=null mCornerHintSize=0x0 mDragBarSize=0x0}}
02-04 20:09:47.073  1937  1960 V WindowManager:     ]}
02-04 20:09:47.074  1937  1937 D MBrainLocalService: isVendorFreezeConditionPass is false
02-04 20:09:47.074  1937  1937 D MBrainLocalService: notifyAppLifeCycle failed
02-04 20:09:47.074  2464  2553 V ShellRecents: RecentsTransitionHandler.startAnimation: no controller found
02-04 20:09:47.074  2464  2553 V WindowManagerShell: Transition doesn't have explicit remote, search filters for match for {id=9853 t=OPEN f=0x0 trk=0 r=[0@Point(0, 0)] c=[{m=OPEN f=FILLS_TASK leash=Surface(name=ActivityRecord{82135226 u0 com.whatsapp/.Conversation t24395})/@0xef81b46 sb=Rect(0, 0 - 0, 0) eb=Rect(0, 0 - 1084, 2412) epz=Point(1084, 2412) d=-1->0 r=-1->0:-1 bc=ff303030 component=com.whatsapp/.Conversation opt={t=FROM_STYLE mUserId=0} ntPopUpView={mIsTryEnterWindowingMode=false mIsEnterWindowingModeLandscape=false mIsChangingWindowformBounds=false mStartPos=Point(0, 0) mEndPos=Point(0, 0) mStartScale=0.0 mEndScale=0.0 mStartCornerRadius=0.0 mEndCornerRadius=0.0 mAppBounds=Rect(0, 0 - 0, 0) mWindowCrop=Rect(0, 0 - 0, 0) mStartDragOrChangingBounds=Rect(0, 0 - 0, 0) mEndDragOrChangingBounds=Rect(0, 0 - 0, 0) mBottomLeftCornerLeash=null mBottomRightCornerLeash=null mDragBarLeash=null mCornerHintSize=0x0 mDragBarSize=0x0}},{m=TO_BACK f=FILLS_TASK leash=Surface(name=ActivityRecord{264245062 u0 com.whatsapp/.home.ui.HomeActivity t24395})/@0x6172107 sb=Rect(0, 0 - 1084, 2412) eb=Rect(0, 0 - 1084, 2412) epz=Point(1084, 2412) d=0 bc=ff303030 component=com.whatsapp/.home.ui.HomeActivity opt={t=FROM_STYLE mUserId=0} ntPopUpView={mIsTryEnterWindowingMode=false mIsEnterWindowingModeLandscape=false mIsChangingWindowformBounds=false mStartPos=Point(0, 0) mEndPos=Point(0, 0) mStartScale=0.0 mEndScale=0.0 mStartCornerRadius=0.0 mEndCornerRadius=0.0 mAppBounds=Rect(0, 0 - 0, 0) mWindowCrop=Rect(0, 0 - 0, 0) mStartDragOrChangingBounds=Rect(0, 0 - 0, 0) mEndDragOrChangingBounds=Rect(0, 0 - 0, 0) mBottomLeftCornerLeash=null mBottomRightCornerLeash=null mDragBarLeash=null mCornerHintSize=0x0 mDragBarSize=0x0}}]}
02-04 20:09:47.074  2464  2553 V WindowManagerShell:  Checking filter Pair{{types=[] flags=0x0] notFlags=0x100 checks=[{atype=home independent=true modes=[OPEN,TO_FRONT] flags=NONE mustBeTask=false order=TOP topActivity=ComponentInfo{com.nothing.launcher/com.android.searchlauncher.SearchLauncher} launchCookie=null windowingMode=undefined},{atype=standard independent=true modes=[CLOSE,TO_BACK] flags=NONE mustBeTask=false order=ANY topActivity=null launchCookie=null windowingMode=undefined},{NOT atype=undefined independent=true modes=[] flags=NONE mustBeTask=true order=ANY topActivity=null launchCookie=null customAnim=true windowingMode=undefined}]} RemoteTransition { remoteTransition = android.window.IRemoteTransition$Stub$Proxy@e2a1b68, appThread = android.app.IApplicationThread$Stub$Proxy@6b78b81, debugName = QuickstepLaunchHome }}
02-04 20:09:47.074  2464  2553 V WindowManagerShell:  Checking filter Pair{{types=[] flags=0x0] notFlags=0x100 checks=[{atype=standard independent=true modes=[CLOSE,TO_BACK] flags=TRANSLUCENT mustBeTask=false order=ANY topActivity=null launchCookie=null windowingMode=undefined}]} RemoteTransition { remoteTransition = android.window.IRemoteTransition$Stub$Proxy@b742288, appThread = android.app.IApplicationThread$Stub$Proxy@285421, debugName = QuickstepLaunchHome_OpenTransluent }}
02-04 20:09:47.074  2464  2553 V WindowManagerShell:  Delegate animation for (#9853) to null
02-04 20:09:47.074  2464  2553 V WindowManagerShell: start default transition animation, info = {id=9853 t=OPEN f=0x0 trk=0 r=[0@Point(0, 0)] c=[{m=OPEN f=FILLS_TASK leash=Surface(name=ActivityRecord{82135226 u0 com.whatsapp/.Conversation t24395})/@0xef81b46 sb=Rect(0, 0 - 0, 0) eb=Rect(0, 0 - 1084, 2412) epz=Point(1084, 2412) d=-1->0 r=-1->0:-1 bc=ff303030 component=com.whatsapp/.Conversation opt={t=FROM_STYLE mUserId=0} ntPopUpView={mIsTryEnterWindowingMode=false mIsEnterWindowingModeLandscape=false mIsChangingWindowformBounds=false mStartPos=Point(0, 0) mEndPos=Point(0, 0) mStartScale=0.0 mEndScale=0.0 mStartCornerRadius=0.0 mEndCornerRadius=0.0 mAppBounds=Rect(0, 0 - 0, 0) mWindowCrop=Rect(0, 0 - 0, 0) mStartDragOrChangingBounds=Rect(0, 0 - 0, 0) mEndDragOrChangingBounds=Rect(0, 0 - 0, 0) mBottomLeftCornerLeash=null mBottomRightCornerLeash=null mDragBarLeash=null mCornerHintSize=0x0 mDragBarSize=0x0}},{m=TO_BACK f=FILLS_TASK leash=Surface(name=ActivityRecord{264245062 u0 com.whatsapp/.home.ui.HomeActivity t24395})/@0x6172107 sb=Rect(0, 0 - 1084, 2412) eb=Rect(0, 0 - 1084, 2412) epz=Point(1084, 2412) d=0 bc=ff303030 component=com.whatsapp/.home.ui.HomeActivity opt={t=FROM_STYLE mUserId=0} ntPopUpView={mIsTryEnterWindowingMode=false mIsEnterWindowingModeLandscape=false mIsChangingWindowformBounds=false mStartPos=Point(0, 0) mEndPos=Point(0, 0) mStartScale=0.0 mEndScale=0.0 mStartCornerRadius=0.0 mEndCornerRadius=0.0 mAppBounds=Rect(0, 0 - 0, 0) mWindowCrop=Rect(0, 0 - 0, 0) mStartDragOrChangingBounds=Rect(0, 0 - 0, 0) mEndDragOrChangingBounds=Rect(0, 0 - 0, 0) mBottomLeftCornerLeash=null mBottomRightCornerLeash=null mDragBarLeash=null mCornerHintSize=0x0 mDragBarSize=0x0}}]}
02-04 20:09:47.082  2464  2553 V WindowManagerShell: loadAnimation: anim=android.view.animation.AnimationSet@4de6da0 animAttr=0x5 type=OPEN isEntrance=false
02-04 20:09:47.083  2464  2553 V WindowManagerShell: loadAnimation: anim=android.view.animation.AnimationSet@7e929ff animAttr=0x4 type=OPEN isEntrance=true
02-04 20:09:47.084  2464  2553 V WindowManagerShell:  animated by com.android.wm.shell.transition.DefaultTransitionHandler@b4ccf06
02-04 20:09:47.149  1937  2132 I START_DEBUG: remove BIND_TIMEOUT finish    ProcessRecord :ProcessRecord{9d03fd0 11144:com.google.android.apps.wellbeing/u0a138}
02-04 20:09:47.150  1937  2311 D BackgroundInstallControlService: Package event received: 0
02-04 20:09:47.166  1937  1963 D NtPerfTraceManagerImpl: packageName = com.whatsapp, taskId = 24395
02-04 20:09:47.180 11310 11310 D NtViewRootImpl: mPopUpViewOffsets: offset=(0.0, 0.0), scale=(1.0, 1.0)
02-04 20:09:47.195  1937  1952 W PackageConfigPersister: App-specific configuration not found for packageName: com.whatsapp and userId: 0
02-04 20:09:47.199  1937  1963 D OomAdjuster: process : com.android.bluetooth, pid = 2664, isTop = false, uid = 1002, hasActivity = false
02-04 20:09:47.199  1937  1963 D OomAdjuster: system app not need limit!
02-04 20:09:47.274  1937  2311 D BackgroundInstallControlService: Package event received: 0
02-04 20:09:47.288  1937  2029 I ActivityManager: Start proc 11177:com.google.android.cellbroadcastreceiver/u0a199 for content provider {com.google.android.cellbroadcastreceiver/com.android.cellbroadcastreceiver.CellBroadcastSearchIndexableProvider}
02-04 20:09:47.289  1937  2029 I START_DEBUG: send START_TIMEOUT message    ProcessRecord :ProcessRecord{824b18d 11177:com.google.android.cellbroadcastreceiver/u0a199}
02-04 20:09:47.289  1937  2029 I ActivityManager: ProcessObserver broadcast disabled
02-04 20:09:47.312  1937  2132 V ActivityManager: New death recipient com.android.server.am.ActivityManagerService$AppDeathRecipient@d323c90 for thread android.os.BinderProxy@437d989
02-04 20:09:47.317  1937  2132 I START_DEBUG: send BINDTIMEOUT    ProcessRecord :ProcessRecord{824b18d 11177:com.google.android.cellbroadcastreceiver/u0a199}
02-04 20:09:47.317  1937  2132 I START_DEBUG: remove START_TIMEOUT finish    ProcessRecord :ProcessRecord{824b18d 11177:com.google.android.cellbroadcastreceiver/u0a199}
02-04 20:09:47.318  1937  2132 D OomAdjuster: process : com.google.android.cellbroadcastreceiver, pid = 11177, isTop = false, uid = 10199, hasActivity = false
02-04 20:09:47.318  1937  2132 D OomAdjuster: process : com.google.android.cellbroadcastreceiver is not top!
02-04 20:09:47.323 11177 11177 D NtScrollerManagerImpl: init NtScrollerManagerImpl
02-04 20:09:47.338  1937  2031 D ActivityManager: uid = 10199, pid = 11177, processName = com.google.android.cellbroadcastreceiver is not top app, set nt foreground
02-04 20:09:47.410  1937  2679 D NtBoostAdjusterImpl: tryRestoreThreadPriority: pid = 1964, counting = 0
02-04 20:09:47.410  1937  2679 D NtBoostAdjusterImpl: tryRestoreThreadPriority: pid = 13556, counting = 0
02-04 20:09:47.452  1937  1952 I START_DEBUG: remove BIND_TIMEOUT finish    ProcessRecord :ProcessRecord{824b18d 11177:com.google.android.cellbroadcastreceiver/u0a199}
02-04 20:09:47.453  1937  2311 D BackgroundInstallControlService: Package event received: 0
02-04 20:09:47.545  2464  2553 V WindowManagerShell: Transition animation finished (aborted=false), notifying core (#9853) android.os.BinderProxy@c59dd2b@0
02-04 20:09:47.546  1937  2311 D BackgroundInstallControlService: Package event received: 0
02-04 20:09:47.547  1937  1960 V WindowManager: Finish Transition (#9853): created at 02-04 20:09:46.885 collect-started=0.083ms request-sent=10.498ms started=22.219ms ready=30.238ms sent=186.512ms commit=19.482ms finished=661.594ms
02-04 20:09:47.549  2464  2553 V WindowManagerShell: Track 0 became idle
02-04 20:09:47.549  2464  2553 V WindowManagerShell: All active transition animations finished
02-04 20:09:47.562  1937  2029 I ActivityManager: Start proc 11191:com.google.android.gms.ui/u0a131 for content provider {com.google.android.gms/com.google.android.gms.accountsettings.content.SettingsSearchContentProvider}
02-04 20:09:47.562  1937  2029 I START_DEBUG: send START_TIMEOUT message    ProcessRecord :ProcessRecord{ba90da8 11191:com.google.android.gms.ui/u0a131}
02-04 20:09:47.562  1937  2029 I ActivityManager: ProcessObserver broadcast disabled
02-04 20:09:47.579  1937  2132 W PresentationStatsEventLogger: Shouldn't be logging AutofillPresentationEventReported again for same event
02-04 20:09:47.585  1937  4274 V ActivityManager: New death recipient com.android.server.am.ActivityManagerService$AppDeathRecipient@1917cf2 for thread android.os.BinderProxy@4301f43
02-04 20:09:47.586  1937  2311 D BackgroundInstallControlService: Package event received: 0
02-04 20:09:47.588  1937  4274 I START_DEBUG: send BINDTIMEOUT    ProcessRecord :ProcessRecord{ba90da8 11191:com.google.android.gms.ui/u0a131}
02-04 20:09:47.588  1937  4274 I START_DEBUG: remove START_TIMEOUT finish    ProcessRecord :ProcessRecord{ba90da8 11191:com.google.android.gms.ui/u0a131}
02-04 20:09:47.588  1937  4274 D OomAdjuster: process : com.google.android.gms.ui, pid = 11191, isTop = false, uid = 10131, hasActivity = false
02-04 20:09:47.588  1937  4274 D OomAdjuster: process : com.google.android.gms.ui is not top!
02-04 20:09:47.592  1937  1963 I DisplayDeviceRepository: Display device changed render timings: "Built-in Screen", renderFrameRate=90.0, presentationDeadlineNanos=17100000, appVsyncOffsetNanos=633333, frameRateOverrides=[]
02-04 20:09:47.593 11191 11191 D NtScrollerManagerImpl: init NtScrollerManagerImpl
02-04 20:09:47.593  1937  1961 D WindowManager: DeferredDisplayUpdater: partially applying DisplayInfo(1084 x 2412) immediately
02-04 20:09:47.612  1937  2031 D ActivityManager: uid = 10131, pid = 11191, processName = com.google.android.gms.ui is not top app, set nt foreground
02-04 20:09:47.817  1937  2132 I START_DEBUG: remove BIND_TIMEOUT finish    ProcessRecord :ProcessRecord{ba90da8 11191:com.google.android.gms.ui/u0a131}
02-04 20:09:47.818  1937  2311 D BackgroundInstallControlService: Package event received: 0
02-04 20:09:48.059  1937  4181 E TaskPersister: File error accessing recents directory (directory doesn't exist?).
02-04 20:09:48.262  1937  2751 D OomAdjuster: process : com.google.android.gms, pid = 28281, isTop = false, uid = 10131, hasActivity = false
02-04 20:09:48.262  1937  2751 D OomAdjuster: process : com.google.android.gms is not top!
02-04 20:09:48.263  1937  2311 D BackgroundInstallControlService: Package event received: 0
02-04 20:09:48.293  1937  2132 D BiometricService: canAuthenticate: User=0, Caller=0, Authenticators=65536
02-04 20:09:48.296  1937  2132 D BiometricService/PreAuthInfo: getCanAuthenticateInternal Modality: 0 AuthenticatorStatus: 13
02-04 20:09:48.296  1937  2132 D AuthService: canAuthenticate, userId: 0, callingUserId: 0, authenticators: 65536, result: 20
02-04 20:09:48.298  1937  2518 D BiometricService: canAuthenticate: User=0, Caller=0, Authenticators=15
02-04 20:09:48.299  1937  2518 E MultiBiometricLockoutState: getAuthMapForUser : 0 containsKey:true
02-04 20:09:48.299  1937  2518 E MultiBiometricLockoutState: getLockoutState strength:15 mPermanentlyLockedOut: false mTimedLockout:false
02-04 20:09:48.299  1937  2518 D BiometricService/PreAuthInfo: Package: com.google.android.gms Sensor ID: 0 Modality: 2 User id: 0 Status: 1
02-04 20:09:48.299  1937  2518 D BiometricService/PreAuthInfo: Package: com.google.android.gms Sensor ID: 4 Modality: 8 User id: 0 Status: 4
02-04 20:09:48.299  1937  2518 D BiometricService/PreAuthInfo: getCanAuthenticateInternal Modality: 2 AuthenticatorStatus: 1
02-04 20:09:48.299  1937  2518 D AuthService: canAuthenticate, userId: 0, callingUserId: 0, authenticators: 15, result: 0
02-04 20:09:48.324 11034 11052 W LocaleConfig: The resource file pointed to by the given resource ID isn't found.
02-04 20:09:48.342  1937  2518 D OomAdjuster: process : com.google.android.googlequicksearchbox:search, pid = 13757, isTop = false, uid = 10140, hasActivity = false
02-04 20:09:48.342  1937  2518 D OomAdjuster: process : com.google.android.googlequicksearchbox:search is not top!
02-04 20:09:48.344  1937  2311 D BackgroundInstallControlService: Package event received: 0
02-04 20:09:48.368 11034 11052 W LocaleConfig: The resource file pointed to by the given resource ID isn't found.
02-04 20:09:48.372 11034 11052 W LocaleConfig: The resource file pointed to by the given resource ID isn't found.
02-04 20:09:48.494  1937  2311 D BackgroundInstallControlService: Package event received: 0
02-04 20:09:48.511  1937  2029 I ActivityManager: Start proc 11239:com.google.android.healthconnect.controller/u0a209 for content provider {com.google.android.healthconnect.controller/com.android.healthconnect.controller.searchindexables.HealthConnectSearchIndexablesProvider}
02-04 20:09:48.511  1937  2029 I START_DEBUG: send START_TIMEOUT message    ProcessRecord :ProcessRecord{70d2562 11239:com.google.android.healthconnect.controller/u0a209}
02-04 20:09:48.511  1937  2029 I ActivityManager: ProcessObserver broadcast disabled
02-04 20:09:48.560  1937  2518 V ActivityManager: New death recipient com.android.server.am.ActivityManagerService$AppDeathRecipient@b9d8e29 for thread android.os.BinderProxy@1c35ae
02-04 20:09:48.561  1937  2031 D ActivityManager: uid = 10209, pid = 11239, processName = com.google.android.healthconnect.controller is not top app, set nt foreground
02-04 20:09:48.563  1937  2518 I START_DEBUG: send BINDTIMEOUT    ProcessRecord :ProcessRecord{70d2562 11239:com.google.android.healthconnect.controller/u0a209}
02-04 20:09:48.563  1937  2518 I START_DEBUG: remove START_TIMEOUT finish    ProcessRecord :ProcessRecord{70d2562 11239:com.google.android.healthconnect.controller/u0a209}
02-04 20:09:48.563  1937  2518 D OomAdjuster: process : com.google.android.healthconnect.controller, pid = 11239, isTop = false, uid = 10209, hasActivity = false
02-04 20:09:48.563  1937  2518 D OomAdjuster: process : com.google.android.healthconnect.controller is not top!
02-04 20:09:48.573 11239 11239 D NtScrollerManagerImpl: init NtScrollerManagerImpl
02-04 20:09:48.735  1937  2518 I START_DEBUG: remove BIND_TIMEOUT finish    ProcessRecord :ProcessRecord{70d2562 11239:com.google.android.healthconnect.controller/u0a209}
02-04 20:09:48.737  1937  2311 D BackgroundInstallControlService: Package event received: 0
02-04 20:09:48.746  1937  2311 D BackgroundInstallControlService: Package event received: 0
02-04 20:09:48.824  1937  2184 W WindowManager: Drag state is closed when power off.
02-04 20:09:48.830  1937  2311 D BackgroundInstallControlService: Package event received: 0
02-04 20:09:48.845  1937  2311 D BackgroundInstallControlService: Package event received: 0
02-04 20:09:48.848  1937  2029 I ActivityManager: Start proc 11254:com.android.systemui:screenshot/u0a185 for service {com.android.systemui/com.android.systemui.screenshot.TakeScreenshotService}
02-04 20:09:48.848  1937  2029 I START_DEBUG: send START_TIMEOUT message    ProcessRecord :ProcessRecord{59d82e3 11254:com.android.systemui:screenshot/u0a185}
02-04 20:09:48.848  1937  2029 I ActivityManager: ProcessObserver broadcast disabled
02-04 20:09:48.864  1937  2029 I ActivityManager: Start proc 11255:com.google.android.marvin.talkback/u0a172 for content provider {com.google.android.marvin.talkback/com.google.android.accessibility.talkback.preference.search.TalkBackSearchIndexablesProvider}
02-04 20:09:48.864  1937  2029 I START_DEBUG: send START_TIMEOUT message    ProcessRecord :ProcessRecord{bd95399 11255:com.google.android.marvin.talkback/u0a172}
02-04 20:09:48.864  1937  2029 I ActivityManager: ProcessObserver broadcast disabled
02-04 20:09:48.875  1937  2132 V ActivityManager: New death recipient com.android.server.am.ActivityManagerService$AppDeathRecipient@62f8a6a for thread android.os.BinderProxy@6666b5b
02-04 20:09:48.880  1937  2132 I START_DEBUG: send BINDTIMEOUT    ProcessRecord :ProcessRecord{59d82e3 11254:com.android.systemui:screenshot/u0a185}
02-04 20:09:48.880  1937  2132 I START_DEBUG: remove START_TIMEOUT finish    ProcessRecord :ProcessRecord{59d82e3 11254:com.android.systemui:screenshot/u0a185}
02-04 20:09:48.880  1937  2132 D OomAdjuster: process : com.android.systemui:screenshot, pid = 11254, isTop = false, uid = 10185, hasActivity = false
02-04 20:09:48.880  1937  2132 D OomAdjuster: process : com.android.systemui:screenshot is not top!
02-04 20:09:48.884 11254 11254 D NtScrollerManagerImpl: init NtScrollerManagerImpl
02-04 20:09:48.885  1937  2132 V ActivityManager: New death recipient com.android.server.am.ActivityManagerService$AppDeathRecipient@fb3e336 for thread android.os.BinderProxy@966237
02-04 20:09:48.888  1937  2132 I START_DEBUG: send BINDTIMEOUT    ProcessRecord :ProcessRecord{bd95399 11255:com.google.android.marvin.talkback/u0a172}
02-04 20:09:48.888  1937  2132 I START_DEBUG: remove START_TIMEOUT finish    ProcessRecord :ProcessRecord{bd95399 11255:com.google.android.marvin.talkback/u0a172}
02-04 20:09:48.889  1937  2132 D OomAdjuster: process : com.google.android.marvin.talkback, pid = 11255, isTop = false, uid = 10172, hasActivity = false
02-04 20:09:48.889  1937  2132 D OomAdjuster: process : com.google.android.marvin.talkback is not top!
02-04 20:09:48.893 11255 11255 D NtScrollerManagerImpl: init NtScrollerManagerImpl
02-04 20:09:48.895  1937  2031 D ActivityManager: uid = 10185, pid = 11254, processName = com.android.systemui:screenshot is not top app, set nt foreground
02-04 20:09:48.913  1937  2031 D ActivityManager: uid = 10172, pid = 11255, processName = com.google.android.marvin.talkback is not top app, set nt foreground
02-04 20:09:48.985  1937  2311 D BackgroundInstallControlService: Package event received: 0
02-04 20:09:48.987  1937  2751 I START_DEBUG: remove BIND_TIMEOUT finish    ProcessRecord :ProcessRecord{bd95399 11255:com.google.android.marvin.talkback/u0a172}
02-04 20:09:48.988  1937  2311 D BackgroundInstallControlService: Package event received: 0
02-04 20:09:48.999  1937  2029 I ActivityManager: Start proc 11285:com.google.android.permissioncontroller/u0a217 for content provider {com.google.android.permissioncontroller/com.android.permissioncontroller.permission.service.PermissionSearchIndexablesProvider}
02-04 20:09:48.999  1937  2029 I START_DEBUG: send START_TIMEOUT message    ProcessRecord :ProcessRecord{f4af728 11285:com.google.android.permissioncontroller/u0a217}
02-04 20:09:48.999  1937  2029 I ActivityManager: ProcessObserver broadcast disabled
02-04 20:09:49.026  1937  2132 V ActivityManager: New death recipient com.android.server.am.ActivityManagerService$AppDeathRecipient@32bb7d for thread android.os.BinderProxy@a681a72
02-04 20:09:49.029  1937  2132 I START_DEBUG: send BINDTIMEOUT    ProcessRecord :ProcessRecord{f4af728 11285:com.google.android.permissioncontroller/u0a217}
02-04 20:09:49.029  1937  2132 I START_DEBUG: remove START_TIMEOUT finish    ProcessRecord :ProcessRecord{f4af728 11285:com.google.android.permissioncontroller/u0a217}
02-04 20:09:49.030  1937  2132 D OomAdjuster: process : com.google.android.permissioncontroller, pid = 11285, isTop = false, uid = 10217, hasActivity = false
02-04 20:09:49.030  1937  2132 D OomAdjuster: process : com.google.android.permissioncontroller is not top!
02-04 20:09:49.034 11285 11285 D NtScrollerManagerImpl: init NtScrollerManagerImpl
02-04 20:09:49.040  1937  2132 I START_DEBUG: remove BIND_TIMEOUT finish    ProcessRecord :ProcessRecord{59d82e3 11254:com.android.systemui:screenshot/u0a185}
02-04 20:09:49.041  1937  2311 D BackgroundInstallControlService: Package event received: 0
02-04 20:09:49.049  1937  2031 D ActivityManager: uid = 10217, pid = 11285, processName = com.google.android.permissioncontroller is not top app, set nt foreground
02-04 20:09:49.167  1937  2132 V Configuration: Updating configuration, locales updated from [en_GB_#u-fw-mon-mu-celsius,cs_CZ_#u-fw-mon-mu-celsius] to [en_GB_#u-fw-mon-mu-celsius]
02-04 20:09:49.167  1937  2132 V Resources: Updating configuration, with default locale en-US and selected locales [en-GB-u-fw-mon-mu-celsius]
02-04 20:09:49.170  1937  2132 W LocaleConfig: The resource file pointed to by the given resource ID isn't found.
02-04 20:09:49.173  1937  4323 D WindowManager: captureDisplay
02-04 20:09:49.176  1937  2132 V Configuration: Updating configuration, locales updated from [en_GB_#u-fw-mon-mu-celsius,cs_CZ_#u-fw-mon-mu-celsius] to [en_GB_#u-fw-mon-mu-celsius]
02-04 20:09:49.176  1937  2132 V Resources: Updating configuration, with default locale en-US and selected locales [en-GB-u-fw-mon-mu-celsius]
02-04 20:09:49.180  1937  2132 V Configuration: Updating configuration, locales updated from [en_GB_#u-fw-mon-mu-celsius,cs_CZ_#u-fw-mon-mu-celsius] to [en_GB_#u-fw-mon-mu-celsius]
02-04 20:09:49.180  1937  2132 V Resources: Updating configuration, with default locale en-US and selected locales [en-GB-u-fw-mon-mu-celsius]
02-04 20:09:49.192  1937  2751 I START_DEBUG: remove BIND_TIMEOUT finish    ProcessRecord :ProcessRecord{f4af728 11285:com.google.android.permissioncontroller/u0a217}
02-04 20:09:49.192  1937  2311 D BackgroundInstallControlService: Package event received: 0
02-04 20:09:49.237  1937  2311 D BackgroundInstallControlService: Package event received: 0
02-04 20:09:49.239 11254 11335 D MbrainDebugManagerImpl: getService failed
02-04 20:09:49.246 11254 11254 I DisplayManager: Implicitly registering for refresh rate
02-04 20:09:49.252  1937  2029 I ActivityManager: Start proc 11346:com.google.android.projection.gearhead:projection/u0a115 for content provider {com.google.android.projection.gearhead/com.google.android.projection.gearhead.companion.settings.SettingsSearchProvider}
02-04 20:09:49.252  1937  2029 I START_DEBUG: send START_TIMEOUT message    ProcessRecord :ProcessRecord{fe7b285 11346:com.google.android.projection.gearhead:projection/u0a115}
02-04 20:09:49.252  1937  2029 I ActivityManager: ProcessObserver broadcast disabled
02-04 20:09:49.270  1937  2751 W WindowManager: Changing focus from Window{bd8718a u0 com.whatsapp/com.whatsapp.Conversation} to Window{172f2e7 u0 ScreenshotAnimation} displayId=0 Callers=com.android.server.wm.RootWindowContainer.updateFocusedWindowLocked:494 com.android.server.wm.WindowManagerService.updateFocusedWindowLocked:6812 com.android.server.wm.WindowManagerService.addWindowInner:2008 com.android.server.wm.WindowManagerService.addWindow:1929 
02-04 20:09:49.289  1937  2132 V ActivityManager: New death recipient com.android.server.am.ActivityManagerService$AppDeathRecipient@efde039 for thread android.os.BinderProxy@180067e
02-04 20:09:49.295  1937  2132 I START_DEBUG: send BINDTIMEOUT    ProcessRecord :ProcessRecord{fe7b285 11346:com.google.android.projection.gearhead:projection/u0a115}
02-04 20:09:49.295  1937  2132 I START_DEBUG: remove START_TIMEOUT finish    ProcessRecord :ProcessRecord{fe7b285 11346:com.google.android.projection.gearhead:projection/u0a115}
02-04 20:09:49.295  1937  2132 D OomAdjuster: process : com.google.android.projection.gearhead:projection, pid = 11346, isTop = false, uid = 10115, hasActivity = false
02-04 20:09:49.295  1937  2132 D OomAdjuster: process : com.google.android.projection.gearhead:projection is not top!
02-04 20:09:49.302 11346 11346 D NtScrollerManagerImpl: init NtScrollerManagerImpl
02-04 20:09:49.302  1937  2751 D CoreBackPreview: Window{172f2e7 u0 ScreenshotAnimation}: Setting back callback OnBackInvokedCallbackInfo{mCallback=android.window.IOnBackInvokedCallback$Stub$Proxy@e120c8a, mPriority=0, mIsAnimationCallback=false, mOverrideBehavior=0}
02-04 20:09:49.302  1937  2031 D ActivityManager: uid = 10115, pid = 11346, processName = com.google.android.projection.gearhead:projection is not top app, set nt foreground
02-04 20:09:49.327 11254 11254 D NtViewRootImpl: mPopUpViewOffsets: offset=(0.0, 0.0), scale=(1.0, 1.0)
02-04 20:09:49.330  1937  1963 I DisplayDeviceRepository: Display device changed render timings: "Built-in Screen", renderFrameRate=120.00001, presentationDeadlineNanos=13300000, appVsyncOffsetNanos=1099999, frameRateOverrides=[]
02-04 20:09:49.333  1937  1961 D WindowManager: DeferredDisplayUpdater: partially applying DisplayInfo(1084 x 2412) immediately
02-04 20:09:49.405  1937  2748 E AppOps  : attributionTag  not declared in manifest of com.android.systemui
02-04 20:09:49.406  1937  4323 E AppOps  : attributionTag  not declared in manifest of com.android.systemui
02-04 20:09:49.464  1937  2132 E AppOps  : attributionTag  not declared in manifest of com.android.systemui
02-04 20:09:49.465  1937  2132 E AppOps  : attributionTag  not declared in manifest of com.android.systemui
02-04 20:09:49.467  1937  2132 D AS.AudioService: [reportAudioTrackStatusChanged]start broadcast, pid = 11254, uid = 10185, status = 1, streamType = 1, pkgName = com.android.systemui, sessionId = 73737
02-04 20:09:49.468  1937  2132 D AS.AudioService: [reportAudioTrackStatusChanged]finish broadcast
02-04 20:09:49.469  1937  2132 D AS.AudioService: [reportAudioTrackStatusChanged]start broadcast, pid = 11254, uid = 10185, status = 0, streamType = 1, pkgName = com.android.systemui, sessionId = 73737
02-04 20:09:49.469  1937  2485 D NtAudioGlyphServiceImpl: invalidateAudioLightRequests size#0 current null target null
02-04 20:09:49.470  1937  2132 D AS.AudioService: [reportAudioTrackStatusChanged]finish broadcast
02-04 20:09:49.531  1937  2311 D BackgroundInstallControlService: Package event received: 0
02-04 20:09:49.554  1937  2029 I ActivityManager: Start proc 11409:com.nothing.essentialintelligence/u0a270 for content provider {com.nothing.essentialintelligence/com.nothing.essentialintelligence.search.EssentialSearchIndexablesProvider}
02-04 20:09:49.554  1937  2029 I START_DEBUG: send START_TIMEOUT message    ProcessRecord :ProcessRecord{fb831bf 11409:com.nothing.essentialintelligence/u0a270}
02-04 20:09:49.554  1937  2029 I ActivityManager: ProcessObserver broadcast disabled
02-04 20:09:49.569  1937  2746 V ActivityManager: Death received in com.android.server.am.ActivityManagerService$AppDeathRecipient@8aabf40 for thread android.os.BinderProxy@2791e79
02-04 20:09:49.576  1937  2746 I ActivityManager: Process app.revanced.android.apps.youtube.music (pid 8180) has died: cch+55 CEM 
02-04 20:09:49.577  1937  1937 D MBrainLocalService: isVendorFreezeConditionPass is false
02-04 20:09:49.577  1937  1937 D MBrainLocalService: notifyAppLifeCycle failed
02-04 20:09:49.590  1937  1963 D NtPerfTraceManagerImpl: packageName = null, taskId = -1
02-04 20:09:49.612  1937  2746 I START_DEBUG: remove ALL_TIMEOUT cleanup   ProcessRecord :ProcessRecord{63896d3 8180:app.revanced.android.apps.youtube.music/u0a315}
02-04 20:09:49.615  1937  2132 V ActivityManager: New death recipient com.android.server.am.ActivityManagerService$AppDeathRecipient@2536851 for thread android.os.BinderProxy@6f248b6
02-04 20:09:49.622  1937  2132 I START_DEBUG: send BINDTIMEOUT    ProcessRecord :ProcessRecord{fb831bf 11409:com.nothing.essentialintelligence/u0a270}
02-04 20:09:49.622  1937  2132 I START_DEBUG: remove START_TIMEOUT finish    ProcessRecord :ProcessRecord{fb831bf 11409:com.nothing.essentialintelligence/u0a270}
02-04 20:09:49.623  1937  2132 D OomAdjuster: process : com.nothing.essentialintelligence, pid = 11409, isTop = false, uid = 10270, hasActivity = false
02-04 20:09:49.623  1937  2132 D OomAdjuster: system app not need limit!
02-04 20:09:49.631 11409 11409 D NtScrollerManagerImpl: init NtScrollerManagerImpl
02-04 20:09:49.648 11254 11254 D NtViewRootImpl: mPopUpViewOffsets: offset=(0.0, 0.0), scale=(1.0, 1.0)
02-04 20:09:49.690  1937  2751 D AS.AudioService: [reportAudioTrackStatusChanged]start broadcast, pid = 28777, uid = 10346, status = 1, streamType = 3, pkgName = com.instafel.android, sessionId = 73713
02-04 20:09:49.691  1937  2751 D AS.AudioService: [reportAudioTrackStatusChanged]finish broadcast
02-04 20:09:49.815 11409 11439 D MbrainDebugManagerImpl: getService failed
02-04 20:09:49.827  1937  4323 I START_DEBUG: remove BIND_TIMEOUT finish    ProcessRecord :ProcessRecord{fb831bf 11409:com.nothing.essentialintelligence/u0a270}
02-04 20:09:49.828  1937  2311 D BackgroundInstallControlService: Package event received: 0
02-04 20:09:49.832  1937  4293 V ActivityManager: Death received in com.android.server.am.ActivityManagerService$AppDeathRecipient@e335000 for thread android.os.BinderProxy@e394039
02-04 20:09:49.832  1937  4293 I ActivityManager: Process com.google.android.youtube (pid 5052) has died: cch+55 CEM 
02-04 20:09:49.833  1937  1937 D MBrainLocalService: isVendorFreezeConditionPass is false
02-04 20:09:49.833  1937  1937 D MBrainLocalService: notifyAppLifeCycle failed
02-04 20:09:49.837  1937  4293 I START_DEBUG: remove ALL_TIMEOUT cleanup   ProcessRecord :ProcessRecord{6940d3d 5052:com.google.android.youtube/u0a170}
02-04 20:09:49.843  1937  2746 I START_DEBUG: remove BIND_TIMEOUT finish    ProcessRecord :ProcessRecord{fe7b285 11346:com.google.android.projection.gearhead:projection/u0a115}
02-04 20:09:49.845  1937  2311 D BackgroundInstallControlService: Package event received: 0
02-04 20:09:49.850  1937  2029 I ActivityManager: Start proc 11445:com.google.android.projection.gearhead:shared/u0a115 for service {com.google.android.projection.gearhead/com.google.android.gearhead.service.SharedService}
02-04 20:09:49.851  1937  2029 I START_DEBUG: send START_TIMEOUT message    ProcessRecord :ProcessRecord{9317b9f 11445:com.google.android.projection.gearhead:shared/u0a115}
02-04 20:09:49.853  1937  2029 I ActivityManager: ProcessObserver broadcast disabled
02-04 20:09:49.871  1937  2133 V ActivityManager: New death recipient com.android.server.am.ActivityManagerService$AppDeathRecipient@713f97 for thread android.os.BinderProxy@7624584
02-04 20:09:49.873  1937  2133 I START_DEBUG: send BINDTIMEOUT    ProcessRecord :ProcessRecord{9317b9f 11445:com.google.android.projection.gearhead:shared/u0a115}
02-04 20:09:49.873  1937  2133 I START_DEBUG: remove START_TIMEOUT finish    ProcessRecord :ProcessRecord{9317b9f 11445:com.google.android.projection.gearhead:shared/u0a115}
02-04 20:09:49.873  1937  2133 D OomAdjuster: process : com.google.android.projection.gearhead:shared, pid = 11445, isTop = false, uid = 10115, hasActivity = false
02-04 20:09:49.873  1937  2133 D OomAdjuster: process : com.google.android.projection.gearhead:shared is not top!
02-04 20:09:49.880 11445 11445 D NtScrollerManagerImpl: init NtScrollerManagerImpl
02-04 20:09:49.882  1937  2311 D BackgroundInstallControlService: Package event received: 0
02-04 20:09:49.887  1937  2031 D ActivityManager: uid = 10115, pid = 11445, processName = com.google.android.projection.gearhead:shared is not top app, set nt foreground
02-04 20:09:49.935  1937  2029 W ActivityManager: Slow operation: 53ms so far, now at startProcess: returned from zygote!
02-04 20:09:49.935  1937  2029 W ActivityManager: Slow operation: 54ms so far, now at startProcess: done updating battery stats
02-04 20:09:49.935  1937  2029 W ActivityManager: Slow operation: 54ms so far, now at startProcess: building log message
02-04 20:09:49.936  1937  2029 I ActivityManager: Start proc 11460:com.nothing.logkit/1000 for content provider {com.nothing.logkit/com.nothing.logkit.FeedbackSettingsIndexablesProvider}
02-04 20:09:49.936  1937  2029 W ActivityManager: Slow operation: 54ms so far, now at startProcess: starting to update pids map
02-04 20:09:49.936  1937  2029 I START_DEBUG: send START_TIMEOUT message    ProcessRecord :ProcessRecord{a4ac11c 11460:com.nothing.logkit/1000}
02-04 20:09:49.936  1937  2029 I ActivityManager: ProcessObserver broadcast disabled
02-04 20:09:49.936  1937  2029 W ActivityManager: Slow operation: 54ms so far, now at startProcess: done updating pids map
02-04 20:09:49.968  1937  1953 V ActivityManager: New death recipient com.android.server.am.ActivityManagerService$AppDeathRecipient@cd51a23 for thread android.os.BinderProxy@ec4fb20
02-04 20:09:49.973  1937  1953 D CompatChangeReporter: Compat change id reported: 151861875; UID 1000; state: ENABLED
02-04 20:09:49.977  1937  1953 I START_DEBUG: send BINDTIMEOUT    ProcessRecord :ProcessRecord{a4ac11c 11460:com.nothing.logkit/1000}
02-04 20:09:49.977  1937  1953 I START_DEBUG: remove START_TIMEOUT finish    ProcessRecord :ProcessRecord{a4ac11c 11460:com.nothing.logkit/1000}
02-04 20:09:49.979  1937  1953 D OomAdjuster: process : com.nothing.logkit, pid = 11460, isTop = false, uid = 1000, hasActivity = false
02-04 20:09:49.979  1937  1953 D OomAdjuster: system app not need limit!
02-04 20:09:49.985 11460 11460 D NtScrollerManagerImpl: init NtScrollerManagerImpl
02-04 20:09:49.993  1937  4293 V ActivityManager: Death received in com.android.server.am.ActivityManagerService$AppDeathRecipient@123c7ac for thread android.os.BinderProxy@e1a9c75
02-04 20:09:49.994  1937  4293 I ActivityManager: Process com.android.vending (pid 9749) has died: cch+50 CACC
02-04 20:09:49.995  1937  1937 D MBrainLocalService: isVendorFreezeConditionPass is false
02-04 20:09:49.995  1937  1937 D MBrainLocalService: notifyAppLifeCycle failed
02-04 20:09:49.998  1937  2748 W ActivityManager: pid 5272 com.android.vending:background sent binder code 2 with flags 1 to frozen apps and got error -32
02-04 20:09:49.998  1937  4293 D ActivityManager: sync unfroze 5272 com.android.vending:background for 5
02-04 20:09:50.009  1937  4293 W ActivityManager: Scheduling restart of crashed service com.android.vending/com.google.android.finsky.billing.iab.InAppBillingService in 30000ms for connection
02-04 20:09:50.010  1937  4293 I START_DEBUG: remove ALL_TIMEOUT cleanup   ProcessRecord :ProcessRecord{832ddb9 9749:com.android.vending/u0a139}
02-04 20:09:50.018  1937  4293 I START_DEBUG: remove BIND_TIMEOUT finish    ProcessRecord :ProcessRecord{9317b9f 11445:com.google.android.projection.gearhead:shared/u0a115}
02-04 20:09:50.019  1937  2311 D BackgroundInstallControlService: Package event received: 0
02-04 20:09:50.143  1937  4274 E AppOps  : Bad call made by uid 1000. Package "com.google.android.googlequicksearchbox" does not belong to uid 1000.
02-04 20:09:50.143  1937  1953 V ActivityManager: Death received in com.android.server.am.ActivityManagerService$AppDeathRecipient@9bd0a37 for thread android.os.BinderProxy@c244ba4
02-04 20:09:50.144  1937  1953 I ActivityManager: Process com.google.android.googlequicksearchbox:search (pid 8717) has died: cch+45 CEM 
02-04 20:09:50.144  1937  1937 D MBrainLocalService: isVendorFreezeConditionPass is false
02-04 20:09:50.144  1937  1937 D MBrainLocalService: notifyAppLifeCycle failed
02-04 20:09:50.162  1937  1953 D ActivityManager: sync unfroze 32282 com.google.android.gms for 5
02-04 20:09:50.163  1937  1953 I START_DEBUG: remove ALL_TIMEOUT cleanup   ProcessRecord :ProcessRecord{467f0df 8717:com.google.android.googlequicksearchbox:search/u999a140}
02-04 20:09:50.165  1937  2026 W ActivityManager: Rescheduling restart of crashed service com.android.vending/com.google.android.finsky.billing.iab.InAppBillingService in 9845ms for mem-pressure-event
02-04 20:09:50.167 11460 11480 D MbrainDebugManagerImpl: getService failed
02-04 20:09:50.188  1937  2311 D BackgroundInstallControlService: Package event received: 0
02-04 20:09:50.203  1937  1953 I START_DEBUG: remove BIND_TIMEOUT finish    ProcessRecord :ProcessRecord{a4ac11c 11460:com.nothing.logkit/1000}
02-04 20:09:50.203  1937  2029 I ActivityManager: Start proc 11484:com.nothing.userguide/u0a297 for content provider {com.nothing.userguide/com.nothing.userguide.search.UserGuideSearchIndexablesProvider}
02-04 20:09:50.203  1937  2029 I START_DEBUG: send START_TIMEOUT message    ProcessRecord :ProcessRecord{8cc8980 11484:com.nothing.userguide/u0a297}
02-04 20:09:50.203  1937  2029 I ActivityManager: ProcessObserver broadcast disabled
02-04 20:09:50.204  1937  2311 D BackgroundInstallControlService: Package event received: 0
02-04 20:09:50.243  1937  2357 V ActivityManager: Death received in com.android.server.am.ActivityManagerService$AppDeathRecipient@2e5e754 for thread android.os.BinderProxy@75746fd
02-04 20:09:50.244  1937  2357 I ActivityManager: Process com.google.android.googlequicksearchbox:googleapp (pid 8781) has died: cch+45 CEM 
02-04 20:09:50.244  1937  1937 D MBrainLocalService: isVendorFreezeConditionPass is false
02-04 20:09:50.244  1937  1937 D MBrainLocalService: notifyAppLifeCycle failed
02-04 20:09:50.245  1937  4301 E AppOps  : Bad call made by uid 1000. Package "com.google.android.googlequicksearchbox" does not belong to uid 1000.
02-04 20:09:50.248  1937  2357 I START_DEBUG: remove ALL_TIMEOUT cleanup   ProcessRecord :ProcessRecord{f3fa63 8781:com.google.android.googlequicksearchbox:googleapp/u999a140}
02-04 20:09:50.253  1937  4291 V ActivityManager: New death recipient com.android.server.am.ActivityManagerService$AppDeathRecipient@3e9632d for thread android.os.BinderProxy@8652062
02-04 20:09:50.261  1937  4291 I START_DEBUG: send BINDTIMEOUT    ProcessRecord :ProcessRecord{8cc8980 11484:com.nothing.userguide/u0a297}
02-04 20:09:50.261  1937  4291 I START_DEBUG: remove START_TIMEOUT finish    ProcessRecord :ProcessRecord{8cc8980 11484:com.nothing.userguide/u0a297}
02-04 20:09:50.261  1937  4291 D OomAdjuster: process : com.nothing.userguide, pid = 11484, isTop = false, uid = 10297, hasActivity = false
02-04 20:09:50.261  1937  4291 D OomAdjuster: system app not need limit!
02-04 20:09:50.270 11484 11484 D NtScrollerManagerImpl: init NtScrollerManagerImpl
02-04 20:09:50.316  1937  2357 I START_DEBUG: remove BIND_TIMEOUT finish    ProcessRecord :ProcessRecord{8cc8980 11484:com.nothing.userguide/u0a297}
02-04 20:09:50.317  1937  2311 D BackgroundInstallControlService: Package event received: 0
02-04 20:09:51.688  1937  1937 D MBrainLocalService: isVendorFreezeConditionPass is false
02-04 20:09:51.688  1937  1937 D MBrainLocalService: notifyAudioModeChange failed
02-04 20:09:51.800  1937  4274 D NtDualAppsServiceImpl: overrideRequestIfNeeded: skip because of calling package
02-04 20:09:51.802  1937  4274 W OptProp : Cannot read opt property android.window.PROPERTY_COMPAT_ALLOW_RESIZEABLE_ACTIVITY_OVERRIDES
02-04 20:09:51.803  1937  4274 W OptProp : Cannot read opt property android.window.PROPERTY_COMPAT_ALLOW_MIN_ASPECT_RATIO_OVERRIDE
02-04 20:09:51.803  1937  4274 D BLASTSyncEngine: [DH_DEBUG]scheduleTimeout #9854 success=true timeoutMs=5000 callback=com.android.server.wm.BLASTSyncEngine$SyncGroup$$ExternalSyntheticLambda2@a4b7627
02-04 20:09:51.803  1937  4274 D WindowManager: [SG_DEBUG]Set SyncGroup{id=9854 name=Transition-OPEN} on ActivityRecord{155934932 u0 com.nothing.ntscreenshot/.MainActivity
02-04 20:09:51.808  1937  4274 V NtGameModeImpl: onAppFocusChanged: pkg=com.whatsapp, uid=10224, category=4, launchMode= 1
02-04 20:09:51.808  1937  4274 D NtTaskWindowSurfaceInfo: PopUpView: onWindowingModeChanged 0->1 mTask=Task{491027d #24416 type=standard}
02-04 20:09:51.811  1937  4274 D WindowManager: [SG_DEBUG]Set SyncGroup{id=9854 name=Transition-OPEN} on Task{491027d #24416 type=standard A=10195:com.nothing.ntscreenshot nonResizable}
02-04 20:09:51.811  1937  4274 W OptProp : Cannot read opt property android.window.PROPERTY_COMPAT_ALLOW_ORIENTATION_OVERRIDE
02-04 20:09:51.816  1937  4274 E ContentProviderHelper: Unable to check Uri permission because caller is holding WM lock; assuming permission denied
02-04 20:09:51.816  1937  4274 E ContentProviderHelper: java.lang.IllegalStateException: Unable to check Uri permission because caller is holding WM lock; assuming permission denied
02-04 20:09:51.816  1937  4274 E ContentProviderHelper: 	at com.android.server.am.ContentProviderHelper.checkContentProviderUriPermission(ContentProviderHelper.java:1229)
02-04 20:09:51.816  1937  4274 E ContentProviderHelper: 	at com.android.server.am.ActivityManagerService$LocalService.checkContentProviderUriPermission(ActivityManagerService.java:17063)
02-04 20:09:51.816  1937  4274 E ContentProviderHelper: 	at com.android.server.uri.UriGrantsManagerService.checkHoldingPermissionsInternalUnlocked(UriGrantsManagerService.java:1214)
02-04 20:09:51.816  1937  4274 E ContentProviderHelper: 	at com.android.server.uri.UriGrantsManagerService.checkHoldingPermissionsUnlocked(UriGrantsManagerService.java:1124)
02-04 20:09:51.816  1937  4274 E ContentProviderHelper: 	at com.android.server.uri.UriGrantsManagerService.checkContentUriPermissionFullUnlocked(UriGrantsManagerService.java:1511)
02-04 20:09:51.816  1937  4274 E ContentProviderHelper: 	at com.android.server.uri.UriGrantsManagerService.-$$Nest$mcheckContentUriPermissionFullUnlocked(UriGrantsManagerService.java:0)
02-04 20:09:51.816  1937  4274 E ContentProviderHelper: 	at com.android.server.uri.UriGrantsManagerService$LocalService.checkUriPermission(UriGrantsManagerService.java:1721)
02-04 20:09:51.816  1937  4274 E ContentProviderHelper: 	at com.android.server.wm.ActivityCallerState.addContentUriIfUidHasPermission(ActivityCallerState.java:168)
02-04 20:09:51.816  1937  4274 E ContentProviderHelper: 	at com.android.server.wm.ActivityCallerState.computeCallerInfo(ActivityCallerState.java:114)
02-04 20:09:51.816  1937  4274 E ContentProviderHelper: 	at com.android.server.wm.ActivityRecord.computeCallerInfo(ActivityRecord.java:1861)
02-04 20:09:51.816  1937  4274 E ContentProviderHelper: 	at com.android.server.wm.ActivityRecord.computeInitialCallerInfo(ActivityRecord.java:1855)
02-04 20:09:51.816  1937  4274 E ContentProviderHelper: 	at com.android.server.wm.ActivityStarter.handleStartResult(ActivityStarter.java:1906)
02-04 20:09:51.816  1937  4274 E ContentProviderHelper: 	at com.android.server.wm.ActivityStarter.startActivityUnchecked(ActivityStarter.java:1826)
02-04 20:09:51.816  1937  4274 E ContentProviderHelper: 	at com.android.server.wm.ActivityStarter.executeRequest(ActivityStarter.java:1637)
02-04 20:09:51.816  1937  4274 E ContentProviderHelper: 	at com.android.server.wm.ActivityStarter.execute(ActivityStarter.java:920)
02-04 20:09:51.816  1937  4274 E ContentProviderHelper: 	at com.android.server.wm.ActivityTaskManagerService.startActivityAsUser(ActivityTaskManagerService.java:1366)
02-04 20:09:51.816  1937  4274 E ContentProviderHelper: 	at com.android.server.wm.ActivityTaskManagerService.startActivityAsUser(ActivityTaskManagerService.java:1290)
02-04 20:09:51.816  1937  4274 E ContentProviderHelper: 	at com.android.server.wm.ActivityTaskManagerService.startActivity(ActivityTaskManagerService.java:1258)
02-04 20:09:51.816  1937  4274 E ContentProviderHelper: 	at android.app.IActivityTaskManager$Stub.onTransact(IActivityTaskManager.java:971)
02-04 20:09:51.816  1937  4274 E ContentProviderHelper: 	at com.android.server.wm.ActivityTaskManagerService.onTransact(ActivityTaskManagerService.java:5905)
02-04 20:09:51.816  1937  4274 E ContentProviderHelper: 	at android.os.Binder.execTransactInternal(Binder.java:1428)
02-04 20:09:51.816  1937  4274 E ContentProviderHelper: 	at android.os.Binder.execTransact(Binder.java:1372)
02-04 20:09:51.819  1937  4274 E ContentProviderHelper: Unable to check Uri permission because caller is holding WM lock; assuming permission denied
02-04 20:09:51.819  1937  4274 E ContentProviderHelper: java.lang.IllegalStateException: Unable to check Uri permission because caller is holding WM lock; assuming permission denied
02-04 20:09:51.819  1937  4274 E ContentProviderHelper: 	at com.android.server.am.ContentProviderHelper.checkContentProviderUriPermission(ContentProviderHelper.java:1229)
02-04 20:09:51.819  1937  4274 E ContentProviderHelper: 	at com.android.server.am.ActivityManagerService$LocalService.checkContentProviderUriPermission(ActivityManagerService.java:17063)
02-04 20:09:51.819  1937  4274 E ContentProviderHelper: 	at com.android.server.uri.UriGrantsManagerService.checkHoldingPermissionsInternalUnlocked(UriGrantsManagerService.java:1214)
02-04 20:09:51.819  1937  4274 E ContentProviderHelper: 	at com.android.server.uri.UriGrantsManagerService.checkHoldingPermissionsUnlocked(UriGrantsManagerService.java:1124)
02-04 20:09:51.819  1937  4274 E ContentProviderHelper: 	at com.android.server.uri.UriGrantsManagerService.checkContentUriPermissionFullUnlocked(UriGrantsManagerService.java:1511)
02-04 20:09:51.819  1937  4274 E ContentProviderHelper: 	at com.android.server.uri.UriGrantsManagerService.-$$Nest$mcheckContentUriPermissionFullUnlocked(UriGrantsManagerService.java:0)
02-04 20:09:51.819  1937  4274 E ContentProviderHelper: 	at com.android.server.uri.UriGrantsManagerService$LocalService.checkUriPermission(UriGrantsManagerService.java:1721)
02-04 20:09:51.819  1937  4274 E ContentProviderHelper: 	at com.android.server.wm.ActivityCallerState.addContentUriIfUidHasPermission(ActivityCallerState.java:168)
02-04 20:09:51.819  1937  4274 E ContentProviderHelper: 	at com.android.server.wm.ActivityCallerState.computeCallerInfo(ActivityCallerState.java:117)
02-04 20:09:51.819  1937  4274 E ContentProviderHelper: 	at com.android.server.wm.ActivityRecord.computeCallerInfo(ActivityRecord.java:1861)
02-04 20:09:51.819  1937  4274 E ContentProviderHelper: 	at com.android.server.wm.ActivityRecord.computeInitialCallerInfo(ActivityRecord.java:1855)
02-04 20:09:51.819  1937  4274 E ContentProviderHelper: 	at com.android.server.wm.ActivityStarter.handleStartResult(ActivityStarter.java:1906)
02-04 20:09:51.819  1937  4274 E ContentProviderHelper: 	at com.android.server.wm.ActivityStarter.startActivityUnchecked(ActivityStarter.java:1826)
02-04 20:09:51.819  1937  4274 E ContentProviderHelper: 	at com.android.server.wm.ActivityStarter.executeRequest(ActivityStarter.java:1637)
02-04 20:09:51.819  1937  4274 E ContentProviderHelper: 	at com.android.server.wm.ActivityStarter.execute(ActivityStarter.java:920)
02-04 20:09:51.819  1937  4274 E ContentProviderHelper: 	at com.android.server.wm.ActivityTaskManagerService.startActivityAsUser(ActivityTaskManagerService.java:1366)
02-04 20:09:51.819  1937  4274 E ContentProviderHelper: 	at com.android.server.wm.ActivityTaskManagerService.startActivityAsUser(ActivityTaskManagerService.java:1290)
02-04 20:09:51.819  1937  4274 E ContentProviderHelper: 	at com.android.server.wm.ActivityTaskManagerService.startActivity(ActivityTaskManagerService.java:1258)
02-04 20:09:51.819  1937  4274 E ContentProviderHelper: 	at android.app.IActivityTaskManager$Stub.onTransact(IActivityTaskManager.java:971)
02-04 20:09:51.819  1937  4274 E ContentProviderHelper: 	at com.android.server.wm.ActivityTaskManagerService.onTransact(ActivityTaskManagerService.java:5905)
02-04 20:09:51.819  1937  4274 E ContentProviderHelper: 	at android.os.Binder.execTransactInternal(Binder.java:1428)
02-04 20:09:51.819  1937  4274 E ContentProviderHelper: 	at android.os.Binder.execTransact(Binder.java:1372)
02-04 20:09:51.819  1937  4274 I ActivityTaskManager: START u0 {act=nothing.intent.action.NT_SCREENSHOT_EDIT dat=content://media/... typ=image/png flg=0x10008003 xflg=0x4 cmp=com.nothing.ntscreenshot/.MainActivity (has extras)} with LAUNCH_MULTIPLE from uid 10185 pid 11254 (BAL_ALLOW_NON_APP_VISIBLE_WINDOW) result code=0
