02-04 20:09:49.880 11445 11445 D NtScrollerManagerImpl: init NtScrollerManagerImpl
02-04 20:09:49.882  1937  2311 D BackgroundInstallControlService: Package event received: 0
02-04 20:09:49.887  1937  2031 D ActivityManager: uid = 10115, pid = 11445, processName = com.google.android.projection.gearhead:shared is not top app, set nt foreground
02-04 20:09:49.935  1937  2029 W ActivityManager: Slow operation: 53ms so far, now at startProcess: returned from zygote!
02-04 20:09:49.935  1937  2029 W ActivityManager: Slow operation: 54ms so far, now at startProcess: done updating battery stats
02-04 20:09:49.935  1937  2029 W ActivityManager: Slow operation: 54ms so far, now at startProcess: building log message
02-04 20:09:49.936  1937  2029 I ActivityManager: Start proc 11460:com.nothing.logkit/1000 for content provider {com.nothing.logkit/com.nothing.logkit.FeedbackSettingsIndexablesProvider}
02-04 20:09:49.936  1937  2029 W ActivityManager: Slow operation: 54ms so far, now at startProcess: starting to update pids map
02-04 20:09:49.936  1937  2029 I START_DEBUG: send START_TIMEOUT message    ProcessRecord :ProcessRecord{a4ac11c 11460:com.nothing.logkit/1000}
02-04 20:09:49.936  1937  2029 I ActivityManager: ProcessObserver broadcast disabled
02-04 20:09:49.936  1937  2029 W ActivityManager: Slow operation: 54ms so far, now at startProcess: done updating pids map
02-04 20:09:49.968  1937  1953 V ActivityManager: New death recipient com.android.server.am.ActivityManagerService$AppDeathRecipient@cd51a23 for thread android.os.BinderProxy@ec4fb20
02-04 20:09:49.973  1937  1953 D CompatChangeReporter: Compat change id reported: 151861875; UID 1000; state: ENABLED
02-04 20:09:49.977  1937  1953 I START_DEBUG: send BINDTIMEOUT    ProcessRecord :ProcessRecord{a4ac11c 11460:com.nothing.logkit/1000}
02-04 20:09:49.977  1937  1953 I START_DEBUG: remove START_TIMEOUT finish    ProcessRecord :ProcessRecord{a4ac11c 11460:com.nothing.logkit/1000}
02-04 20:09:49.979  1937  1953 D OomAdjuster: process : com.nothing.logkit, pid = 11460, isTop = false, uid = 1000, hasActivity = false
02-04 20:09:49.979  1937  1953 D OomAdjuster: system app not need limit!
02-04 20:09:49.985 11460 11460 D NtScrollerManagerImpl: init NtScrollerManagerImpl
02-04 20:09:49.993  1937  4293 V ActivityManager: Death received in com.android.server.am.ActivityManagerService$AppDeathRecipient@123c7ac for thread android.os.BinderProxy@e1a9c75
02-04 20:09:49.994  1937  4293 I ActivityManager: Process com.android.vending (pid 9749) has died: cch+50 CACC
02-04 20:09:49.995  1937  1937 D MBrainLocalService: isVendorFreezeConditionPass is false
02-04 20:09:49.995  1937  1937 D MBrainLocalService: notifyAppLifeCycle failed
02-04 20:09:49.998  1937  2748 W ActivityManager: pid 5272 com.android.vending:background sent binder code 2 with flags 1 to frozen apps and got error -32
02-04 20:09:49.998  1937  4293 D ActivityManager: sync unfroze 5272 com.android.vending:background for 5
02-04 20:09:50.009  1937  4293 W ActivityManager: Scheduling restart of crashed service com.android.vending/com.google.android.finsky.billing.iab.InAppBillingService in 30000ms for connection
02-04 20:09:50.010  1937  4293 I START_DEBUG: remove ALL_TIMEOUT cleanup   ProcessRecord :ProcessRecord{832ddb9 9749:com.android.vending/u0a139}
02-04 20:09:50.018  1937  4293 I START_DEBUG: remove BIND_TIMEOUT finish    ProcessRecord :ProcessRecord{9317b9f 11445:com.google.android.projection.gearhead:shared/u0a115}
02-04 20:09:50.019  1937  2311 D BackgroundInstallControlService: Package event received: 0
02-04 20:09:50.143  1937  4274 E AppOps  : Bad call made by uid 1000. Package "com.google.android.googlequicksearchbox" does not belong to uid 1000.
02-04 20:09:50.143  1937  1953 V ActivityManager: Death received in com.android.server.am.ActivityManagerService$AppDeathRecipient@9bd0a37 for thread android.os.BinderProxy@c244ba4
02-04 20:09:50.144  1937  1953 I ActivityManager: Process com.google.android.googlequicksearchbox:search (pid 8717) has died: cch+45 CEM 
02-04 20:09:50.144  1937  1937 D MBrainLocalService: isVendorFreezeConditionPass is false
02-04 20:09:50.144  1937  1937 D MBrainLocalService: notifyAppLifeCycle failed
02-04 20:09:50.162  1937  1953 D ActivityManager: sync unfroze 32282 com.google.android.gms for 5
02-04 20:09:50.163  1937  1953 I START_DEBUG: remove ALL_TIMEOUT cleanup   ProcessRecord :ProcessRecord{467f0df 8717:com.google.android.googlequicksearchbox:search/u999a140}
02-04 20:09:50.165  1937  2026 W ActivityManager: Rescheduling restart of crashed service com.android.vending/com.google.android.finsky.billing.iab.InAppBillingService in 9845ms for mem-pressure-event
02-04 20:09:50.167 11460 11480 D MbrainDebugManagerImpl: getService failed
02-04 20:09:50.188  1937  2311 D BackgroundInstallControlService: Package event received: 0
02-04 20:09:50.203  1937  1953 I START_DEBUG: remove BIND_TIMEOUT finish    ProcessRecord :ProcessRecord{a4ac11c 11460:com.nothing.logkit/1000}
02-04 20:09:50.203  1937  2029 I ActivityManager: Start proc 11484:com.nothing.userguide/u0a297 for content provider {com.nothing.userguide/com.nothing.userguide.search.UserGuideSearchIndexablesProvider}
02-04 20:09:50.203  1937  2029 I START_DEBUG: send START_TIMEOUT message    ProcessRecord :ProcessRecord{8cc8980 11484:com.nothing.userguide/u0a297}
02-04 20:09:50.203  1937  2029 I ActivityManager: ProcessObserver broadcast disabled
02-04 20:09:50.204  1937  2311 D BackgroundInstallControlService: Package event received: 0
02-04 20:09:50.243  1937  2357 V ActivityManager: Death received in com.android.server.am.ActivityManagerService$AppDeathRecipient@2e5e754 for thread android.os.BinderProxy@75746fd
02-04 20:09:50.244  1937  2357 I ActivityManager: Process com.google.android.googlequicksearchbox:googleapp (pid 8781) has died: cch+45 CEM 
02-04 20:09:50.244  1937  1937 D MBrainLocalService: isVendorFreezeConditionPass is false
02-04 20:09:50.244  1937  1937 D MBrainLocalService: notifyAppLifeCycle failed
02-04 20:09:50.245  1937  4301 E AppOps  : Bad call made by uid 1000. Package "com.google.android.googlequicksearchbox" does not belong to uid 1000.
02-04 20:09:50.248  1937  2357 I START_DEBUG: remove ALL_TIMEOUT cleanup   ProcessRecord :ProcessRecord{f3fa63 8781:com.google.android.googlequicksearchbox:googleapp/u999a140}
02-04 20:09:50.253  1937  4291 V ActivityManager: New death recipient com.android.server.am.ActivityManagerService$AppDeathRecipient@3e9632d for thread android.os.BinderProxy@8652062
02-04 20:09:50.261  1937  4291 I START_DEBUG: send BINDTIMEOUT    ProcessRecord :ProcessRecord{8cc8980 11484:com.nothing.userguide/u0a297}
02-04 20:09:50.261  1937  4291 I START_DEBUG: remove START_TIMEOUT finish    ProcessRecord :ProcessRecord{8cc8980 11484:com.nothing.userguide/u0a297}
02-04 20:09:50.261  1937  4291 D OomAdjuster: process : com.nothing.userguide, pid = 11484, isTop = false, uid = 10297, hasActivity = false
02-04 20:09:50.261  1937  4291 D OomAdjuster: system app not need limit!
02-04 20:09:50.270 11484 11484 D NtScrollerManagerImpl: init NtScrollerManagerImpl
02-04 20:09:50.316  1937  2357 I START_DEBUG: remove BIND_TIMEOUT finish    ProcessRecord :ProcessRecord{8cc8980 11484:com.nothing.userguide/u0a297}
02-04 20:09:50.317  1937  2311 D BackgroundInstallControlService: Package event received: 0
02-04 20:09:51.688  1937  1937 D MBrainLocalService: isVendorFreezeConditionPass is false
02-04 20:09:51.688  1937  1937 D MBrainLocalService: notifyAudioModeChange failed
02-04 20:09:51.800  1937  4274 D NtDualAppsServiceImpl: overrideRequestIfNeeded: skip because of calling package
02-04 20:09:51.802  1937  4274 W OptProp : Cannot read opt property android.window.PROPERTY_COMPAT_ALLOW_RESIZEABLE_ACTIVITY_OVERRIDES
02-04 20:09:51.803  1937  4274 W OptProp : Cannot read opt property android.window.PROPERTY_COMPAT_ALLOW_MIN_ASPECT_RATIO_OVERRIDE
02-04 20:09:51.803  1937  4274 D BLASTSyncEngine: [DH_DEBUG]scheduleTimeout #9854 success=true timeoutMs=5000 callback=com.android.server.wm.BLASTSyncEngine$SyncGroup$$ExternalSyntheticLambda2@a4b7627
02-04 20:09:51.803  1937  4274 D WindowManager: [SG_DEBUG]Set SyncGroup{id=9854 name=Transition-OPEN} on ActivityRecord{155934932 u0 com.nothing.ntscreenshot/.MainActivity
02-04 20:09:51.808  1937  4274 V NtGameModeImpl: onAppFocusChanged: pkg=com.whatsapp, uid=10224, category=4, launchMode= 1
02-04 20:09:51.808  1937  4274 D NtTaskWindowSurfaceInfo: PopUpView: onWindowingModeChanged 0->1 mTask=Task{491027d #24416 type=standard}
02-04 20:09:51.811  1937  4274 D WindowManager: [SG_DEBUG]Set SyncGroup{id=9854 name=Transition-OPEN} on Task{491027d #24416 type=standard A=10195:com.nothing.ntscreenshot nonResizable}
02-04 20:09:51.811  1937  4274 W OptProp : Cannot read opt property android.window.PROPERTY_COMPAT_ALLOW_ORIENTATION_OVERRIDE
02-04 20:09:51.816  1937  4274 E ContentProviderHelper: Unable to check Uri permission because caller is holding WM lock; assuming permission denied
02-04 20:09:51.816  1937  4274 E ContentProviderHelper: java.lang.IllegalStateException: Unable to check Uri permission because caller is holding WM lock; assuming permission denied
02-04 20:09:51.816  1937  4274 E ContentProviderHelper: 	at com.android.server.am.ContentProviderHelper.checkContentProviderUriPermission(ContentProviderHelper.java:1229)
02-04 20:09:51.816  1937  4274 E ContentProviderHelper: 	at com.android.server.am.ActivityManagerService$LocalService.checkContentProviderUriPermission(ActivityManagerService.java:17063)
02-04 20:09:51.816  1937  4274 E ContentProviderHelper: 	at com.android.server.uri.UriGrantsManagerService.checkHoldingPermissionsInternalUnlocked(UriGrantsManagerService.java:1214)
02-04 20:09:51.816  1937  4274 E ContentProviderHelper: 	at com.android.server.uri.UriGrantsManagerService.checkHoldingPermissionsUnlocked(UriGrantsManagerService.java:1124)
02-04 20:09:51.816  1937  4274 E ContentProviderHelper: 	at com.android.server.uri.UriGrantsManagerService.checkContentUriPermissionFullUnlocked(UriGrantsManagerService.java:1511)
02-04 20:09:51.816  1937  4274 E ContentProviderHelper: 	at com.android.server.uri.UriGrantsManagerService.-$$Nest$mcheckContentUriPermissionFullUnlocked(UriGrantsManagerService.java:0)
02-04 20:09:51.816  1937  4274 E ContentProviderHelper: 	at com.android.server.uri.UriGrantsManagerService$LocalService.checkUriPermission(UriGrantsManagerService.java:1721)
02-04 20:09:51.816  1937  4274 E ContentProviderHelper: 	at com.android.server.wm.ActivityCallerState.addContentUriIfUidHasPermission(ActivityCallerState.java:168)
02-04 20:09:51.816  1937  4274 E ContentProviderHelper: 	at com.android.server.wm.ActivityCallerState.computeCallerInfo(ActivityCallerState.java:114)
02-04 20:09:51.816  1937  4274 E ContentProviderHelper: 	at com.android.server.wm.ActivityRecord.computeCallerInfo(ActivityRecord.java:1861)
02-04 20:09:51.816  1937  4274 E ContentProviderHelper: 	at com.android.server.wm.ActivityRecord.computeInitialCallerInfo(ActivityRecord.java:1855)
02-04 20:09:51.816  1937  4274 E ContentProviderHelper: 	at com.android.server.wm.ActivityStarter.handleStartResult(ActivityStarter.java:1906)
02-04 20:09:51.816  1937  4274 E ContentProviderHelper: 	at com.android.server.wm.ActivityStarter.startActivityUnchecked(ActivityStarter.java:1826)
02-04 20:09:51.816  1937  4274 E ContentProviderHelper: 	at com.android.server.wm.ActivityStarter.executeRequest(ActivityStarter.java:1637)
02-04 20:09:51.816  1937  4274 E ContentProviderHelper: 	at com.android.server.wm.ActivityStarter.execute(ActivityStarter.java:920)
02-04 20:09:51.816  1937  4274 E ContentProviderHelper: 	at com.android.server.wm.ActivityTaskManagerService.startActivityAsUser(ActivityTaskManagerService.java:1366)
02-04 20:09:51.816  1937  4274 E ContentProviderHelper: 	at com.android.server.wm.ActivityTaskManagerService.startActivityAsUser(ActivityTaskManagerService.java:1290)
02-04 20:09:51.816  1937  4274 E ContentProviderHelper: 	at com.android.server.wm.ActivityTaskManagerService.startActivity(ActivityTaskManagerService.java:1258)
02-04 20:09:51.816  1937  4274 E ContentProviderHelper: 	at android.app.IActivityTaskManager$Stub.onTransact(IActivityTaskManager.java:971)
02-04 20:09:51.816  1937  4274 E ContentProviderHelper: 	at com.android.server.wm.ActivityTaskManagerService.onTransact(ActivityTaskManagerService.java:5905)
02-04 20:09:51.816  1937  4274 E ContentProviderHelper: 	at android.os.Binder.execTransactInternal(Binder.java:1428)
02-04 20:09:51.816  1937  4274 E ContentProviderHelper: 	at android.os.Binder.execTransact(Binder.java:1372)
02-04 20:09:51.819  1937  4274 E ContentProviderHelper: Unable to check Uri permission because caller is holding WM lock; assuming permission denied
02-04 20:09:51.819  1937  4274 E ContentProviderHelper: java.lang.IllegalStateException: Unable to check Uri permission because caller is holding WM lock; assuming permission denied
02-04 20:09:51.819  1937  4274 E ContentProviderHelper: 	at com.android.server.am.ContentProviderHelper.checkContentProviderUriPermission(ContentProviderHelper.java:1229)
02-04 20:09:51.819  1937  4274 E ContentProviderHelper: 	at com.android.server.am.ActivityManagerService$LocalService.checkContentProviderUriPermission(ActivityManagerService.java:17063)
02-04 20:09:51.819  1937  4274 E ContentProviderHelper: 	at com.android.server.uri.UriGrantsManagerService.checkHoldingPermissionsInternalUnlocked(UriGrantsManagerService.java:1214)
02-04 20:09:51.819  1937  4274 E ContentProviderHelper: 	at com.android.server.uri.UriGrantsManagerService.checkHoldingPermissionsUnlocked(UriGrantsManagerService.java:1124)
02-04 20:09:51.819  1937  4274 E ContentProviderHelper: 	at com.android.server.uri.UriGrantsManagerService.checkContentUriPermissionFullUnlocked(UriGrantsManagerService.java:1511)
02-04 20:09:51.819  1937  4274 E ContentProviderHelper: 	at com.android.server.uri.UriGrantsManagerService.-$$Nest$mcheckContentUriPermissionFullUnlocked(UriGrantsManagerService.java:0)
02-04 20:09:51.819  1937  4274 E ContentProviderHelper: 	at com.android.server.uri.UriGrantsManagerService$LocalService.checkUriPermission(UriGrantsManagerService.java:1721)
02-04 20:09:51.819  1937  4274 E ContentProviderHelper: 	at com.android.server.wm.ActivityCallerState.addContentUriIfUidHasPermission(ActivityCallerState.java:168)
02-04 20:09:51.819  1937  4274 E ContentProviderHelper: 	at com.android.server.wm.ActivityCallerState.computeCallerInfo(ActivityCallerState.java:117)
02-04 20:09:51.819  1937  4274 E ContentProviderHelper: 	at com.android.server.wm.ActivityRecord.computeCallerInfo(ActivityRecord.java:1861)
02-04 20:09:51.819  1937  4274 E ContentProviderHelper: 	at com.android.server.wm.ActivityRecord.computeInitialCallerInfo(ActivityRecord.java:1855)
02-04 20:09:51.819  1937  4274 E ContentProviderHelper: 	at com.android.server.wm.ActivityStarter.handleStartResult(ActivityStarter.java:1906)
02-04 20:09:51.819  1937  4274 E ContentProviderHelper: 	at com.android.server.wm.ActivityStarter.startActivityUnchecked(ActivityStarter.java:1826)
02-04 20:09:51.819  1937  4274 E ContentProviderHelper: 	at com.android.server.wm.ActivityStarter.executeRequest(ActivityStarter.java:1637)
02-04 20:09:51.819  1937  4274 E ContentProviderHelper: 	at com.android.server.wm.ActivityStarter.execute(ActivityStarter.java:920)
02-04 20:09:51.819  1937  4274 E ContentProviderHelper: 	at com.android.server.wm.ActivityTaskManagerService.startActivityAsUser(ActivityTaskManagerService.java:1366)
02-04 20:09:51.819  1937  4274 E ContentProviderHelper: 	at com.android.server.wm.ActivityTaskManagerService.startActivityAsUser(ActivityTaskManagerService.java:1290)
02-04 20:09:51.819  1937  4274 E ContentProviderHelper: 	at com.android.server.wm.ActivityTaskManagerService.startActivity(ActivityTaskManagerService.java:1258)
02-04 20:09:51.819  1937  4274 E ContentProviderHelper: 	at android.app.IActivityTaskManager$Stub.onTransact(IActivityTaskManager.java:971)
02-04 20:09:51.819  1937  4274 E ContentProviderHelper: 	at com.android.server.wm.ActivityTaskManagerService.onTransact(ActivityTaskManagerService.java:5905)
02-04 20:09:51.819  1937  4274 E ContentProviderHelper: 	at android.os.Binder.execTransactInternal(Binder.java:1428)
02-04 20:09:51.819  1937  4274 E ContentProviderHelper: 	at android.os.Binder.execTransact(Binder.java:1372)
02-04 20:09:51.819  1937  4274 I ActivityTaskManager: START u0 {act=nothing.intent.action.NT_SCREENSHOT_EDIT dat=content://media/... typ=image/png flg=0x10008003 xflg=0x4 cmp=com.nothing.ntscreenshot/.MainActivity (has extras)} with LAUNCH_MULTIPLE from uid 10185 pid 11254 (BAL_ALLOW_NON_APP_VISIBLE_WINDOW) result code=0
02-04 20:09:51.820  2464  2553 V WindowManagerShell: Transition requested (#9854): android.os.BinderProxy@3eb971 TransitionRequestInfo { type = OPEN, triggerTask = TaskInfo{userId=0 taskId=24416 effectiveUid=10195 displayId=0 isRunning=true baseIntent=Intent { act=nothing.intent.action.NT_SCREENSHOT_EDIT dat=content://media/... typ=image/png flg=0x10008003 cmp=com.nothing.ntscreenshot/.MainActivity } baseActivity=ComponentInfo{com.nothing.ntscreenshot/com.nothing.ntscreenshot.MainActivity} topActivity=ComponentInfo{com.nothing.ntscreenshot/com.nothing.ntscreenshot.MainActivity} origActivity=null realActivity=ComponentInfo{com.nothing.ntscreenshot/com.nothing.ntscreenshot.MainActivity} numActivities=1 lastActiveTime=1113634041 supportsMultiWindow=false resizeMode=0 isResizeable=false minWidth=-1 minHeight=-1 defaultMinSize=220 token=WCT{android.window.IWindowContainerToken$Stub$Proxy@59b9356} topActivityType=1 pictureInPictureParams=null shouldDockBigOverlays=false launchIntoPipHostTaskId=-1 lastParentTaskIdBeforePip=-1 displayCutoutSafeInsets=Rect(0, 126 - 0, 0) topActivityInfo=ActivityInfo{4a61fd7 com.nothing.ntscreenshot.MainActivity} launchCookies=[] positionInParent=Point(0, 0) parentTaskId=-1 isFocused=false isVisible=false isVisibleRequested=false isTopActivityNoDisplay=false isSleeping=false locusId=null displayAreaFeatureId=1 isTopActivityTransparent=false isActivityStackTransparent=false lastNonFullscreenBounds=Rect(278, 695 - 806, 1779) capturedLink=null capturedLinkTimestamp=0 requestedVisibleTypes=-9 topActivityRequestOpenInBrowserEducationTimestamp=0 appCompatTaskInfo=AppCompatTaskInfo { topActivityInSizeCompat=false eligibleForLetterboxEducation= false isLetterboxEducationEnabled= false isLetterboxDoubleTapEnabled= false eligibleForUserAspectRatioButton= false topActivityBoundsLetterboxed= false isFromLetterboxDoubleTap= false topActivityLetterboxVerticalPosition= -1 topActivityLetterboxHorizontalPosition= -1 topActivityLetterboxWidth=-1 topActivityLetterboxHeight=-1 topActivityAppBounds=Rect(0, 0 - 1084, 2412) isUserFullscreenOverrideEnabled=false isSystemFullscreenOverrideEnabled=false hasMinAspectRatioOverride=false topActivityLetterboxBounds=null cameraCompatTaskInfo=CameraCompatTaskInfo { freeformCameraCompatMode=inactive}} topActivityMainWindowFrame=null}, pipChange = null, remoteTransition = null, displayChange = null, flags = 0, debugId = 9854 }
02-04 20:09:51.820  2464  2553 D ShellSplitScreen: logExit: no-op, mLoggerSessionId is null
02-04 20:09:51.820  1937  1963 D ActivityManager: [Ben] startProcess: processName=com.nothing.ntscreenshot, isTop=true, hostingType=next-top-activity, ComponentName(hostingName)=ComponentInfo{com.nothing.ntscreenshot/com.nothing.ntscreenshot.MainActivity}  ##
02-04 20:09:51.823  1937  1953 D NtMemoryManager: mIsHighPressureScene: false : com.nothing.ntscreenshot
02-04 20:09:51.823  1937  1953 D NtProcessManager: Top app: com.nothing.ntscreenshot
02-04 20:09:51.824  1937  1953 D WindowManager: [SG_DEBUG]Set SyncGroup{id=9854 name=Transition-OPEN} on ActivityRecord{82135226 u0 com.whatsapp/.Conversation t24395}
02-04 20:09:51.825  1937  2311 D BackgroundInstallControlService: Package event received: 0
02-04 20:09:51.828  1937  2679 D NtBoostAdjusterImpl: threadPriorityBoost: pid = 1964, duration = 500
02-04 20:09:51.828  1937  2679 D NtBoostAdjusterImpl: tryBoostThreadPriority: pid = 1964, counting = 1
02-04 20:09:51.835  1937  2029 I ActivityManager: Start proc 11517:com.nothing.ntscreenshot/u0a195 for next-top-activity {com.nothing.ntscreenshot/com.nothing.ntscreenshot.MainActivity}
02-04 20:09:51.841  1937  2029 I START_DEBUG: send START_TIMEOUT message    ProcessRecord :ProcessRecord{d7e0d58 11517:com.nothing.ntscreenshot/u0a195}
02-04 20:09:51.841  1937  2679 D NtBoostAdjusterImpl: threadPriorityBoost: pid = 13556, duration = 500
02-04 20:09:51.841  1937  2029 I ActivityManager: ProcessObserver broadcast disabled
02-04 20:09:51.841  1937  2679 D NtBoostAdjusterImpl: tryBoostThreadPriority: pid = 13556, counting = 1
02-04 20:09:51.841  1937  2029 D MemoryStatusReporter: com.nothing.ntscreenshot is UI Cold Start
02-04 20:09:51.845  1937  2025 D DexOptExtImpl: com.nothing.ntscreenshot reason is 5 abi is arm64-v8a
02-04 20:09:51.859  1937  4291 W AutofillManagerServiceImpl: getFillEventHistory() called by UID 10121, but service UID is 10131
02-04 20:09:51.865  1937  4291 V ActivityManager: New death recipient com.android.server.am.ActivityManagerService$AppDeathRecipient@b251c1d for thread android.os.BinderProxy@8cbfe92
02-04 20:09:51.867  1937  4291 I START_DEBUG: send BINDTIMEOUT    ProcessRecord :ProcessRecord{d7e0d58 11517:com.nothing.ntscreenshot/u0a195}
02-04 20:09:51.867  1937  4291 I START_DEBUG: remove START_TIMEOUT finish    ProcessRecord :ProcessRecord{d7e0d58 11517:com.nothing.ntscreenshot/u0a195}
02-04 20:09:51.868  1937  2311 D BackgroundInstallControlService: Package event received: 0
02-04 20:09:51.872 11517 11517 D NtScrollerManagerImpl: init NtScrollerManagerImpl
02-04 20:09:51.922 11517 11529 D MbrainDebugManagerImpl: getService failed
02-04 20:09:51.927  1937  4274 I START_DEBUG: remove BIND_TIMEOUT finish    ProcessRecord :ProcessRecord{d7e0d58 11517:com.nothing.ntscreenshot/u0a195}
02-04 20:09:51.928  1937  4274 V NtGameModeImpl: onAppFocusChanged: pkg=com.nothing.ntscreenshot, uid=10195, category=-1, launchMode= 1
02-04 20:09:51.928  1937  4274 D NtPopUpViewImpl: PopUpView: onAppFocusChanged: newTask=Task{491027d #24416 type=standard A=10195:com.nothing.ntscreenshot nonResizable}, showDimmer=false
02-04 20:09:51.928  1937  4274 D NtKafkaEventHelper: onActivityRecordChanged: info com.nothing.ntscreenshot:10195:11517
02-04 20:09:51.930  1937  1937 D MBrainLocalService: isVendorFreezeConditionPass is false
02-04 20:09:51.930  1937  1937 E MBrainLocalService: notifyAppSwitch failed
02-04 20:09:51.934  1937  2311 D BackgroundInstallControlService: Package event received: 0
02-04 20:09:51.934  1937  2311 D BackgroundInstallControlService: Package event received: 0
02-04 20:09:51.939 11517 11531 I DisplayManager: Choreographer implicitly registered for the refresh rate.
02-04 20:09:51.940  2443  4537 D SceneManager: TopAPP=com.nothing.ntscreenshot
02-04 20:09:51.986  1937  1953 D CoreBackPreview: Window{4020e8e u0 com.nothing.ntscreenshot/com.nothing.ntscreenshot.MainActivity}: Setting back callback OnBackInvokedCallbackInfo{mCallback=android.window.IOnBackInvokedCallback$Stub$Proxy@b14859a, mPriority=-1, mIsAnimationCallback=false, mOverrideBehavior=0}
02-04 20:09:52.006  1937  1953 D CoreBackPreview: Window{4020e8e u0 com.nothing.ntscreenshot/com.nothing.ntscreenshot.MainActivity}: Setting back callback OnBackInvokedCallbackInfo{mCallback=android.window.IOnBackInvokedCallback$Stub$Proxy@ea56166, mPriority=0, mIsAnimationCallback=false, mOverrideBehavior=0}
02-04 20:09:52.014  1937  1953 I WindowManager: Relayout Window{4020e8e u0 com.nothing.ntscreenshot/com.nothing.ntscreenshot.MainActivity}: oldVis=4 newVis=0 focusMayChange = true requestedWidth = 1084 requestedHeight = 2412 outFrames = ClientWindowFrames{frame=[0,0][1084,2412] display=[0,0][1084,2412] parentFrame=[0,0][0,0]} outSurfaceControl = Surface(name=com.nothing.ntscreenshot/com.nothing.ntscreenshot.MainActivity)/@0xd46554
02-04 20:09:52.017 11517 11517 D NtViewRootImpl: mPopUpViewOffsets: offset=(0.0, 0.0), scale=(1.0, 1.0)
02-04 20:09:52.165  1937  1964 D WindowManager: [SG_DEBUG]Clear [finished]SyncGroup{id=9854 name=Transition-OPEN} on ActivityRecord{155934932 u0 com.nothing.ntscreenshot/.MainActivity t24416}
02-04 20:09:52.165  1937  1964 D WindowManager: [SG_DEBUG]Clear [finished]SyncGroup{id=9854 name=Transition-OPEN} on ActivityRecord{82135226 u0 com.whatsapp/.Conversation t24395}
02-04 20:09:52.165  1937  1964 D WindowManager: [SG_DEBUG]Clear [finished]SyncGroup{id=9854 name=Transition-OPEN} on Task{491027d #24416 type=standard A=10195:com.nothing.ntscreenshot nonResizable}
02-04 20:09:52.168  1937  1964 D BLASTSyncEngine: [DH_DEBUG]remove timeout #9854 callback=com.android.server.wm.BLASTSyncEngine$SyncGroup$$ExternalSyntheticLambda2@a4b7627
02-04 20:09:52.171  2464  2474 V WindowManagerShell: onTransitionReady(transaction=8319352237545)
02-04 20:09:52.171  2464  2553 V WindowManagerShell: onTransitionReady (#9854) android.os.BinderProxy@3eb971: {id=9854 t=OPEN f=0x0 trk=0 r=[0@Point(0, 0)] c=[
02-04 20:09:52.171  2464  2553 V WindowManagerShell:         {m=OPEN f=TRANSLUCENT leash=Surface(name=Task=24416)/@0xf347bad sb=Rect(0, 0 - 1084, 2412) eb=Rect(0, 0 - 1084, 2412) epz=Point(1084, 2412) d=0 taskParent=-1 opt={t=SCENE_TRANSITION mUserId=0} ntPopUpView={mIsTryEnterWindowingMode=false mIsEnterWindowingModeLandscape=false mIsChangingWindowformBounds=false mStartPos=Point(0, 0) mEndPos=Point(0, 0) mStartScale=0.0 mEndScale=0.0 mStartCornerRadius=0.0 mEndCornerRadius=0.0 mAppBounds=Rect(0, 0 - 0, 0) mWindowCrop=Rect(0, 0 - 0, 0) mStartDragOrChangingBounds=Rect(0, 0 - 0, 0) mEndDragOrChangingBounds=Rect(0, 0 - 0, 0) mBottomLeftCornerLeash=null mBottomRightCornerLeash=null mDragBarLeash=null mCornerHintSize=60x60 mDragBarSize=189x42}}
02-04 20:09:52.171  2464  2553 V WindowManagerShell:     ]}
02-04 20:09:52.174  2464  2553 V WindowManagerShell: Playing animation for (#9854) android.os.BinderProxy@3eb971@0
02-04 20:09:52.174  2464  2553 V ShellRecents: RecentsTransitionHandler.startAnimation: no controller found
02-04 20:09:52.175  2464  2553 V WindowManagerShell: Transition doesn't have explicit remote, search filters for match for {id=9854 t=OPEN f=0x0 trk=0 r=[0@Point(0, 0)] c=[{m=OPEN f=TRANSLUCENT leash=Surface(name=Task=24416)/@0xf347bad sb=Rect(0, 0 - 1084, 2412) eb=Rect(0, 0 - 1084, 2412) epz=Point(1084, 2412) d=0 taskParent=-1 opt={t=SCENE_TRANSITION mUserId=0} ntPopUpView={mIsTryEnterWindowingMode=false mIsEnterWindowingModeLandscape=false mIsChangingWindowformBounds=false mStartPos=Point(0, 0) mEndPos=Point(0, 0) mStartScale=0.0 mEndScale=0.0 mStartCornerRadius=0.0 mEndCornerRadius=0.0 mAppBounds=Rect(0, 0 - 0, 0) mWindowCrop=Rect(0, 0 - 0, 0) mStartDragOrChangingBounds=Rect(0, 0 - 0, 0) mEndDragOrChangingBounds=Rect(0, 0 - 0, 0) mBottomLeftCornerLeash=null mBottomRightCornerLeash=null mDragBarLeash=null mCornerHintSize=60x60 mDragBarSize=189x42}}]}
02-04 20:09:52.175  2464  2553 V WindowManagerShell:  Checking filter Pair{{types=[] flags=0x0] notFlags=0x100 checks=[{atype=home independent=true modes=[OPEN,TO_FRONT] flags=NONE mustBeTask=false order=TOP topActivity=ComponentInfo{com.nothing.launcher/com.android.searchlauncher.SearchLauncher} launchCookie=null windowingMode=undefined},{atype=standard independent=true modes=[CLOSE,TO_BACK] flags=NONE mustBeTask=false order=ANY topActivity=null launchCookie=null windowingMode=undefined},{NOT atype=undefined independent=true modes=[] flags=NONE mustBeTask=true order=ANY topActivity=null launchCookie=null customAnim=true windowingMode=undefined}]} RemoteTransition { remoteTransition = android.window.IRemoteTransition$Stub$Proxy@e2a1b68, appThread = android.app.IApplicationThread$Stub$Proxy@6b78b81, debugName = QuickstepLaunchHome }}
02-04 20:09:52.175  2464  2553 V WindowManagerShell:  Checking filter Pair{{types=[] flags=0x0] notFlags=0x100 checks=[{atype=standard independent=true modes=[CLOSE,TO_BACK] flags=TRANSLUCENT mustBeTask=false order=ANY topActivity=null launchCookie=null windowingMode=undefined}]} RemoteTransition { remoteTransition = android.window.IRemoteTransition$Stub$Proxy@b742288, appThread = android.app.IApplicationThread$Stub$Proxy@285421, debugName = QuickstepLaunchHome_OpenTransluent }}
02-04 20:09:52.175  2464  2553 V WindowManagerShell:  Delegate animation for (#9854) to null
02-04 20:09:52.175  2464  2553 V WindowManagerShell: start default transition animation, info = {id=9854 t=OPEN f=0x0 trk=0 r=[0@Point(0, 0)] c=[{m=OPEN f=TRANSLUCENT leash=Surface(name=Task=24416)/@0xf347bad sb=Rect(0, 0 - 1084, 2412) eb=Rect(0, 0 - 1084, 2412) epz=Point(1084, 2412) d=0 taskParent=-1 opt={t=SCENE_TRANSITION mUserId=0} ntPopUpView={mIsTryEnterWindowingMode=false mIsEnterWindowingModeLandscape=false mIsChangingWindowformBounds=false mStartPos=Point(0, 0) mEndPos=Point(0, 0) mStartScale=0.0 mEndScale=0.0 mStartCornerRadius=0.0 mEndCornerRadius=0.0 mAppBounds=Rect(0, 0 - 0, 0) mWindowCrop=Rect(0, 0 - 0, 0) mStartDragOrChangingBounds=Rect(0, 0 - 0, 0) mEndDragOrChangingBounds=Rect(0, 0 - 0, 0) mBottomLeftCornerLeash=null mBottomRightCornerLeash=null mDragBarLeash=null mCornerHintSize=60x60 mDragBarSize=189x42}}]}
02-04 20:09:52.176  2464  2553 V WindowManagerShell: Transition animation finished (aborted=false), notifying core (#9854) android.os.BinderProxy@3eb971@0
02-04 20:09:52.177  1937  2133 D CoreBackPreview: Window{172f2e7 u0 ScreenshotAnimation}: Setting back callback null
02-04 20:09:52.179  2464  2553 V WindowManagerShell: Track 0 became idle
02-04 20:09:52.179  2464  2553 V WindowManagerShell: All active transition animations finished
02-04 20:09:52.179  2464  2553 V WindowManagerShell:  animated by com.android.wm.shell.transition.DefaultTransitionHandler@b4ccf06
02-04 20:09:52.179  2464  2553 V WindowManagerShell: Track 0 became idle
02-04 20:09:52.179  2464  2553 V WindowManagerShell: All active transition animations finished
02-04 20:09:52.180  1937  1963 D NtMemoryManager: not set com.whatsapp adj to 801
02-04 20:09:52.180  1937  1963 D OomAdjuster: process : com.whatsapp, pid = 11310, isTop = false, uid = 10224, hasActivity = true
02-04 20:09:52.180  1937  1963 D OomAdjuster: previous schedule group is top, not need limit!
02-04 20:09:52.184  1937  1937 D MBrainLocalService: isVendorFreezeConditionPass is false
02-04 20:09:52.184  1937  1937 D MBrainLocalService: notifyAppLifeCycle failed
02-04 20:09:52.188  1937  1960 V WindowManager: Sent Transition (#9854) createdAt=02-04 20:09:51.803 via request=TransitionRequestInfo { type = OPEN, triggerTask = TaskInfo{userId=0 taskId=24416 effectiveUid=10195 displayId=0 isRunning=true baseIntent=Intent { act=nothing.intent.action.NT_SCREENSHOT_EDIT dat=content://media/... typ=image/png flg=0x10008003 cmp=com.nothing.ntscreenshot/.MainActivity } baseActivity=ComponentInfo{com.nothing.ntscreenshot/com.nothing.ntscreenshot.MainActivity} topActivity=ComponentInfo{com.nothing.ntscreenshot/com.nothing.ntscreenshot.MainActivity} origActivity=null realActivity=ComponentInfo{com.nothing.ntscreenshot/com.nothing.ntscreenshot.MainActivity} numActivities=1 lastActiveTime=1113634041 supportsMultiWindow=false resizeMode=0 isResizeable=false minWidth=-1 minHeight=-1 defaultMinSize=220 token=WCT{RemoteToken{e9894a Task{491027d #24416 type=standard A=10195:com.nothing.ntscreenshot nonResizable}}} topActivityType=1 pictureInPictureParams=null shouldDockBigOverlays=false launchIntoPipHostTaskId=-1 lastParentTaskIdBeforePip=-1 displayCutoutSafeInsets=Rect(0, 126 - 0, 0) topActivityInfo=ActivityInfo{48030bb com.nothing.ntscreenshot.MainActivity} launchCookies=[] positionInParent=Point(0, 0) parentTaskId=-1 isFocused=false isVisible=false isVisibleRequested=false isTopActivityNoDisplay=false isSleeping=false locusId=null displayAreaFeatureId=1 isTopActivityTransparent=false isActivityStackTransparent=false lastNonFullscreenBounds=Rect(278, 695 - 806, 1779) capturedLink=null capturedLinkTimestamp=0 requestedVisibleTypes=-9 topActivityRequestOpenInBrowserEducationTimestamp=0 appCompatTaskInfo=AppCompatTaskInfo { topActivityInSizeCompat=false eligibleForLetterboxEducation= false isLetterboxEducationEnabled= false isLetterboxDoubleTapEnabled= false eligibleForUserAspectRatioButton= false topActivityBoundsLetterboxed= false isFromLetterboxDoubleTap= false topActivityLetterboxVerticalPosition= -1 topActivityLetterboxHorizontalPosition= -1 topActivityLetterboxWidth=-1 topActivityLetterboxHeight=-1 topActivityAppBounds=Rect(0, 0 - 1084, 2412) isUserFullscreenOverrideEnabled=false isSystemFullscreenOverrideEnabled=false hasMinAspectRatioOverride=false topActivityLetterboxBounds=null cameraCompatTaskInfo=CameraCompatTaskInfo { freeformCameraCompatMode=inactive}} topActivityMainWindowFrame=null}, pipChange = null, remoteTransition = null, displayChange = null, flags = 0, debugId = 9854 }
02-04 20:09:52.189  1937  1960 V WindowManager:     startWCT=WindowContainerTransaction { changes= {} hops= [] errorCallbackToken=null taskFragmentOrganizer=null }
02-04 20:09:52.189  1937  1960 V WindowManager:     info={id=9854 t=OPEN f=0x0 trk=0 r=[0@Point(0, 0)] c=[
02-04 20:09:52.189  1937  1960 V WindowManager:         {WCT{RemoteToken{e9894a Task{491027d #24416 type=standard A=10195:com.nothing.ntscreenshot nonResizable}}} m=OPEN f=TRANSLUCENT leash=Surface(name=Task=24416)/@0x29a5bf9 sb=Rect(0, 0 - 1084, 2412) eb=Rect(0, 0 - 1084, 2412) epz=Point(1084, 2412) d=0 taskParent=-1 opt={t=SCENE_TRANSITION mUserId=0} ntPopUpView={mIsTryEnterWindowingMode=false mIsEnterWindowingModeLandscape=false mIsChangingWindowformBounds=false mStartPos=Point(0, 0) mEndPos=Point(0, 0) mStartScale=0.0 mEndScale=0.0 mStartCornerRadius=0.0 mEndCornerRadius=0.0 mAppBounds=Rect(0, 0 - 0, 0) mWindowCrop=Rect(0, 0 - 0, 0) mStartDragOrChangingBounds=Rect(0, 0 - 0, 0) mEndDragOrChangingBounds=Rect(0, 0 - 0, 0) mBottomLeftCornerLeash=null mBottomRightCornerLeash=null mDragBarLeash=null mCornerHintSize=60x60 mDragBarSize=189x42}}
02-04 20:09:52.189  1937  1960 V WindowManager:     ]}
02-04 20:09:52.189  1937  1960 V WindowManager: Finish Transition (#9854): created at 02-04 20:09:51.803 collect-started=0.173ms request-sent=15.742ms started=36.881ms ready=36.863ms sent=364.169ms commit=9.876ms finished=374.141ms
02-04 20:09:52.193  1937  1953 D WindowManager: setParent old=WindowToken{eba88a6 type=2036 android.os.BinderProxy@b75f201},new=null,this window=Window{172f2e7 u0 ScreenshotAnimation},callers=com.android.server.wm.WindowContainer.removeChild:896 com.android.server.wm.WindowContainer.removeImmediately:949 com.android.server.wm.WindowState.removeImmediately:2245 com.android.server.wm.WindowState.removeIfPossible:2434 com.android.server.wm.WindowManagerService.removeClientToken:2207 com.android.server.wm.Session.remove:275 
02-04 20:09:52.194  1937  1953 D WindowManager: setParent old=Leaf:26:31@177829570,new=null,this window=WindowToken{eba88a6 type=2036 android.os.BinderProxy@b75f201},callers=com.android.server.wm.WindowContainer.removeChild:896 com.android.server.wm.WindowContainer.removeImmediately:949 com.android.server.wm.WindowToken.setExiting:211 com.android.server.wm.DisplayContent.removeWindowToken:1505 com.android.server.wm.WindowToken.removeImmediately:333 com.android.server.wm.WindowToken.removeIfPossible:246 
02-04 20:09:52.196  1937  1953 W WindowManager: Changing focus from Window{172f2e7 u0 ScreenshotAnimation} to Window{4020e8e u0 com.nothing.ntscreenshot/com.nothing.ntscreenshot.MainActivity} displayId=0 Callers=com.android.server.wm.RootWindowContainer.updateFocusedWindowLocked:494 com.android.server.wm.WindowManagerService.updateFocusedWindowLocked:6812 com.android.server.wm.RootWindowContainer.performSurfacePlacementNoTrace:792 com.android.server.wm.RootWindowContainer.performSurfacePlacement:774 
02-04 20:09:52.202  1937  1963 V WindowManager: Unknown focus tokens, dropping reportFocusChanged
02-04 20:09:52.208  1937  4274 D ActivityManager: Skip Async freezing pid=11254 com.android.systemui:screenshot
02-04 20:09:52.217  1937  1963 I DisplayDeviceRepository: Display device changed render timings: "Built-in Screen", renderFrameRate=90.0, presentationDeadlineNanos=17100000, appVsyncOffsetNanos=633333, frameRateOverrides=[]
02-04 20:09:52.218  1937  1961 D WindowManager: DeferredDisplayUpdater: partially applying DisplayInfo(1084 x 2412) immediately
02-04 20:09:52.222  1937  1963 D NtPerfTraceManagerImpl: packageName = com.nothing.ntscreenshot, taskId = 24416
02-04 20:09:52.223 11517 11517 D NtViewRootImpl: mPopUpViewOffsets: offset=(0.0, 0.0), scale=(1.0, 1.0)
02-04 20:09:52.227  1937  2357 D AS.AudioService: [reportAudioTrackStatusChanged]start broadcast, pid = 11254, uid = 10185, status = 1, streamType = 1, pkgName = com.android.systemui, sessionId = 73737
02-04 20:09:52.231  1937  2357 D AS.AudioService: [reportAudioTrackStatusChanged]finish broadcast
02-04 20:09:52.245  1937  2357 W PackageConfigPersister: App-specific configuration not found for packageName: com.nothing.ntscreenshot and userId: 0
02-04 20:09:52.330  1937  2679 D NtBoostAdjusterImpl: tryRestoreThreadPriority: pid = 1964, counting = 0
02-04 20:09:52.340  1937  2679 D NtBoostAdjusterImpl: tryRestoreThreadPriority: pid = 13556, counting = 0
02-04 20:09:52.465  1937  2357 D BLASTSyncEngine: [DH_DEBUG]scheduleTimeout #9855 success=true timeoutMs=5000 callback=com.android.server.wm.BLASTSyncEngine$SyncGroup$$ExternalSyntheticLambda2@c1abeab
02-04 20:09:52.465  1937  2357 D WindowManager: [SG_DEBUG]Set SyncGroup{id=9855 name=Transition-TO_BACK} on ActivityRecord{82135226 u0 com.whatsapp/.Conversation t24395}
02-04 20:09:52.466  2464  2553 V WindowManagerShell: Transition requested (#9855): android.os.BinderProxy@42e273 TransitionRequestInfo { type = TO_BACK, triggerTask = null, pipChange = null, remoteTransition = null, displayChange = null, flags = 0, debugId = 9855 }
02-04 20:09:52.466  1937  1963 D NtMemoryManager: not set com.whatsapp adj to 801
02-04 20:09:52.466  1937  1963 D ActivityManager: Skip Async freezing pid=11254 com.android.systemui:screenshot
02-04 20:09:52.466  1937  2679 D NtBoostAdjusterImpl: threadPriorityBoost: pid = 1964, duration = 500
02-04 20:09:52.467  1937  2679 D NtBoostAdjusterImpl: tryBoostThreadPriority: pid = 1964, counting = 1
02-04 20:09:52.481  1937  1964 D WindowManager: [SG_DEBUG]Clear [finished]SyncGroup{id=9855 name=Transition-TO_BACK} on ActivityRecord{82135226 u0 com.whatsapp/.Conversation t24395}
02-04 20:09:52.484  1937  2679 D NtBoostAdjusterImpl: threadPriorityBoost: pid = 13556, duration = 500
02-04 20:09:52.484  1937  2679 D NtBoostAdjusterImpl: tryBoostThreadPriority: pid = 13556, counting = 1
02-04 20:09:52.484  2464  3253 V WindowManagerShell: onTransitionReady(transaction=8319352237561)
02-04 20:09:52.485  2464  2553 V WindowManagerShell: onTransitionReady (#9855) android.os.BinderProxy@42e273: {id=9855 t=TO_BACK f=0x0 trk=0 r=[0@Point(0, 0)] c=[
02-04 20:09:52.485  2464  2553 V WindowManagerShell:         {m=TO_BACK f=NONE leash=Surface(name=Task=24395)/@0x56ba530 sb=Rect(0, 0 - 1084, 2412) eb=Rect(0, 0 - 1084, 2412) epz=Point(1084, 2412) d=0 taskParent=-1 opt={t=SCENE_TRANSITION mUserId=0} ntPopUpView={mIsTryEnterWindowingMode=false mIsEnterWindowingModeLandscape=false mIsChangingWindowformBounds=false mStartPos=Point(0, 0) mEndPos=Point(0, 0) mStartScale=0.0 mEndScale=0.0 mStartCornerRadius=0.0 mEndCornerRadius=0.0 mAppBounds=Rect(0, 0 - 0, 0) mWindowCrop=Rect(0, 0 - 0, 0) mStartDragOrChangingBounds=Rect(0, 0 - 0, 0) mEndDragOrChangingBounds=Rect(0, 0 - 0, 0) mBottomLeftCornerLeash=null mBottomRightCornerLeash=null mDragBarLeash=null mCornerHintSize=60x60 mDragBarSize=189x42}}
02-04 20:09:52.485  2464  2553 V WindowManagerShell:     ]}
02-04 20:09:52.485  2464  2553 V WindowManagerShell: Playing animation for (#9855) android.os.BinderProxy@42e273@0
02-04 20:09:52.485  2464  2553 V ShellRecents: RecentsTransitionHandler.startAnimation: no controller found
02-04 20:09:52.485  2464  2553 V WindowManagerShell: Transition doesn't have explicit remote, search filters for match for {id=9855 t=TO_BACK f=0x0 trk=0 r=[0@Point(0, 0)] c=[{m=TO_BACK f=NONE leash=Surface(name=Task=24395)/@0x56ba530 sb=Rect(0, 0 - 1084, 2412) eb=Rect(0, 0 - 1084, 2412) epz=Point(1084, 2412) d=0 taskParent=-1 opt={t=SCENE_TRANSITION mUserId=0} ntPopUpView={mIsTryEnterWindowingMode=false mIsEnterWindowingModeLandscape=false mIsChangingWindowformBounds=false mStartPos=Point(0, 0) mEndPos=Point(0, 0) mStartScale=0.0 mEndScale=0.0 mStartCornerRadius=0.0 mEndCornerRadius=0.0 mAppBounds=Rect(0, 0 - 0, 0) mWindowCrop=Rect(0, 0 - 0, 0) mStartDragOrChangingBounds=Rect(0, 0 - 0, 0) mEndDragOrChangingBounds=Rect(0, 0 - 0, 0) mBottomLeftCornerLeash=null mBottomRightCornerLeash=null mDragBarLeash=null mCornerHintSize=60x60 mDragBarSize=189x42}}]}
02-04 20:09:52.485  2464  2553 V WindowManagerShell:  Checking filter Pair{{types=[] flags=0x0] notFlags=0x100 checks=[{atype=home independent=true modes=[OPEN,TO_FRONT] flags=NONE mustBeTask=false order=TOP topActivity=ComponentInfo{com.nothing.launcher/com.android.searchlauncher.SearchLauncher} launchCookie=null windowingMode=undefined},{atype=standard independent=true modes=[CLOSE,TO_BACK] flags=NONE mustBeTask=false order=ANY topActivity=null launchCookie=null windowingMode=undefined},{NOT atype=undefined independent=true modes=[] flags=NONE mustBeTask=true order=ANY topActivity=null launchCookie=null customAnim=true windowingMode=undefined}]} RemoteTransition { remoteTransition = android.window.IRemoteTransition$Stub$Proxy@e2a1b68, appThread = android.app.IApplicationThread$Stub$Proxy@6b78b81, debugName = QuickstepLaunchHome }}
02-04 20:09:52.485  2464  2553 V WindowManagerShell:  Checking filter Pair{{types=[] flags=0x0] notFlags=0x100 checks=[{atype=standard independent=true modes=[CLOSE,TO_BACK] flags=TRANSLUCENT mustBeTask=false order=ANY topActivity=null launchCookie=null windowingMode=undefined}]} RemoteTransition { remoteTransition = android.window.IRemoteTransition$Stub$Proxy@b742288, appThread = android.app.IApplicationThread$Stub$Proxy@285421, debugName = QuickstepLaunchHome_OpenTransluent }}
02-04 20:09:52.485  2464  2553 V WindowManagerShell:  Delegate animation for (#9855) to null
02-04 20:09:52.485  2464  2553 V WindowManagerShell: start default transition animation, info = {id=9855 t=TO_BACK f=0x0 trk=0 r=[0@Point(0, 0)] c=[{m=TO_BACK f=NONE leash=Surface(name=Task=24395)/@0x56ba530 sb=Rect(0, 0 - 1084, 2412) eb=Rect(0, 0 - 1084, 2412) epz=Point(1084, 2412) d=0 taskParent=-1 opt={t=SCENE_TRANSITION mUserId=0} ntPopUpView={mIsTryEnterWindowingMode=false mIsEnterWindowingModeLandscape=false mIsChangingWindowformBounds=false mStartPos=Point(0, 0) mEndPos=Point(0, 0) mStartScale=0.0 mEndScale=0.0 mStartCornerRadius=0.0 mEndCornerRadius=0.0 mAppBounds=Rect(0, 0 - 0, 0) mWindowCrop=Rect(0, 0 - 0, 0) mStartDragOrChangingBounds=Rect(0, 0 - 0, 0) mEndDragOrChangingBounds=Rect(0, 0 - 0, 0) mBottomLeftCornerLeash=null mBottomRightCornerLeash=null mDragBarLeash=null mCornerHintSize=60x60 mDragBarSize=189x42}}]}
02-04 20:09:52.486  2464  2553 V WindowManagerShell: Transition animation finished (aborted=false), notifying core (#9855) android.os.BinderProxy@42e273@0
02-04 20:09:52.487  1937  2311 D BackgroundInstallControlService: Package event received: 0
02-04 20:09:52.487  1937  2311 D BackgroundInstallControlService: Package event received: 0
02-04 20:09:52.493  1937  1964 D BLASTSyncEngine: [DH_DEBUG]remove timeout #9855 callback=com.android.server.wm.BLASTSyncEngine$SyncGroup$$ExternalSyntheticLambda2@c1abeab
02-04 20:09:52.493  1937  1960 V WindowManager: Sent Transition (#9855) createdAt=02-04 20:09:52.465 via request=TransitionRequestInfo { type = TO_BACK, triggerTask = null, pipChange = null, remoteTransition = null, displayChange = null, flags = 0, debugId = 9855 }
02-04 20:09:52.493  1937  1960 V WindowManager:     startWCT=WindowContainerTransaction { changes= {} hops= [] errorCallbackToken=null taskFragmentOrganizer=null }
02-04 20:09:52.493  1937  1960 V WindowManager:     info={id=9855 t=TO_BACK f=0x0 trk=0 r=[0@Point(0, 0)] c=[
02-04 20:09:52.493  1937  1960 V WindowManager:         {WCT{RemoteToken{9bec30f Task{e13ef68 #24395 type=standard A=10224:com.whatsapp}}} m=TO_BACK f=NONE leash=Surface(name=Task=24395)/@0x4c0abe9 sb=Rect(0, 0 - 1084, 2412) eb=Rect(0, 0 - 1084, 2412) epz=Point(1084, 2412) d=0 taskParent=-1 opt={t=SCENE_TRANSITION mUserId=0} ntPopUpView={mIsTryEnterWindowingMode=false mIsEnterWindowingModeLandscape=false mIsChangingWindowformBounds=false mStartPos=Point(0, 0) mEndPos=Point(0, 0) mStartScale=0.0 mEndScale=0.0 mStartCornerRadius=0.0 mEndCornerRadius=0.0 mAppBounds=Rect(0, 0 - 0, 0) mWindowCrop=Rect(0, 0 - 0, 0) mStartDragOrChangingBounds=Rect(0, 0 - 0, 0) mEndDragOrChangingBounds=Rect(0, 0 - 0, 0) mBottomLeftCornerLeash=null mBottomRightCornerLeash=null mDragBarLeash=null mCornerHintSize=60x60 mDragBarSize=189x42}}
02-04 20:09:52.493  1937  1960 V WindowManager:     ]}
02-04 20:09:52.493  1937  1960 V WindowManager: Finish Transition (#9855): created at 02-04 20:09:52.465 collect-started=0.08ms request-sent=0.696ms started=14.881ms ready=14.862ms sent=18.039ms finished=28.394ms
02-04 20:09:52.494  2464  2553 V WindowManagerShell: Track 0 became idle
02-04 20:09:52.494  2464  2553 V WindowManagerShell: All active transition animations finished
02-04 20:09:52.494  2464  2553 V WindowManagerShell:  animated by com.android.wm.shell.transition.DefaultTransitionHandler@b4ccf06
02-04 20:09:52.494  2464  2553 V WindowManagerShell: Track 0 became idle
02-04 20:09:52.494  2464  2553 V WindowManagerShell: All active transition animations finished
02-04 20:09:52.501  1937  1963 D ActivityManager: Skip Async freezing pid=11254 com.android.systemui:screenshot
02-04 20:09:52.556  1937  2311 D BackgroundInstallControlService: Package event received: 0
02-04 20:09:52.557  1937  1953 D NtMemoryManager: not set com.whatsapp adj to 801
02-04 20:09:52.557  1937  1953 D ActivityManager: Skip Async freezing pid=11254 com.android.systemui:screenshot
02-04 20:09:52.969  1937  2679 D NtBoostAdjusterImpl: tryRestoreThreadPriority: pid = 1964, counting = 0
02-04 20:09:52.984  1937  2679 D NtBoostAdjusterImpl: tryRestoreThreadPriority: pid = 13556, counting = 0
02-04 20:09:54.218  1937  1937 D MBrainLocalService: isVendorFreezeConditionPass is false
02-04 20:09:54.218  1937  1937 D MBrainLocalService: notifyAudioModeChange failed
02-04 20:09:54.368  1937  1963 D OomAdjuster: process : com.android.bluetooth, pid = 2664, isTop = false, uid = 1002, hasActivity = false
02-04 20:09:54.368  1937  1963 D OomAdjuster: system app not need limit!
02-04 20:09:54.368  1937  1963 D ActivityManager: Skip Async freezing pid=11254 com.android.systemui:screenshot
02-04 20:09:54.676  1937  2746 W ActivityManager: Unbind failed: could not find connection for android.os.BinderProxy@c3c25a9
02-04 20:09:54.678  1937  2746 W ActivityManager: Unable to start service Intent { act=android.telephony.satellite.SatelliteService xflg=0x4 pkg=com.mediatek.satellite.service } U=0: not found
02-04 20:09:54.820  1937  4181 E TaskPersister: File error accessing recents directory (directory doesn't exist?).
02-04 20:09:55.827  1937  2026 W ActivityManager: Rescheduling restart of crashed service com.android.vending/com.google.android.finsky.billing.iab.InAppBillingService in 0ms for mem-pressure-event
02-04 20:09:55.830  1937  2311 D BackgroundInstallControlService: Package event received: 0
02-04 20:09:55.838  1937  2029 I ActivityManager: Start proc 11580:com.android.vending/u0a139 for service {com.android.vending/com.google.android.finsky.billing.iab.InAppBillingService}
02-04 20:09:55.838  1937  2029 I START_DEBUG: send START_TIMEOUT message    ProcessRecord :ProcessRecord{1a82ceb 11580:com.android.vending/u0a139}
02-04 20:09:55.838  1937  2029 I ActivityManager: ProcessObserver broadcast disabled
02-04 20:09:55.854  1937  2746 V ActivityManager: New death recipient com.android.server.am.ActivityManagerService$AppDeathRecipient@2a77e06 for thread android.os.BinderProxy@85aacc7
02-04 20:09:55.855  1937  2746 I START_DEBUG: send BINDTIMEOUT    ProcessRecord :ProcessRecord{1a82ceb 11580:com.android.vending/u0a139}
02-04 20:09:55.855  1937  2746 I START_DEBUG: remove START_TIMEOUT finish    ProcessRecord :ProcessRecord{1a82ceb 11580:com.android.vending/u0a139}
02-04 20:09:55.855  1937  2746 D OomAdjuster: process : com.android.vending, pid = 11580, isTop = false, uid = 10139, hasActivity = false
02-04 20:09:55.855  1937  2746 D OomAdjuster: process : com.android.vending is not top!
02-04 20:09:55.860 11580 11580 D NtScrollerManagerImpl: init NtScrollerManagerImpl
02-04 20:09:55.888  1937  2031 D ActivityManager: uid = 10139, pid = 11580, processName = com.android.vending is not top app, set nt foreground
02-04 20:09:56.113  1937  2357 I START_DEBUG: remove BIND_TIMEOUT finish    ProcessRecord :ProcessRecord{1a82ceb 11580:com.android.vending/u0a139}
02-04 20:09:56.217  1937  2311 D BackgroundInstallControlService: Package event received: 0
02-04 20:09:56.300  1937  2746 D BLASTSyncEngine: [DH_DEBUG]scheduleTimeout #9856 success=true timeoutMs=5000 callback=com.android.server.wm.BLASTSyncEngine$SyncGroup$$ExternalSyntheticLambda2@aa7c735
02-04 20:09:56.301  1937  2746 D WindowManager: [SG_DEBUG]Set SyncGroup{id=9856 name=Transition-CLOSE} on Task{491027d #24416 type=standard A=10195:com.nothing.ntscreenshot nonResizable}
02-04 20:09:56.301  1937  2746 D WindowManager: [SG_DEBUG]Set SyncGroup{id=9856 name=Transition-CLOSE} on ActivityRecord{155934932 u0 com.nothing.ntscreenshot/.MainActivity t24416 f}}
