02-04 20:08:59.127  1937  1953 E AppOps  : attributionTag  not declared in manifest of com.instafel.android
02-04 20:08:59.141  1937  2357 D NtAudioGlyphServiceImpl: addAudioLightRequest for uid:10346 pid:28777 pkgName:com.instafel.android audioType:3 addby: 2 sessionId:73705 with lightId:107 csvId:-1 noAudio:false
02-04 20:08:59.141  1937  2357 D NtAudioGlyphServiceImpl: AudioLightRequests[2]+ AudioLightRequest@66bc2a1{Id:107,uid:10346,pid:28777,noAudio:false,csvId:-1,pkg:com.instafel.android,session:-1,addby:2}
02-04 20:08:59.141  1937  2357 D AS.AudioService: [reportAudioTrackStatusChanged]start broadcast, pid = 28777, uid = 10346, status = 0, streamType = 3, pkgName = com.instafel.android, sessionId = 73705
02-04 20:08:59.141  1937  2485 D NtAudioGlyphServiceImpl: invalidateAudioLightRequests size#2 current null target null
02-04 20:08:59.142  1937  2357 D AS.AudioService: [reportAudioTrackStatusChanged]finish broadcast
02-04 20:08:59.153  2443  4537 D SceneManager: SPEAKER scene: 1
02-04 20:08:59.369  1937  2357 D ActivityManager: getProcessesInErrorState callingUid=10346, CallingPid=28777
02-04 20:08:59.381  1937  2485 D NtAudioGlyphServiceImpl: onAudioTrackStop request:AudioLightRequest@fb42d84{Id:107,uid:10346,pid:28777,noAudio:false,csvId:-1,pkg:com.instafel.android,session:73673,addby:2}
02-04 20:08:59.381  1937  2485 D NtAudioGlyphServiceImpl: AudioLightRequests[1]- AudioLightRequest@fb42d84{Id:107,uid:10346,pid:28777,noAudio:false,csvId:-1,pkg:com.instafel.android,session:73673,addby:2}
02-04 20:08:59.381  1937  2485 D NtAudioGlyphServiceImpl: invalidateAudioLightRequests size#1 current null target null
02-04 20:08:59.424  1937  4274 E AppOps  : attributionTag  not declared in manifest of com.instafel.android
02-04 20:08:59.425  1937  1953 E AppOps  : attributionTag  not declared in manifest of com.instafel.android
02-04 20:08:59.425  1937  2357 I AS.FadeOutManager: unfadeOutUid() uid:10296
02-04 20:08:59.425  7360  7360 I AudioManager: dispatching onAudioFocusChange(1) to android.media.AudioManager@1fb8c3aahrp@bb090eb
02-04 20:08:59.428  2443  4537 D SceneManager: SPEAKER scene: 0
02-04 20:08:59.501  1937  2485 D NtAudioGlyphServiceImpl: onAudioTrackStop request:AudioLightRequest@fb42d84{Id:107,uid:10346,pid:28777,noAudio:false,csvId:-1,pkg:com.instafel.android,session:73673,addby:2}
02-04 20:08:59.501  1937  2485 D NtAudioGlyphServiceImpl: AudioLightRequests[1]- AudioLightRequest@fb42d84{Id:107,uid:10346,pid:28777,noAudio:false,csvId:-1,pkg:com.instafel.android,session:73673,addby:2}
02-04 20:08:59.501  1937  2485 D NtAudioGlyphServiceImpl: invalidateAudioLightRequests size#1 current null target null
02-04 20:08:59.503  1937  2485 D NtAudioGlyphServiceImpl: onAudioTrackStop request:AudioLightRequest@fb42d84{Id:107,uid:10346,pid:28777,noAudio:false,csvId:-1,pkg:com.instafel.android,session:73673,addby:2}
02-04 20:08:59.503  1937  2485 D NtAudioGlyphServiceImpl: AudioLightRequests[1]- AudioLightRequest@fb42d84{Id:107,uid:10346,pid:28777,noAudio:false,csvId:-1,pkg:com.instafel.android,session:73673,addby:2}
02-04 20:08:59.503  1937  2485 D NtAudioGlyphServiceImpl: invalidateAudioLightRequests size#1 current null target null
02-04 20:08:59.504  1937  2357 D CoreBackPreview: Window{af9976a u0 com.instafel.android/com.instagram.mainactivity.InstagramMainActivity}: Setting back callback OnBackInvokedCallbackInfo{mCallback=android.window.IOnBackInvokedCallback$Stub$Proxy@cbfffb4, mPriority=-1, mIsAnimationCallback=false, mOverrideBehavior=0}
02-04 20:08:59.573  1937  1953 D CoreBackPreview: Window{af9976a u0 com.instafel.android/com.instagram.mainactivity.InstagramMainActivity}: Setting back callback OnBackInvokedCallbackInfo{mCallback=android.window.IOnBackInvokedCallback$Stub$Proxy@6563f52, mPriority=0, mIsAnimationCallback=true, mOverrideBehavior=0}
02-04 20:08:59.578  1937  2748 D AS.AudioService: [reportAudioTrackStatusChanged]start broadcast, pid = 28777, uid = 10346, status = 1, streamType = 3, pkgName = com.instafel.android, sessionId = 73705
02-04 20:08:59.578  1937  2748 D AS.AudioService: [reportAudioTrackStatusChanged]finish broadcast
02-04 20:08:59.616  1937  4274 W PackageConfigPersister: App-specific configuration not found for packageName: com.instafel.android and userId: 0
02-04 20:08:59.808  1937  2485 D NtAudioGlyphServiceImpl: onAudioTrackStop request:AudioLightRequest@66bc2a1{Id:107,uid:10346,pid:28777,noAudio:false,csvId:-1,pkg:com.instafel.android,session:73705,addby:2}
02-04 20:08:59.808  1937  2485 D NtAudioGlyphServiceImpl: AudioLightRequests[0]- AudioLightRequest@66bc2a1{Id:107,uid:10346,pid:28777,noAudio:false,csvId:-1,pkg:com.instafel.android,session:73705,addby:2}
02-04 20:08:59.808  1937  2485 D NtAudioGlyphServiceImpl: invalidateAudioLightRequests size#0 current null target null
02-04 20:08:59.873  1937  1953 D ActivityManager: getProcessesInErrorState callingUid=10346, CallingPid=28777
02-04 20:08:59.950  1937  2485 D NtAudioGlyphServiceImpl: onAudioTrackStop request:AudioLightRequest@66bc2a1{Id:107,uid:10346,pid:28777,noAudio:false,csvId:-1,pkg:com.instafel.android,session:73705,addby:2}
02-04 20:08:59.951  1937  2485 D NtAudioGlyphServiceImpl: AudioLightRequests[0]- AudioLightRequest@66bc2a1{Id:107,uid:10346,pid:28777,noAudio:false,csvId:-1,pkg:com.instafel.android,session:73705,addby:2}
02-04 20:08:59.951  1937  2485 D NtAudioGlyphServiceImpl: invalidateAudioLightRequests size#0 current null target null
02-04 20:08:59.958  1937  2485 D NtAudioGlyphServiceImpl: onAudioTrackStop request:AudioLightRequest@66bc2a1{Id:107,uid:10346,pid:28777,noAudio:false,csvId:-1,pkg:com.instafel.android,session:73705,addby:2}
02-04 20:08:59.958  1937  2485 D NtAudioGlyphServiceImpl: AudioLightRequests[0]- AudioLightRequest@66bc2a1{Id:107,uid:10346,pid:28777,noAudio:false,csvId:-1,pkg:com.instafel.android,session:73705,addby:2}
02-04 20:08:59.958  1937  2485 D NtAudioGlyphServiceImpl: invalidateAudioLightRequests size#0 current null target null
02-04 20:09:00.375  1937  2357 D ActivityManager: getProcessesInErrorState callingUid=10346, CallingPid=28777
02-04 20:09:00.877  1937  2357 D ActivityManager: getProcessesInErrorState callingUid=10346, CallingPid=28777
02-04 20:09:01.380  1937  1953 D ActivityManager: getProcessesInErrorState callingUid=10346, CallingPid=28777
02-04 20:09:01.576  1937  1937 D MBrainLocalService: isVendorFreezeConditionPass is false
02-04 20:09:01.577  1937  1937 D MBrainLocalService: notifyAudioModeChange failed
02-04 20:09:01.686  1937  1953 W PackageConfigPersister: App-specific configuration not found for packageName: com.instafel.android and userId: 0
02-04 20:09:01.708  1937  2357 I AS.FadeOutManager: unfadeOutUid() uid:10346
02-04 20:09:01.709  7360  7360 I AudioManager: dispatching onAudioFocusChange(-2) to android.media.AudioManager@1fb8c3aahrp@bb090eb
02-04 20:09:01.882  1937  2748 D ActivityManager: getProcessesInErrorState callingUid=10346, CallingPid=28777
02-04 20:09:01.905  1937  1953 E AppOps  : attributionTag  not declared in manifest of com.instafel.android
02-04 20:09:01.905  1937  2357 E AppOps  : attributionTag  not declared in manifest of com.instafel.android
02-04 20:09:01.977  1937  2357 D NtAudioGlyphServiceImpl: addAudioLightRequest for uid:10346 pid:28777 pkgName:com.instafel.android audioType:3 addby: 2 sessionId:73721 with lightId:107 csvId:-1 noAudio:false
02-04 20:09:01.978  1937  2357 D NtAudioGlyphServiceImpl: AudioLightRequests[1]+ AudioLightRequest@94fceb2{Id:107,uid:10346,pid:28777,noAudio:false,csvId:-1,pkg:com.instafel.android,session:-1,addby:2}
02-04 20:09:01.978  1937  2357 D AS.AudioService: [reportAudioTrackStatusChanged]start broadcast, pid = 28777, uid = 10346, status = 0, streamType = 3, pkgName = com.instafel.android, sessionId = 73721
02-04 20:09:01.979  1937  2357 D AS.AudioService: [reportAudioTrackStatusChanged]finish broadcast
02-04 20:09:01.979  1937  2485 D NtAudioGlyphServiceImpl: invalidateAudioLightRequests size#1 current null target null
02-04 20:09:02.383  1937  2748 D ActivityManager: getProcessesInErrorState callingUid=10346, CallingPid=28777
02-04 20:09:02.886  1937  2357 D ActivityManager: getProcessesInErrorState callingUid=10346, CallingPid=28777
02-04 20:09:03.202  1937  2748 W ActivityManager: Unbind failed: could not find connection for android.os.BinderProxy@6f5a5ac
02-04 20:09:03.209  1937  2748 W ActivityManager: Unable to start service Intent { act=android.telephony.satellite.SatelliteService xflg=0x4 pkg=com.mediatek.satellite.service } U=0: not found
02-04 20:09:03.389  1937  2748 D ActivityManager: getProcessesInErrorState callingUid=10346, CallingPid=28777
02-04 20:09:03.891  1937  1953 D ActivityManager: getProcessesInErrorState callingUid=10346, CallingPid=28777
02-04 20:09:03.913  1937  1937 D MBrainLocalService: isVendorFreezeConditionPass is false
02-04 20:09:03.914  1937  1937 D MBrainLocalService: notifyAudioModeChange failed
02-04 20:09:04.308  1937  2311 D BackgroundInstallControlService: Package event received: 0
02-04 20:09:04.335  1937  4292 D OomAdjuster: process : com.google.android.gms, pid = 28281, isTop = false, uid = 10131, hasActivity = false
02-04 20:09:04.335  1937  4292 D OomAdjuster: process : com.google.android.gms is not top!
02-04 20:09:04.336  1937  4292 D ActivityManager: sync unfroze 28281 com.google.android.gms for 4
02-04 20:09:04.342  1937  4292 W ProcessStats: Tracking association SourceState{2a047b2 com.google.android.gms.persistent/10131 Fgs #1416713} whose proc state 3 is better than process ProcessState{c3c1eb com.google.android.gms/10131 pkg=com.google.android.gms} proc state 14 (4 skipped)
02-04 20:09:04.393  1937  1953 D ActivityManager: getProcessesInErrorState callingUid=10346, CallingPid=28777
02-04 20:09:04.895  1937  4292 D ActivityManager: getProcessesInErrorState callingUid=10346, CallingPid=28777
02-04 20:09:05.398  1937  1953 D ActivityManager: getProcessesInErrorState callingUid=10346, CallingPid=28777
02-04 20:09:05.900  1937  2357 D ActivityManager: getProcessesInErrorState callingUid=10346, CallingPid=28777
02-04 20:09:06.397  1937  2762 D NtMemoryManager: don't raise adj due to remove task : app.revanced.android.youtube : -1
02-04 20:09:06.397  1937  2762 D NtMemoryManager: com.whatsapp last pss: 1078576
02-04 20:09:06.397  1937  2762 D NtMemoryManager: com.tkolymp.tkolympapp last pss: 2017100
02-04 20:09:06.402  1937  2357 D ActivityManager: getProcessesInErrorState callingUid=10346, CallingPid=28777
02-04 20:09:06.905  1937  2357 D ActivityManager: getProcessesInErrorState callingUid=10346, CallingPid=28777
02-04 20:09:07.408  1937  1953 D ActivityManager: getProcessesInErrorState callingUid=10346, CallingPid=28777
02-04 20:09:07.911  1937  2748 D ActivityManager: getProcessesInErrorState callingUid=10346, CallingPid=28777
02-04 20:09:08.414  1937  2748 D ActivityManager: getProcessesInErrorState callingUid=10346, CallingPid=28777
02-04 20:09:08.509  1937  2150 D OomAdjuster: process : com.google.android.as.oss, pid = 30980, isTop = false, uid = 10132, hasActivity = false
02-04 20:09:08.509  1937  2150 D OomAdjuster: process : com.google.android.as.oss is not top!
02-04 20:09:08.509  1937  2150 D ActivityManager: sync unfroze 30980 com.google.android.as.oss for 6
02-04 20:09:08.514  1937  2150 W JobServiceContext: Sending onNetworkChanged for a job that isn't started. JobStatus{bc9f9dc #u0a132/369941447 com.google.android.as.oss/com.google.android.gms.learning.internal.training.InAppJobService u=0 s=10132 TIME=-329ms:none NET CHARGING PERSISTED READY}
02-04 20:09:08.520  1937  2029 I ActivityManager: Start proc 10787:com.nothing.gallery/u0a250 for broadcast {com.nothing.gallery/com.nothing.gallery.media.DefaultBackgroundMediaAnalysisTriggerReceiver}
02-04 20:09:08.520  1937  2029 I START_DEBUG: send START_TIMEOUT message    ProcessRecord :ProcessRecord{6152fe0 10787:com.nothing.gallery/u0a250}
02-04 20:09:08.520  1937  2029 I ActivityManager: ProcessObserver broadcast disabled
02-04 20:09:08.525  1937  2748 W JobScheduler: Job didn't exist in JobStore: bc9f9dc #u0a132/369941447 com.google.android.as.oss/com.google.android.gms.learning.internal.training.InAppJobService
02-04 20:09:08.558  1937  2748 V ActivityManager: New death recipient com.android.server.am.ActivityManagerService$AppDeathRecipient@eed1af8 for thread android.os.BinderProxy@cfc3bd1
02-04 20:09:08.560  1937  2748 I START_DEBUG: send BINDTIMEOUT    ProcessRecord :ProcessRecord{6152fe0 10787:com.nothing.gallery/u0a250}
02-04 20:09:08.560  1937  2748 I START_DEBUG: remove START_TIMEOUT finish    ProcessRecord :ProcessRecord{6152fe0 10787:com.nothing.gallery/u0a250}
02-04 20:09:08.561  1937  2748 D OomAdjuster: process : com.nothing.gallery, pid = 10787, isTop = false, uid = 10250, hasActivity = false
02-04 20:09:08.561  1937  2748 D OomAdjuster: system app not need limit!
02-04 20:09:08.566 10787 10787 D NtScrollerManagerImpl: init NtScrollerManagerImpl
02-04 20:09:08.705 10787 10813 D MbrainDebugManagerImpl: getService failed
02-04 20:09:08.785  1937  2311 D BackgroundInstallControlService: Package event received: 0
02-04 20:09:08.798  1937  2029 I ActivityManager: Start proc 10828:com.nothing.gallery.media.proxy/u0a299 for content provider {com.nothing.gallery.media.proxy/com.nothing.gallery.media.proxy.MediaProxyProvider}
02-04 20:09:08.798  1937  2029 I START_DEBUG: send START_TIMEOUT message    ProcessRecord :ProcessRecord{460febe 10828:com.nothing.gallery.media.proxy/u0a299}
02-04 20:09:08.798  1937  2029 I ActivityManager: ProcessObserver broadcast disabled
02-04 20:09:08.811  1937  4292 I START_DEBUG: remove BIND_TIMEOUT finish    ProcessRecord :ProcessRecord{6152fe0 10787:com.nothing.gallery/u0a250}
02-04 20:09:08.823  1937  4292 V ActivityManager: New death recipient com.android.server.am.ActivityManagerService$AppDeathRecipient@a467a0f for thread android.os.BinderProxy@fccba9c
02-04 20:09:08.824  1937  4292 I START_DEBUG: send BINDTIMEOUT    ProcessRecord :ProcessRecord{460febe 10828:com.nothing.gallery.media.proxy/u0a299}
02-04 20:09:08.824  1937  4292 I START_DEBUG: remove START_TIMEOUT finish    ProcessRecord :ProcessRecord{460febe 10828:com.nothing.gallery.media.proxy/u0a299}
02-04 20:09:08.824  1937  4292 D OomAdjuster: process : com.nothing.gallery.media.proxy, pid = 10828, isTop = false, uid = 10299, hasActivity = false
02-04 20:09:08.824  1937  4292 D OomAdjuster: system app not need limit!
02-04 20:09:08.829 10828 10828 D NtScrollerManagerImpl: init NtScrollerManagerImpl
02-04 20:09:08.867  1937  2357 I START_DEBUG: remove BIND_TIMEOUT finish    ProcessRecord :ProcessRecord{460febe 10828:com.nothing.gallery.media.proxy/u0a299}
02-04 20:09:08.917  1937  4292 D ActivityManager: getProcessesInErrorState callingUid=10346, CallingPid=28777
02-04 20:09:09.419  1937  1953 D ActivityManager: getProcessesInErrorState callingUid=10346, CallingPid=28777
02-04 20:09:09.922  1937  1953 D ActivityManager: getProcessesInErrorState callingUid=10346, CallingPid=28777
02-04 20:09:10.425  1937  4292 D ActivityManager: getProcessesInErrorState callingUid=10346, CallingPid=28777
02-04 20:09:10.927  1937  4292 D ActivityManager: getProcessesInErrorState callingUid=10346, CallingPid=28777
02-04 20:09:11.428  1937  2809 D ActivityManager: getProcessesInErrorState callingUid=10346, CallingPid=28777
02-04 20:09:11.931  1937  4292 D ActivityManager: getProcessesInErrorState callingUid=10346, CallingPid=28777
02-04 20:09:11.934  2443 31130 D ISltntcService: onTransact
02-04 20:09:12.434  1937  2809 D ActivityManager: getProcessesInErrorState callingUid=10346, CallingPid=28777
02-04 20:09:12.936  1937  4292 D ActivityManager: getProcessesInErrorState callingUid=10346, CallingPid=28777
02-04 20:09:13.438  1937  4292 D ActivityManager: getProcessesInErrorState callingUid=10346, CallingPid=28777
02-04 20:09:13.940  1937  4292 D ActivityManager: getProcessesInErrorState callingUid=10346, CallingPid=28777
02-04 20:09:14.443  1937  2357 D ActivityManager: getProcessesInErrorState callingUid=10346, CallingPid=28777
02-04 20:09:14.945  1937  4292 D ActivityManager: getProcessesInErrorState callingUid=10346, CallingPid=28777
02-04 20:09:15.447  1937  4292 D ActivityManager: getProcessesInErrorState callingUid=10346, CallingPid=28777
02-04 20:09:15.948  1937  2357 D ActivityManager: getProcessesInErrorState callingUid=10346, CallingPid=28777
02-04 20:09:16.068  1937  2357 W ProcessStats: Tracking association SourceState{2a047b2 com.google.android.gms.persistent/10131 Fgs #1416752} whose proc state 3 is better than process ProcessState{c3c1eb com.google.android.gms/10131 pkg=com.google.android.gms} proc state 14 (2 skipped)
02-04 20:09:16.450  1937  2357 D ActivityManager: getProcessesInErrorState callingUid=10346, CallingPid=28777
02-04 20:09:16.518  1937  4292 V SettingsProvider: name : charging_full_action_clicked appId : 10185
02-04 20:09:16.518  1937  4292 V SettingsProvider: Package name : com.android.systemui privateFlags : -1938812568
02-04 20:09:16.521  2464  3836 D PowerUI : can't show warning due to - plugged: true status unknown: false
02-04 20:09:16.528  2443  2443 D BatteryHealthController: plugType=2
02-04 20:09:16.534  1937  1937 V UiModeManager: updateLocked: null action, mDockState=0, category=null
02-04 20:09:16.535  1937  1937 E UiModeManager: mComputedNightMode:true, mNightMode.get():0, mOverrideNightModeOn:false, mOverrideNightModeOff:falsemTwilightManager.getLastTwilightState():TwilightState { sunrise=02-05 07:17 sunset=02-04 16:55 }
02-04 20:09:16.535  1937  1937 D UiModeManager: updateConfigurationLocked: mDockState=0; mCarMode=false; mNightMode=com.android.server.UiModeManagerService$1@33ef83e; mNightModeCustomType=-1; uiMode=33
02-04 20:09:16.952  1937  2357 D ActivityManager: getProcessesInErrorState callingUid=10346, CallingPid=28777
02-04 20:09:17.454  1937  2357 D ActivityManager: getProcessesInErrorState callingUid=10346, CallingPid=28777
02-04 20:09:17.955  1937  2809 D ActivityManager: getProcessesInErrorState callingUid=10346, CallingPid=28777
02-04 20:09:18.457  1937  2809 D ActivityManager: getProcessesInErrorState callingUid=10346, CallingPid=28777
02-04 20:09:18.577  1937  2164 D ActivityManager: freezing 30980 com.google.android.as.oss
02-04 20:09:18.957  1937  2164 D ActivityManager: freezing 10828 com.nothing.gallery.media.proxy
02-04 20:09:18.959  1937  2809 D ActivityManager: getProcessesInErrorState callingUid=10346, CallingPid=28777
02-04 20:09:18.960  1937  2164 D ActivityManager: freezing 10787 com.nothing.gallery
02-04 20:09:19.464  1937  2809 D ActivityManager: getProcessesInErrorState callingUid=10346, CallingPid=28777
02-04 20:09:19.967  1937  2357 D ActivityManager: getProcessesInErrorState callingUid=10346, CallingPid=28777
02-04 20:09:20.469  1937  2357 D ActivityManager: getProcessesInErrorState callingUid=10346, CallingPid=28777
02-04 20:09:20.971  1937  2809 D ActivityManager: getProcessesInErrorState callingUid=10346, CallingPid=28777
02-04 20:09:21.472  1937  2809 D ActivityManager: getProcessesInErrorState callingUid=10346, CallingPid=28777
02-04 20:09:21.975  1937  2357 D ActivityManager: getProcessesInErrorState callingUid=10346, CallingPid=28777
02-04 20:09:22.478  1937  2357 D ActivityManager: getProcessesInErrorState callingUid=10346, CallingPid=28777
02-04 20:09:22.980  1937  2809 D ActivityManager: getProcessesInErrorState callingUid=10346, CallingPid=28777
02-04 20:09:23.482  1937  2357 D ActivityManager: getProcessesInErrorState callingUid=10346, CallingPid=28777
02-04 20:09:23.826  1937  2762 D NtMemoryManager: don't raise adj due to remove task : app.revanced.android.youtube : -1
02-04 20:09:23.827  1937  2762 D NtMemoryManager: com.whatsapp last pss: 1078576
02-04 20:09:23.827  1937  2762 D NtMemoryManager: com.tkolymp.tkolympapp last pss: 2017100
02-04 20:09:23.987  1937  2809 D ActivityManager: getProcessesInErrorState callingUid=10346, CallingPid=28777
02-04 20:09:24.491  1937  2809 D ActivityManager: getProcessesInErrorState callingUid=10346, CallingPid=28777
02-04 20:09:24.994  1937  2809 D ActivityManager: getProcessesInErrorState callingUid=10346, CallingPid=28777
02-04 20:09:25.496  1937  2357 D ActivityManager: getProcessesInErrorState callingUid=10346, CallingPid=28777
02-04 20:09:25.999  1937  2809 D ActivityManager: getProcessesInErrorState callingUid=10346, CallingPid=28777
02-04 20:09:26.501  1937  2809 D ActivityManager: getProcessesInErrorState callingUid=10346, CallingPid=28777
02-04 20:09:27.004  1937  4293 D ActivityManager: getProcessesInErrorState callingUid=10346, CallingPid=28777
02-04 20:09:27.509  1937  2357 D ActivityManager: getProcessesInErrorState callingUid=10346, CallingPid=28777
02-04 20:09:28.015  1937  2357 D ActivityManager: getProcessesInErrorState callingUid=10346, CallingPid=28777
02-04 20:09:28.517  1937  2357 D ActivityManager: getProcessesInErrorState callingUid=10346, CallingPid=28777
02-04 20:09:29.019  1937  2357 D ActivityManager: getProcessesInErrorState callingUid=10346, CallingPid=28777
02-04 20:09:29.437  1937  2028 D NtMemoryManager: set com.whatsapp adj to 801
02-04 20:09:29.468  1937  2164 D ActivityManager: freezing 28281 com.google.android.gms
02-04 20:09:29.523  1937  4293 D ActivityManager: getProcessesInErrorState callingUid=10346, CallingPid=28777
02-04 20:09:30.025  1937  2357 D ActivityManager: getProcessesInErrorState callingUid=10346, CallingPid=28777
02-04 20:09:30.165  1937  2028 D NtMemoryManager: not set com.whatsapp adj to 801
02-04 20:09:30.165  1937  2028 D OomAdjuster: process : com.whatsapp, pid = 11310, isTop = false, uid = 10224, hasActivity = true
02-04 20:09:30.165  1937  2028 D OomAdjuster: process : com.whatsapp is not top!
02-04 20:09:30.186  1937  2311 D BackgroundInstallControlService: Package event received: 0
02-04 20:09:30.200  1937  2357 I ActivityManager: Background started FGS: Allowed [callingPackage: com.whatsapp; callingUid: 10224; uidState: SVC ; uidBFSL: n/a; intent: Intent { xflg=0x4 cmp=com.whatsapp/.messaging.service.GcmFGService }; code:PUSH_MESSAGING; tempAllowListReason:<e0e887c com.google.android.c2dm.intent.RECEIVE/u0,reasonCode:PUSH_MESSAGING,duration:20000,callingUid:10131>; allowWiu:-1; targetSdkVersion:35; callerTargetSdkVersion:35; startForegroundCount:0; bindFromPackage:null: isBindService:false]
02-04 20:09:30.201  1937  2357 D NtMemoryManager: not set com.whatsapp adj to 801
02-04 20:09:30.216  1937  2357 W ActivityManager: Foreground service started from background can not have location/camera/microphone access: service com.whatsapp/.messaging.service.GcmFGService
02-04 20:09:30.216  1937  2357 I ActivityManager: Background started FGS: Allowed [callingPackage: com.whatsapp; callingUid: 10224; uidState: FGS ; uidBFSL: [BFSL]; intent: Intent { cmp=com.whatsapp/.messaging.service.GcmFGService }; code:PROC_STATE_FGS; tempAllowListReason:<e0e887c com.google.android.c2dm.intent.RECEIVE/u0,reasonCode:PUSH_MESSAGING,duration:20000,callingUid:10131>; allowWiu:-1; targetSdkVersion:35; callerTargetSdkVersion:35; startForegroundCount:0; bindFromPackage:null: isBindService:false]
02-04 20:09:30.218  1937  2311 D BackgroundInstallControlService: Package event received: 0
02-04 20:09:30.218  1937  2357 W ForegroundServiceTypeLoggerModule: Foreground service start for UID: 10224 does not have any types
02-04 20:09:30.530  1937  2809 D ActivityManager: getProcessesInErrorState callingUid=10346, CallingPid=28777
02-04 20:09:31.035  1937  2357 D ActivityManager: getProcessesInErrorState callingUid=10346, CallingPid=28777
02-04 20:09:31.130  1937  2357 D OomAdjuster: process : android.process.acore, pid = 20894, isTop = false, uid = 10064, hasActivity = false
02-04 20:09:31.130  1937  2357 D OomAdjuster: process : android.process.acore is not top!
02-04 20:09:31.132  1937  2311 D BackgroundInstallControlService: Package event received: 0
02-04 20:09:31.132  1937  2311 D BackgroundInstallControlService: Package event received: 0
02-04 20:09:31.132  1937  2311 D BackgroundInstallControlService: Package event received: 0
02-04 20:09:31.132  1937  2311 D BackgroundInstallControlService: Package event received: 0
02-04 20:09:31.435  1937  1937 D NtNotificationManagerService: playGlyphEffect glyphNotificationEnable = true
02-04 20:09:31.436  1937  1937 E NtNotificationManagerService: getSound supportGenerativeRingtone = false, isDefaultRingtone = false
02-04 20:09:31.436  1937  1937 D NtNotificationManagerService: skip playGlyphEffect, mGlyphNotificationEnable = true, FLAG_ONGOING_EVENT = 0, FLAG_FOREGROUND_SERVICE = 0, isInCall = false, isScreenOn = true, isSoundOnly = false, is silent Notification = false, skipPlayGlyphForNotEssentialNotification = false
02-04 20:09:31.436  1937  1937 E NtNotificationManagerService: getSound supportGenerativeRingtone = false, isDefaultRingtone = false
02-04 20:09:31.471  1937  1937 D NtNotificationManagerService: playGlyphEffect glyphNotificationEnable = true
02-04 20:09:31.471  1937  1937 E NtNotificationManagerService: getSound supportGenerativeRingtone = false, isDefaultRingtone = false
02-04 20:09:31.471  1937  1937 D NtNotificationManagerService: skip playGlyphEffect, mGlyphNotificationEnable = true, FLAG_ONGOING_EVENT = 0, FLAG_FOREGROUND_SERVICE = 0, isInCall = false, isScreenOn = true, isSoundOnly = false, is silent Notification = false, skipPlayGlyphForNotEssentialNotification = false
02-04 20:09:31.471  1937  1937 E NtNotificationManagerService: getSound supportGenerativeRingtone = false, isDefaultRingtone = false
02-04 20:09:31.471  1937  2311 D BackgroundInstallControlService: Package event received: 0
02-04 20:09:31.473  1937  1937 D NotifAttentionHelper:  playVibration:NotificationRecord(0x0f87872f: pkg=com.whatsapp user=UserHandle{0} id=1 tag=null importance=4 key=0|com.whatsapp|1|null|10224: Notification(channel=individual_chat_defaults_9 shortcut=187672907784396@lid contentView=null vibrate=null sound=null tick defaults=0 flags=GROUP_SUMMARY color=0xff21c063 category=msg groupKey=group_key_messages vis=PRIVATE publicVersion=Notification(channel=null shortcut=null contentView=null vibrate=null sound=null defaults=0 flags=0 color=0xff21c063 category=msg vis=PRIVATE))) key:0|com.whatsapp|1|null|10224
02-04 20:09:31.473  1937  1937 D NotifAttentionHelper: buzzBeepBlinkLocked key = 0|com.whatsapp|1|null|10224, beep = true, buzz = true, isInsistentUpdate = false, hasValidSound = true, vibrateOnly = false, isInCall = false, ringerModeSilent = false, hasValidVibrate = true
02-04 20:09:31.506  2464  2464 E NTEssentialNotification: Could not create conversation channel
02-04 20:09:31.506  2464  2464 E NTEssentialNotification: java.lang.NullPointerException: Attempt to invoke interface method 'void android.app.INotificationManager.createConversationNotificationChannelForPackage(java.lang.String, int, android.app.NotificationChannel, java.lang.String)' on a null object reference
02-04 20:09:31.506  2464  2464 E NTEssentialNotification: 	at com.nothing.systemui.statusbar.notification.NTEssentialNotification.createConversationChannelIfNeeded(NTEssentialNotification.java:291)
02-04 20:09:31.506  2464  2464 E NTEssentialNotification: 	at com.nothing.systemui.statusbar.notification.NTEssentialNotification.<init>(NTEssentialNotification.java:76)
02-04 20:09:31.506  2464  2464 E NTEssentialNotification: 	at com.nothing.systemui.statusbar.notification.NTEssentialNotificationManager.onNotificationPosted(NTEssentialNotificationManager.kt:378)
02-04 20:09:31.506  2464  2464 E NTEssentialNotification: 	at com.android.systemui.statusbar.NotificationListener.lambda$onNotificationPosted$1(NotificationListener.java:142)
02-04 20:09:31.506  2464  2464 E NTEssentialNotification: 	at com.android.systemui.statusbar.NotificationListener.$r8$lambda$D_iWPMODCNotd7MVeGt286dGmJ4(Unknown Source:0)
02-04 20:09:31.506  2464  2464 E NTEssentialNotification: 	at com.android.systemui.statusbar.NotificationListener$$ExternalSyntheticLambda2.run(D8$$SyntheticClass:0)
02-04 20:09:31.506  2464  2464 E NTEssentialNotification: 	at android.os.Handler.handleCallback(Handler.java:995)
02-04 20:09:31.506  2464  2464 E NTEssentialNotification: 	at android.os.Handler.dispatchMessage(Handler.java:103)
02-04 20:09:31.506  2464  2464 E NTEssentialNotification: 	at android.os.Looper.loopOnce(Looper.java:283)
02-04 20:09:31.506  2464  2464 E NTEssentialNotification: 	at android.os.Looper.loop(Looper.java:392)
02-04 20:09:31.506  2464  2464 E NTEssentialNotification: 	at android.app.ActivityThread.main(ActivityThread.java:9231)
02-04 20:09:31.506  2464  2464 E NTEssentialNotification: 	at java.lang.reflect.Method.invoke(Native Method)
02-04 20:09:31.506  2464  2464 E NTEssentialNotification: 	at com.android.internal.os.RuntimeInit$MethodAndArgsCaller.run(RuntimeInit.java:633)
02-04 20:09:31.506  2464  2464 E NTEssentialNotification: 	at com.android.internal.os.ZygoteInit.main(ZygoteInit.java:1026)
02-04 20:09:31.506  2464  2464 E NTEssentialNotification: Could not create conversation channel
02-04 20:09:31.506  2464  2464 E NTEssentialNotification: java.lang.NullPointerException: Attempt to invoke interface method 'void android.app.INotificationManager.createConversationNotificationChannelForPackage(java.lang.String, int, android.app.NotificationChannel, java.lang.String)' on a null object reference
02-04 20:09:31.506  2464  2464 E NTEssentialNotification: 	at com.nothing.systemui.statusbar.notification.NTEssentialNotification.createConversationChannelIfNeeded(NTEssentialNotification.java:291)
02-04 20:09:31.506  2464  2464 E NTEssentialNotification: 	at com.nothing.systemui.statusbar.notification.NTEssentialNotification.<init>(NTEssentialNotification.java:76)
02-04 20:09:31.506  2464  2464 E NTEssentialNotification: 	at com.nothing.systemui.statusbar.notification.NTEssentialNotificationManager.onNotificationPosted(NTEssentialNotificationManager.kt:378)
02-04 20:09:31.506  2464  2464 E NTEssentialNotification: 	at com.android.systemui.statusbar.NotificationListener.lambda$onNotificationPosted$1(NotificationListener.java:142)
02-04 20:09:31.506  2464  2464 E NTEssentialNotification: 	at com.android.systemui.statusbar.NotificationListener.$r8$lambda$D_iWPMODCNotd7MVeGt286dGmJ4(Unknown Source:0)
02-04 20:09:31.506  2464  2464 E NTEssentialNotification: 	at com.android.systemui.statusbar.NotificationListener$$ExternalSyntheticLambda2.run(D8$$SyntheticClass:0)
02-04 20:09:31.506  2464  2464 E NTEssentialNotification: 	at android.os.Handler.handleCallback(Handler.java:995)
02-04 20:09:31.506  2464  2464 E NTEssentialNotification: 	at android.os.Handler.dispatchMessage(Handler.java:103)
02-04 20:09:31.506  2464  2464 E NTEssentialNotification: 	at android.os.Looper.loopOnce(Looper.java:283)
02-04 20:09:31.506  2464  2464 E NTEssentialNotification: 	at android.os.Looper.loop(Looper.java:392)
02-04 20:09:31.506  2464  2464 E NTEssentialNotification: 	at android.app.ActivityThread.main(ActivityThread.java:9231)
02-04 20:09:31.506  2464  2464 E NTEssentialNotification: 	at java.lang.reflect.Method.invoke(Native Method)
02-04 20:09:31.506  2464  2464 E NTEssentialNotification: 	at com.android.internal.os.RuntimeInit$MethodAndArgsCaller.run(RuntimeInit.java:633)
02-04 20:09:31.506  2464  2464 E NTEssentialNotification: 	at com.android.internal.os.ZygoteInit.main(ZygoteInit.java:1026)
02-04 20:09:31.537  1937  2809 D ActivityManager: getProcessesInErrorState callingUid=10346, CallingPid=28777
02-04 20:09:31.675  1937  2828 I AS.FadeOutManager: unfadeOutUid() uid:10185
02-04 20:09:31.872  1937  2037 D OomAdjuster: set group = 5
02-04 20:09:31.872  1937  2037 D OomAdjuster: set cpuset: 5
02-04 20:09:31.872  1937  2311 D BackgroundInstallControlService: Package event received: 0
02-04 20:09:31.872  1937  2311 D BackgroundInstallControlService: Package event received: 0
02-04 20:09:31.872  1937  2311 D BackgroundInstallControlService: Package event received: 0
02-04 20:09:31.872  1937  2311 D BackgroundInstallControlService: Package event received: 0
02-04 20:09:31.872  1937  2311 D BackgroundInstallControlService: Package event received: 0
02-04 20:09:31.873  1937  2809 D CoreBackPreview: Window{4ac65b8 u0 NotificationShade}: Setting back callback OnBackInvokedCallbackInfo{mCallback=android.window.IOnBackInvokedCallback$Stub$Proxy@5469241, mPriority=0, mIsAnimationCallback=false, mOverrideBehavior=0}
02-04 20:09:31.875  1937  2809 D OomAdjuster: process : com.android.systemui, pid = 2464, isTop = false, uid = 10185, hasActivity = false
02-04 20:09:31.876  1937  2809 D OomAdjuster: system app not need limit!
02-04 20:09:31.876  1937  2037 D OomAdjuster: set group = -1
02-04 20:09:31.876  1937  2037 D OomAdjuster: set cpuset: -1
02-04 20:09:31.894  1937  2037 D OomAdjuster: set group = 5
02-04 20:09:31.894  1937  2037 D OomAdjuster: set cpuset: 5
02-04 20:09:31.904  1937  4292 I WindowManager: Relayout Window{4ac65b8 u0 NotificationShade}: oldVis=4 newVis=0 focusMayChange = true requestedWidth = 1084 requestedHeight = 2412 outFrames = ClientWindowFrames{frame=[0,0][1084,2412] display=[0,0][1084,2412] parentFrame=[0,0][0,0]} outSurfaceControl = Surface(name=NotificationShade)/@0x5ba4879
02-04 20:09:31.925  1937  1963 I DisplayDeviceRepository: Display device changed render timings: "Built-in Screen", renderFrameRate=120.00001, presentationDeadlineNanos=13300000, appVsyncOffsetNanos=1099999, frameRateOverrides=[]
02-04 20:09:31.928  1937  1961 D WindowManager: DeferredDisplayUpdater: partially applying DisplayInfo(1084 x 2412) immediately
02-04 20:09:31.966  1937  2809 D SystemServerTiming: getUserSwitchability-0
02-04 20:09:31.966  1937  2809 D SystemServerTiming: TM.isInCall
02-04 20:09:31.966  1937  2809 D SystemServerTiming: hasUserRestriction-DISALLOW_USER_SWITCH
02-04 20:09:31.966  1937  2809 D SystemServerTiming: getInt-ALLOW_USER_SWITCHING_WHEN_SYSTEM_USER_LOCKED
02-04 20:09:31.966  1937  2809 D SystemServerTiming: isUserUnlocked-USER_SYSTEM
02-04 20:09:31.967  1937  2828 D SystemServerTiming: getUserSwitchability-0
02-04 20:09:31.967  1937  2828 D SystemServerTiming: TM.isInCall
02-04 20:09:31.967  1937  2828 D SystemServerTiming: hasUserRestriction-DISALLOW_USER_SWITCH
02-04 20:09:31.967  1937  2828 D SystemServerTiming: getInt-ALLOW_USER_SWITCHING_WHEN_SYSTEM_USER_LOCKED
02-04 20:09:31.967  1937  2828 D SystemServerTiming: isUserUnlocked-USER_SYSTEM
02-04 20:09:31.980  1937 10936 E NtNotificationManagerService: getSound supportGenerativeRingtone = false, isDefaultRingtone = false
02-04 20:09:31.980  1937 10936 D NtNotificationManagerService: play NtNotificationRingtoneVibrate uri = content://media/internal/audio/media/24?title=cough&soundOnly=0, reason = Notification (com.whatsapp 10224) (Delayed)
02-04 20:09:31.980  1937 10936 D NtNotificationManagerService: vibrate uri = content://media/internal/audio/media/24?title=cough&soundOnly=0, isInternalRingtone = true isGenerativeRingtone = false
02-04 20:09:31.980  1937 10936 D NtNotificationManagerService: playNotificationRingtoneVibrate uri = content://media/internal/audio/media/24?title=cough&soundOnly=0 isGenerativeRingtone:false
02-04 20:09:31.989  1937 17660 D VibratorManagerService: vibrate uid =1000, opPkg = android, reason = null, attrs = VibrationAttributes{mUsage=UNKNOWN, mAudioUsage= USAGE_UNKNOWN, mFlags=0}
02-04 20:09:31.989  1937 17660 D RichTapVibratorService: none richtap effect, do nothing!!
02-04 20:09:31.989  1937 17660 D VibratorManagerService: Starting vibrate for vibration 42862
02-04 20:09:31.989  1937 17660 D VibrationSettings: usage = 0
02-04 20:09:31.990  1937 17660 D VibratorManagerService: Check AppOp mode VIBRATE for uid 1000 and package android returned audio=allow, op=allow
02-04 20:09:31.990  1937 17660 D NtVibratorManagerImpl: nt should ignore, do nothing!
02-04 20:09:31.990  1937 17660 D RichTapVibratorService: get sender id pid:1937 seq:60293121
02-04 20:09:31.990  1937 17660 D RichTapVibratorService: checkIfFirstHe2_0Package firstPatternIndexInPackage: 0
02-04 20:09:31.990  1937 17660 D NtVibratorManagerImpl: time before vibratorStop : 1770232171990
02-04 20:09:31.990  1937 17660 D RichTapVibratorService: aac richtap doVibratorStop
02-04 20:09:31.990  1937 17660 D RichTapVibratorService: richtap service stop!!
02-04 20:09:31.992  1937 17660 D NtVibratorManagerImpl: time after vibratorStop : 1770232171992
02-04 20:09:31.992  1937 17660 D RichTapVibratorService: get sender id pid:1937 seq:60293121
02-04 20:09:31.993  1937 17660 D NtVibratorManagerImpl: start play he!
02-04 20:09:31.993  1937 17660 D VibratorManagerService: Vibration for uid=1000 and with attrs=VibrationAttributes{mUsage=UNKNOWN, mAudioUsage= USAGE_UNKNOWN, mFlags=0} ended with status RUNNING
02-04 20:09:32.003  1937  4292 D NtVibratorManagerImpl:  result:1
02-04 20:09:32.004  1937 17660 D VibratorManagerService: vibrate uid =1000, opPkg = android, reason = null, attrs = VibrationAttributes{mUsage=UNKNOWN, mAudioUsage= USAGE_UNKNOWN, mFlags=0}
02-04 20:09:32.004  1937 17660 D RichTapVibratorService: none richtap effect, do nothing!!
02-04 20:09:32.004  1937 17660 D VibratorManagerService: Starting vibrate for vibration 42863
02-04 20:09:32.004  1937 17660 D VibrationSettings: usage = 0
02-04 20:09:32.004  1937 17660 D VibratorManagerService: Check AppOp mode VIBRATE for uid 1000 and package android returned audio=allow, op=allow
02-04 20:09:32.004  1937 17660 D NtVibratorManagerImpl: nt should ignore, do nothing!
02-04 20:09:32.004  1937 17660 D RichTapVibratorService: get sender id pid:1937 seq:60293122
02-04 20:09:32.004  1937 17660 D RichTapVibratorService: checkIfFirstHe2_0Package firstPatternIndexInPackage: 0
02-04 20:09:32.004  1937 17660 D NtVibratorManagerImpl: time before vibratorStop : 1770232172004
02-04 20:09:32.004  1937 17660 D RichTapVibratorService: aac richtap doVibratorStop
02-04 20:09:32.004  1937 17660 D RichTapVibratorService: richtap service stop!!
02-04 20:09:32.004  1937 17660 D NtVibratorManagerImpl: time after vibratorStop : 1770232172004
02-04 20:09:32.004  1937 17660 D RichTapVibratorService: get sender id pid:1937 seq:60293122
02-04 20:09:32.004  1937 17660 D NtVibratorManagerImpl: start play he!
02-04 20:09:32.005  1937 17660 D VibratorManagerService: Vibration for uid=1000 and with attrs=VibrationAttributes{mUsage=UNKNOWN, mAudioUsage= USAGE_UNKNOWN, mFlags=0} ended with status RUNNING
02-04 20:09:32.015  1937  4292 D NtVibratorManagerImpl:  result:1
02-04 20:09:32.016  1937  4292 D NtVibratorManagerImpl:  result:1
02-04 20:09:32.041  1937  4292 D ActivityManager: getProcessesInErrorState callingUid=10346, CallingPid=28777
02-04 20:09:32.314  1937  2311 D BackgroundInstallControlService: Package event received: 0
02-04 20:09:32.372  1937  2828 E AppOps  : attributionTag  not declared in manifest of com.android.systemui
02-04 20:09:32.373  1937  4292 E AppOps  : attributionTag  not declared in manifest of com.android.systemui
02-04 20:09:32.383  1937  2485 D NtAudioGlyphServiceImpl: invalidateAudioLightRequests size#1 current null target null
02-04 20:09:32.384  1937  4292 D AS.AudioService: [reportAudioTrackStatusChanged]start broadcast, pid = 2464, uid = 10185, status = 0, streamType = 5, pkgName = com.android.systemui, sessionId = 73729
02-04 20:09:32.389  1937  4292 D AS.AudioService: [reportAudioTrackStatusChanged]finish broadcast
02-04 20:09:32.397  1937  4292 D NtVibratorManagerImpl:  result:1
02-04 20:09:32.461  1937  4292 E AppOps  : attributionTag  not declared in manifest of com.android.systemui
02-04 20:09:32.462  1937  4292 E AppOps  : attributionTag  not declared in manifest of com.android.systemui
02-04 20:09:32.463  1937  4292 D AS.AudioService: [reportAudioTrackStatusChanged]start broadcast, pid = 2464, uid = 10185, status = 1, streamType = 5, pkgName = com.android.systemui, sessionId = 73729
02-04 20:09:32.463  1937  4292 D AS.AudioService: [reportAudioTrackStatusChanged]finish broadcast
02-04 20:09:32.543  1937  2828 D ActivityManager: getProcessesInErrorState callingUid=10346, CallingPid=28777
02-04 20:09:32.826  1937  2828 I AS.FadeOutManager: unfadeOutUid() uid:10346
02-04 20:09:32.846  1937  4292 D AS.AudioService: [reportAudioTrackStatusChanged]start broadcast, pid = 2464, uid = 10185, status = 1, streamType = 5, pkgName = com.android.systemui, sessionId = 73729
02-04 20:09:32.846  1937  4292 D AS.AudioService: [reportAudioTrackStatusChanged]finish broadcast
02-04 20:09:33.047  1937  4292 D ActivityManager: getProcessesInErrorState callingUid=10346, CallingPid=28777
02-04 20:09:33.116  1937  4292 D ActivityManager: Stop FGS timeout: ServiceRecord{e24167 u0 com.whatsapp/.messaging.service.GcmFGService c:com.whatsapp}
02-04 20:09:33.119  1937  4292 W ForegroundServiceTypeLoggerModule: FGS stop call for: 10224 has no types!
02-04 20:09:33.122  1937  2311 D BackgroundInstallControlService: Package event received: 0
02-04 20:09:33.123  1937  4292 D NtMemoryManager: not set com.whatsapp adj to 801
02-04 20:09:33.306  1937  2762 D NtMemoryManager: don't raise adj due to remove task : app.revanced.android.youtube : -1
02-04 20:09:33.307  1937  2762 D NtMemoryManager: com.whatsapp last pss: 1078576
02-04 20:09:33.307  1937  2762 D NtMemoryManager: com.tkolymp.tkolympapp last pss: 2017100
02-04 20:09:33.550  1937  4292 D ActivityManager: getProcessesInErrorState callingUid=10346, CallingPid=28777
02-04 20:09:34.053  1937  4292 D ActivityManager: getProcessesInErrorState callingUid=10346, CallingPid=28777
02-04 20:09:34.556  1937  4292 D ActivityManager: getProcessesInErrorState callingUid=10346, CallingPid=28777
02-04 20:09:34.829  1937  1937 D MBrainLocalService: isVendorFreezeConditionPass is false
02-04 20:09:34.829  1937  1937 D MBrainLocalService: notifyAudioModeChange failed
02-04 20:09:35.059  1937  2357 D ActivityManager: getProcessesInErrorState callingUid=10346, CallingPid=28777
02-04 20:09:35.354  1937  2357 I WindowManager: Relayout Window{ecd4a88 u0 LaunchPopView Animation}: oldVis=8 newVis=0 focusMayChange = true requestedWidth = 1084 requestedHeight = 2223 outFrames = ClientWindowFrames{frame=[0,126][1084,2349] display=[-100000,-100000][100000,100000] parentFrame=[0,0][0,0]} outSurfaceControl = Surface(name=LaunchPopView Animation)/@0xfa313a5
02-04 20:09:35.443  1937  2311 D BackgroundInstallControlService: Package event received: 0
02-04 20:09:35.564  1937  4292 D ActivityManager: getProcessesInErrorState callingUid=10346, CallingPid=28777
02-04 20:09:35.612  1937  4292 D CoreBackPreview: Window{4ac65b8 u0 NotificationShade}: Setting back callback null
02-04 20:09:35.613  1937  2357 D OomAdjuster: process : com.android.systemui, pid = 2464, isTop = false, uid = 10185, hasActivity = false
02-04 20:09:35.613  1937  2357 D OomAdjuster: system app not need limit!
02-04 20:09:35.613  1937  2037 D OomAdjuster: set group = -1
02-04 20:09:35.613  1937  2037 D OomAdjuster: set cpuset: -1
02-04 20:09:35.637  1937  1963 I DisplayDeviceRepository: Display device changed render timings: "Built-in Screen", renderFrameRate=90.0, presentationDeadlineNanos=17100000, appVsyncOffsetNanos=633333, frameRateOverrides=[]
02-04 20:09:35.638  1937  1961 D WindowManager: DeferredDisplayUpdater: partially applying DisplayInfo(1084 x 2412) immediately
02-04 20:09:36.066  1937  2357 D ActivityManager: getProcessesInErrorState callingUid=10346, CallingPid=28777
02-04 20:09:36.572  1937  2357 D ActivityManager: getProcessesInErrorState callingUid=10346, CallingPid=28777
02-04 20:09:37.075  1937  1953 D ActivityManager: getProcessesInErrorState callingUid=10346, CallingPid=28777
02-04 20:09:37.578  1937  2357 D ActivityManager: getProcessesInErrorState callingUid=10346, CallingPid=28777
02-04 20:09:38.080  1937  1953 D ActivityManager: getProcessesInErrorState callingUid=10346, CallingPid=28777
02-04 20:09:38.131  1937  1937 D NtNotificationManagerService: playGlyphEffect glyphNotificationEnable = true
02-04 20:09:38.131  1937  1937 E NtNotificationManagerService: getSound supportGenerativeRingtone = false, isDefaultRingtone = false
02-04 20:09:38.131  1937  1937 D NtNotificationManagerService: skip playGlyphEffect, mGlyphNotificationEnable = true, FLAG_ONGOING_EVENT = 0, FLAG_FOREGROUND_SERVICE = 0, isInCall = false, isScreenOn = true, isSoundOnly = false, is silent Notification = false, skipPlayGlyphForNotEssentialNotification = false
02-04 20:09:38.131  1937  1937 E NtNotificationManagerService: getSound supportGenerativeRingtone = false, isDefaultRingtone = false
02-04 20:09:38.148  2464  2464 E NTEssentialNotification: Could not create conversation channel
02-04 20:09:38.148  2464  2464 E NTEssentialNotification: java.lang.NullPointerException: Attempt to invoke interface method 'void android.app.INotificationManager.createConversationNotificationChannelForPackage(java.lang.String, int, android.app.NotificationChannel, java.lang.String)' on a null object reference
02-04 20:09:38.148  2464  2464 E NTEssentialNotification: 	at com.nothing.systemui.statusbar.notification.NTEssentialNotification.createConversationChannelIfNeeded(NTEssentialNotification.java:291)
02-04 20:09:38.148  2464  2464 E NTEssentialNotification: 	at com.nothing.systemui.statusbar.notification.NTEssentialNotification.<init>(NTEssentialNotification.java:76)
02-04 20:09:38.148  2464  2464 E NTEssentialNotification: 	at com.nothing.systemui.statusbar.notification.NTEssentialNotificationManager.onNotificationPosted(NTEssentialNotificationManager.kt:378)
02-04 20:09:38.148  2464  2464 E NTEssentialNotification: 	at com.android.systemui.statusbar.NotificationListener.lambda$onNotificationPosted$1(NotificationListener.java:142)
02-04 20:09:38.148  2464  2464 E NTEssentialNotification: 	at com.android.systemui.statusbar.NotificationListener.$r8$lambda$D_iWPMODCNotd7MVeGt286dGmJ4(Unknown Source:0)
02-04 20:09:38.148  2464  2464 E NTEssentialNotification: 	at com.android.systemui.statusbar.NotificationListener$$ExternalSyntheticLambda2.run(D8$$SyntheticClass:0)
02-04 20:09:38.148  2464  2464 E NTEssentialNotification: 	at android.os.Handler.handleCallback(Handler.java:995)
02-04 20:09:38.148  2464  2464 E NTEssentialNotification: 	at android.os.Handler.dispatchMessage(Handler.java:103)
02-04 20:09:38.148  2464  2464 E NTEssentialNotification: 	at android.os.Looper.loopOnce(Looper.java:283)
02-04 20:09:38.148  2464  2464 E NTEssentialNotification: 	at android.os.Looper.loop(Looper.java:392)
02-04 20:09:38.148  2464  2464 E NTEssentialNotification: 	at android.app.ActivityThread.main(ActivityThread.java:9231)
02-04 20:09:38.148  2464  2464 E NTEssentialNotification: 	at java.lang.reflect.Method.invoke(Native Method)
02-04 20:09:38.148  2464  2464 E NTEssentialNotification: 	at com.android.internal.os.RuntimeInit$MethodAndArgsCaller.run(RuntimeInit.java:633)
02-04 20:09:38.148  2464  2464 E NTEssentialNotification: 	at com.android.internal.os.ZygoteInit.main(ZygoteInit.java:1026)
02-04 20:09:38.586  1937  2748 D ActivityManager: getProcessesInErrorState callingUid=10346, CallingPid=28777
02-04 20:09:39.088  1937  2357 D ActivityManager: getProcessesInErrorState callingUid=10346, CallingPid=28777
02-04 20:09:39.595  1937  2357 D ActivityManager: getProcessesInErrorState callingUid=10346, CallingPid=28777
02-04 20:09:40.097  1937  2357 D ActivityManager: getProcessesInErrorState callingUid=10346, CallingPid=28777
02-04 20:09:40.600  1937  2357 D ActivityManager: getProcessesInErrorState callingUid=10346, CallingPid=28777
02-04 20:09:41.102  1937  2357 D ActivityManager: getProcessesInErrorState callingUid=10346, CallingPid=28777
02-04 20:09:41.603  1937  2748 D ActivityManager: getProcessesInErrorState callingUid=10346, CallingPid=28777
02-04 20:09:42.108  1937  2357 D ActivityManager: getProcessesInErrorState callingUid=10346, CallingPid=28777
02-04 20:09:42.612  1937  2357 D ActivityManager: getProcessesInErrorState callingUid=10346, CallingPid=28777
02-04 20:09:43.114  1937  2748 D ActivityManager: getProcessesInErrorState callingUid=10346, CallingPid=28777
02-04 20:09:43.263  1937  2748 E AppOps  : attributionTag  not declared in manifest of com.instafel.android
02-04 20:09:43.266  1937  4292 E AppOps  : attributionTag  not declared in manifest of com.instafel.android
02-04 20:09:43.616  1937  2748 D ActivityManager: getProcessesInErrorState callingUid=10346, CallingPid=28777
02-04 20:09:43.648  1937  2485 D NtAudioGlyphServiceImpl: onAudioTrackStop request:AudioLightRequest@94fceb2{Id:107,uid:10346,pid:28777,noAudio:false,csvId:-1,pkg:com.instafel.android,session:73721,addby:2}
02-04 20:09:43.648  1937  2485 D NtAudioGlyphServiceImpl: AudioLightRequests[0]- AudioLightRequest@94fceb2{Id:107,uid:10346,pid:28777,noAudio:false,csvId:-1,pkg:com.instafel.android,session:73721,addby:2}
02-04 20:09:43.648  1937  2485 D NtAudioGlyphServiceImpl: invalidateAudioLightRequests size#0 current null target null
02-04 20:09:43.761  1937  2357 D VibratorManagerService: Canceling vibration
02-04 20:09:43.761  1937  2357 D NtVibratorManagerImpl: time before vibratorStop : 1770232183761
02-04 20:09:43.761  1937  2357 D RichTapVibratorService: aac richtap doVibratorStop
02-04 20:09:43.761  1937  2357 D RichTapVibratorService: richtap service stop!!
02-04 20:09:43.762  1937  2357 D NtVibratorManagerImpl: time after vibratorStop : 1770232183762
02-04 20:09:43.773  1937  2748 D NtVibratorManagerImpl:  result:1
02-04 20:09:43.785  1937  2748 D Dragonite: acquire handle 99
02-04 20:09:43.786  1937  2159 D Dragonite: sceneId = 2, pid = 27024, packageName = com.nothing.launcher, duration = 60000, params = null
02-04 20:09:43.794  2464  2553 V ShellRecents: RecentsTransitionHandler.startRecentsTransition
