02-04 20:09:43.795  2464  2553 V WindowManagerShell: Directly starting a new transition type=TO_FRONT wct=WindowContainerTransaction { changes= {} hops= [{pendingIntent: options=Bundle[{android.activity.splashScreenStyle=-1, android.activity.sourceInfo=Supplier{VAL_PARCELABLE@148+104}, android.pendingIntent.backgroundActivityAllowed=3, android:activity.animAbortListener=null, android.activity.transientLaunch=true}]}] errorCallbackToken=null taskFragmentOrganizer=null } handler=com.android.wm.shell.recents.RecentsTransitionHandler@f00f6ce
02-04 20:09:43.795  1937  2748 D BLASTSyncEngine: [DH_DEBUG]scheduleTimeout #9851 success=true timeoutMs=5000 callback=com.android.server.wm.BLASTSyncEngine$SyncGroup$$ExternalSyntheticLambda2@d5dec94
02-04 20:09:43.798  1937  2679 D NtBoostAdjusterImpl: threadPriorityBoost: pid = 1964, duration = 500
02-04 20:09:43.799  1937  2679 D NtBoostAdjusterImpl: tryBoostThreadPriority: pid = 1964, counting = 1
02-04 20:09:43.811  1937  2679 D NtBoostAdjusterImpl: threadPriorityBoost: pid = 13556, duration = 500
02-04 20:09:43.812  1937  2679 D NtBoostAdjusterImpl: tryBoostThreadPriority: pid = 13556, counting = 1
02-04 20:09:43.813  1937  2037 D OomAdjuster: set group = 5
02-04 20:09:43.813  1937  2037 D OomAdjuster: set cpuset: 5
02-04 20:09:43.814  1937  2748 D NtMemoryManager: mIsHighPressureScene: false : com.nothing.launcher
02-04 20:09:43.814  1937  2748 D NtProcessManager: Top app: com.nothing.launcher
02-04 20:09:43.814  1937  2748 D WindowManager: [SG_DEBUG]Set SyncGroup{id=9851 name=Transition-TO_FRONT} on ActivityRecord{50534298 u0 com.nothing.launcher/com.android.searchlauncher.SearchLauncher t23229}
02-04 20:09:43.816  1937  2311 D BackgroundInstallControlService: Package event received: 0
02-04 20:09:43.816  1937  1937 D MBrainLocalService: isVendorFreezeConditionPass is false
02-04 20:09:43.816  1937  1937 E MBrainLocalService: notifyAppSwitch failed
02-04 20:09:43.824  1937  2311 D BackgroundInstallControlService: Package event received: 0
02-04 20:09:43.824  1937  2311 D BackgroundInstallControlService: Package event received: 0
02-04 20:09:43.828  2464  2553 V ShellRecents: [143553267] RecentsController.setTransition: id=android.os.BinderProxy@bcb1162
02-04 20:09:43.830  1937  1953 I WindowManager: Relayout Window{8fb1c29 u0 com.nothing.launcher/com.android.searchlauncher.SearchLauncher}: oldVis=8 newVis=0 focusMayChange = true requestedWidth = 1084 requestedHeight = 2412 outFrames = ClientWindowFrames{frame=[0,0][1084,2412] display=[0,0][1084,2412] parentFrame=[0,0][0,0]} outSurfaceControl = Surface(name=com.nothing.launcher/com.android.searchlauncher.SearchLauncher)/@0x8831aa2
02-04 20:09:43.837  1937  1963 I DisplayDeviceRepository: Display device changed render timings: "Built-in Screen", renderFrameRate=120.00001, presentationDeadlineNanos=13300000, appVsyncOffsetNanos=1099999, frameRateOverrides=[]
02-04 20:09:43.839  1937  1961 D WindowManager: DeferredDisplayUpdater: partially applying DisplayInfo(1084 x 2412) immediately
02-04 20:09:43.848  1937  1953 I WindowManager: Relayout Window{71a15a u0 com.nothing.launcher/com.android.searchlauncher.SearchLauncher}: oldVis=8 newVis=0 focusMayChange = true requestedWidth = 1084 requestedHeight = 2412 outFrames = ClientWindowFrames{frame=[0,0][1084,2412] display=[0,0][1084,2412] parentFrame=[0,0][0,0]} outSurfaceControl = Surface(name=com.nothing.launcher/com.android.searchlauncher.SearchLauncher)/@0xa833408
02-04 20:09:43.849  1937  1964 D WindowManager: [SG_DEBUG]Set SyncGroup{id=9851 name=Transition-TO_FRONT} on WallpaperWindowToken{4fd57ac showWhenLocked=true}
02-04 20:09:43.852  1937  2311 D BackgroundInstallControlService: Package event received: 0
02-04 20:09:43.853  1937  2311 D BackgroundInstallControlService: Package event received: 0
02-04 20:09:43.869  1937  1964 D WindowManager: [SG_DEBUG]Clear [finished]SyncGroup{id=9851 name=Transition-TO_FRONT} on WallpaperWindowToken{4fd57ac showWhenLocked=true}
02-04 20:09:43.869  1937  1964 D WindowManager: [SG_DEBUG]Clear [finished]SyncGroup{id=9851 name=Transition-TO_FRONT} on ActivityRecord{50534298 u0 com.nothing.launcher/com.android.searchlauncher.SearchLauncher t23229}
02-04 20:09:43.876  1937  1964 D BLASTSyncEngine: [DH_DEBUG]remove timeout #9851 callback=com.android.server.wm.BLASTSyncEngine$SyncGroup$$ExternalSyntheticLambda2@d5dec94
02-04 20:09:43.878  2464  2593 V WindowManagerShell: onTransitionReady(transaction=8319352237384)
02-04 20:09:43.878  2464  2553 V WindowManagerShell: onTransitionReady (#9851) android.os.BinderProxy@bcb1162: {id=9851 t=TO_FRONT f=0x80 trk=0 r=[0@Point(0, 0)] c=[
02-04 20:09:43.878  2464  2553 V WindowManagerShell:         {m=TO_FRONT f=SHOW_WALLPAPER|MOVE_TO_TOP leash=Surface(name=Task=1)/@0x6096aba sb=Rect(0, 0 - 1084, 2412) eb=Rect(0, 0 - 1084, 2412) epz=Point(1084, 2412) d=0 taskParent=-1 ntPopUpView={mIsTryEnterWindowingMode=false mIsEnterWindowingModeLandscape=false mIsChangingWindowformBounds=false mStartPos=Point(0, 0) mEndPos=Point(0, 0) mStartScale=0.0 mEndScale=0.0 mStartCornerRadius=0.0 mEndCornerRadius=0.0 mAppBounds=Rect(0, 0 - 0, 0) mWindowCrop=Rect(0, 0 - 0, 0) mStartDragOrChangingBounds=Rect(0, 0 - 0, 0) mEndDragOrChangingBounds=Rect(0, 0 - 0, 0) mBottomLeftCornerLeash=null mBottomRightCornerLeash=null mDragBarLeash=null mCornerHintSize=60x60 mDragBarSize=189x42}},
02-04 20:09:43.878  2464  2553 V WindowManagerShell:         {m=TO_BACK f=NONE leash=Surface(name=Task=24414)/@0x6634d6b sb=Rect(0, 0 - 1084, 2412) eb=Rect(0, 0 - 1084, 2412) epz=Point(1084, 2412) d=0 taskParent=-1 ntPopUpView={mIsTryEnterWindowingMode=false mIsEnterWindowingModeLandscape=false mIsChangingWindowformBounds=false mStartPos=Point(0, 0) mEndPos=Point(0, 0) mStartScale=0.0 mEndScale=0.0 mStartCornerRadius=0.0 mEndCornerRadius=0.0 mAppBounds=Rect(0, 0 - 0, 0) mWindowCrop=Rect(0, 0 - 0, 0) mStartDragOrChangingBounds=Rect(0, 0 - 0, 0) mEndDragOrChangingBounds=Rect(0, 0 - 0, 0) mBottomLeftCornerLeash=null mBottomRightCornerLeash=null mDragBarLeash=null mCornerHintSize=60x60 mDragBarSize=189x42}},
02-04 20:09:43.878  2464  2553 V WindowManagerShell:         {m=TO_FRONT f=IS_WALLPAPER leash=Surface(name=WallpaperWindowToken{4fd57ac showWhenLocked=false})/@0x5a0c0c8 sb=Rect(0, 0 - 1084, 2412) eb=Rect(0, 0 - 1084, 2412) epz=Point(1084, 2412) d=0 ntPopUpView={mIsTryEnterWindowingMode=false mIsEnterWindowingModeLandscape=false mIsChangingWindowformBounds=false mStartPos=Point(0, 0) mEndPos=Point(0, 0) mStartScale=0.0 mEndScale=0.0 mStartCornerRadius=0.0 mEndCornerRadius=0.0 mAppBounds=Rect(0, 0 - 0, 0) mWindowCrop=Rect(0, 0 - 0, 0) mStartDragOrChangingBounds=Rect(0, 0 - 0, 0) mEndDragOrChangingBounds=Rect(0, 0 - 0, 0) mBottomLeftCornerLeash=null mBottomRightCornerLeash=null mDragBarLeash=null mCornerHintSize=0x0 mDragBarSize=0x0}}
02-04 20:09:43.878  2464  2553 V WindowManagerShell:     ]}
02-04 20:09:43.879  2464  2553 V WindowManagerShell: Playing animation for (#9851) android.os.BinderProxy@bcb1162@0
02-04 20:09:43.879  2464  2553 V WindowManagerShell:  try firstHandler com.android.wm.shell.recents.RecentsTransitionHandler@f00f6ce
02-04 20:09:43.879  2464  2553 V ShellRecents: [143553267] RecentsController.start
02-04 20:09:43.881  2464  2553 V ShellRecents:   not handling home taskId=1
02-04 20:09:43.881  1937  1963 D OomAdjuster: process : com.instafel.android, pid = 28777, isTop = false, uid = 10346, hasActivity = true
02-04 20:09:43.881  1937  1963 D OomAdjuster: previous schedule group is top, not need limit!
02-04 20:09:43.882  2464  2553 V ShellRecents:   adding pausing leaf taskId=24414 at layer=8
02-04 20:09:43.885  2464  2553 V ShellRecents: Applying transaction=8319352237384
02-04 20:09:43.885  2464  2553 V ShellRecents: No matching remote found to takeover (#9851)
02-04 20:09:43.885  2464  2553 V ShellSplitScreen: getSplitBoundsForTaskId: expected split bounds for taskId=24414 but not found
02-04 20:09:43.885  2464  2553 V ShellRecents: [143553267] RecentsController.start: calling onAnimationStart with 2 apps
02-04 20:09:43.891  1937  1960 V WindowManager: Sent Transition (#9851) createdAt=02-04 20:09:43.795
02-04 20:09:43.891  1937  1960 V WindowManager:     startWCT=WindowContainerTransaction { changes= {} hops= [{pendingIntent: options=Bundle[{android.activity.splashScreenStyle=-1, android.activity.sourceInfo=android.app.ActivityOptions$SourceInfo@14b7052, android.pendingIntent.backgroundActivityAllowed=3, android:activity.animAbortListener=null, android.activity.transientLaunch=true}]}] errorCallbackToken=null taskFragmentOrganizer=null }
02-04 20:09:43.891  1937  1960 V WindowManager:     info={id=9851 t=TO_FRONT f=0x80 trk=0 r=[0@Point(0, 0)] c=[
02-04 20:09:43.891  1937  1960 V WindowManager:         {WCT{RemoteToken{22288d5 Task{e19b763 #1 type=home}}} m=TO_FRONT f=SHOW_WALLPAPER|MOVE_TO_TOP leash=Surface(name=Task=1)/@0x59916c0 sb=Rect(0, 0 - 1084, 2412) eb=Rect(0, 0 - 1084, 2412) epz=Point(1084, 2412) d=0 taskParent=-1 ntPopUpView={mIsTryEnterWindowingMode=false mIsEnterWindowingModeLandscape=false mIsChangingWindowformBounds=false mStartPos=Point(0, 0) mEndPos=Point(0, 0) mStartScale=0.0 mEndScale=0.0 mStartCornerRadius=0.0 mEndCornerRadius=0.0 mAppBounds=Rect(0, 0 - 0, 0) mWindowCrop=Rect(0, 0 - 0, 0) mStartDragOrChangingBounds=Rect(0, 0 - 0, 0) mEndDragOrChangingBounds=Rect(0, 0 - 0, 0) mBottomLeftCornerLeash=null mBottomRightCornerLeash=null mDragBarLeash=null mCornerHintSize=60x60 mDragBarSize=189x42}},
02-04 20:09:43.891  1937  1960 V WindowManager:         {WCT{RemoteToken{251858e Task{5ae8622 #24414 type=standard A=10346:com.instafel.android}}} m=TO_BACK f=NONE leash=Surface(name=Task=24414)/@0xd353 sb=Rect(0, 0 - 1084, 2412) eb=Rect(0, 0 - 1084, 2412) epz=Point(1084, 2412) d=0 taskParent=-1 ntPopUpView={mIsTryEnterWindowingMode=false mIsEnterWindowingModeLandscape=false mIsChangingWindowformBounds=false mStartPos=Point(0, 0) mEndPos=Point(0, 0) mStartScale=0.0 mEndScale=0.0 mStartCornerRadius=0.0 mEndCornerRadius=0.0 mAppBounds=Rect(0, 0 - 0, 0) mWindowCrop=Rect(0, 0 - 0, 0) mStartDragOrChangingBounds=Rect(0, 0 - 0, 0) mEndDragOrChangingBounds=Rect(0, 0 - 0, 0) mBottomLeftCornerLeash=null mBottomRightCornerLeash=null mDragBarLeash=null mCornerHintSize=60x60 mDragBarSize=189x42}},
02-04 20:09:43.891  1937  1960 V WindowManager:         {m=TO_FRONT f=IS_WALLPAPER leash=Surface(name=WallpaperWindowToken{4fd57ac showWhenLocked=false})/@0x43720a2 sb=Rect(0, 0 - 1084, 2412) eb=Rect(0, 0 - 1084, 2412) epz=Point(1084, 2412) d=0 ntPopUpView={mIsTryEnterWindowingMode=false mIsEnterWindowingModeLandscape=false mIsChangingWindowformBounds=false mStartPos=Point(0, 0) mEndPos=Point(0, 0) mStartScale=0.0 mEndScale=0.0 mStartCornerRadius=0.0 mEndCornerRadius=0.0 mAppBounds=Rect(0, 0 - 0, 0) mWindowCrop=Rect(0, 0 - 0, 0) mStartDragOrChangingBounds=Rect(0, 0 - 0, 0) mEndDragOrChangingBounds=Rect(0, 0 - 0, 0) mBottomLeftCornerLeash=null mBottomRightCornerLeash=null mDragBarLeash=null mCornerHintSize=0x0 mDragBarSize=0x0}}
02-04 20:09:43.891  1937  1960 V WindowManager:     ]}
02-04 20:09:43.891  1937  1963 D OomAdjuster: process : com.android.bluetooth, pid = 2664, isTop = false, uid = 1002, hasActivity = false
02-04 20:09:43.891  1937  1963 D OomAdjuster: system app not need limit!
02-04 20:09:43.892  2464  2553 V ShellRecents: [143553267] onAnimationStartWithSurfaceTransaction.end: cost 7 ms
02-04 20:09:43.894  1937  2029 I ActivityManager: Start proc 10991:com.nothing.universal.search/u0a294 for service {com.nothing.universal.search/com.nothing.universal.search.proxy.SearchUIService}
02-04 20:09:43.894  1937  2029 I START_DEBUG: send START_TIMEOUT message    ProcessRecord :ProcessRecord{9e7c7a1 10991:com.nothing.universal.search/u0a294}
02-04 20:09:43.894  1937  2029 I ActivityManager: ProcessObserver broadcast disabled
02-04 20:09:43.894  2464  2553 V WindowManagerShell:  animated by firstHandler
02-04 20:09:43.895  1937  2748 D Dragonite: acquire handle 4
02-04 20:09:43.895  1937  2159 D Dragonite: sceneId = 1, pid = 27024, packageName = com.nothing.launcher, duration = 60000, params = null
02-04 20:09:43.908  2464  2553 D WindowManagerShell: setLauncherKeepClearAreaHeight: visible=true, height=247
02-04 20:09:43.912  1937  2311 D BackgroundInstallControlService: Package event received: 0
02-04 20:09:43.921  1937  2311 D BackgroundInstallControlService: Package event received: 0
02-04 20:09:43.921  2464  2553 V ShellRecents: [143553267] RecentsController.setInputConsumerEnabled: set focus to recents
02-04 20:09:43.923  1937  2748 V NtGameModeImpl: onAppFocusChanged: pkg=com.nothing.launcher, uid=10182, category=-1, launchMode= 1
02-04 20:09:43.923  1937  2748 D NtPopUpViewImpl: PopUpView: onAppFocusChanged: newTask=Task{f45c6fd #23229 type=home I=com.nothing.launcher/com.android.searchlauncher.SearchLauncher}, showDimmer=false
02-04 20:09:43.923  1937  2748 D NtKafkaEventHelper: onActivityRecordChanged: info com.nothing.launcher:10182:27024
02-04 20:09:43.932  1937  2748 W WindowManager: Changing focus from Window{af9976a u0 com.instafel.android/com.instagram.mainactivity.InstagramMainActivity} to Window{71a15a u0 com.nothing.launcher/com.android.searchlauncher.SearchLauncher} displayId=0 Callers=com.android.server.wm.RootWindowContainer.updateFocusedWindowLocked:494 com.android.server.wm.WindowManagerService.updateFocusedWindowLocked:6812 com.android.server.wm.ActivityTaskManagerService.setLastResumedActivityUncheckLocked:5261 com.android.server.wm.ActivityTaskManagerService.setFocusedTask:2166 
02-04 20:09:43.940  1937  4293 D OomAdjuster: process : com.google.android.gms, pid = 28281, isTop = false, uid = 10131, hasActivity = false
02-04 20:09:43.941  1937  4293 D OomAdjuster: process : com.google.android.gms is not top!
02-04 20:09:43.948  1937  4293 D ActivityManager: sync unfroze 28281 com.google.android.gms for 4
02-04 20:09:43.949  1937  2311 D BackgroundInstallControlService: Package event received: 0
02-04 20:09:43.960  1937  1953 W ProcessStats: Tracking association SourceState{fadb49 com.google.android.googlequicksearchbox:googleapp/10140 BTop #1416942} whose proc state 2 is better than process ProcessState{c3c1eb com.google.android.gms/10131 pkg=com.google.android.gms} proc state 14 (0 skipped)
02-04 20:09:43.964  2443  4537 D SceneManager: TopAPP=com.nothing.launcher
02-04 20:09:43.987  1937  2748 V ActivityManager: New death recipient com.android.server.am.ActivityManagerService$AppDeathRecipient@8dbf16f for thread android.os.BinderProxy@40fce7c
02-04 20:09:43.990  1937  2748 I START_DEBUG: send BINDTIMEOUT    ProcessRecord :ProcessRecord{9e7c7a1 10991:com.nothing.universal.search/u0a294}
02-04 20:09:43.990  1937  2748 I START_DEBUG: remove START_TIMEOUT finish    ProcessRecord :ProcessRecord{9e7c7a1 10991:com.nothing.universal.search/u0a294}
02-04 20:09:43.991  1937  2748 D OomAdjuster: process : com.nothing.universal.search, pid = 10991, isTop = false, uid = 10294, hasActivity = false
02-04 20:09:43.991  1937  2748 D OomAdjuster: system app not need limit!
02-04 20:09:43.997 10991 10991 D NtScrollerManagerImpl: init NtScrollerManagerImpl
02-04 20:09:44.082 10991 11006 D MbrainDebugManagerImpl: getService failed
02-04 20:09:44.099  1937  4291 I START_DEBUG: remove BIND_TIMEOUT finish    ProcessRecord :ProcessRecord{9e7c7a1 10991:com.nothing.universal.search/u0a294}
02-04 20:09:44.101  1937  2311 D BackgroundInstallControlService: Package event received: 0
02-04 20:09:44.101  1937  2357 D Dragonite: release 99
02-04 20:09:44.118  1937  4291 D ActivityManager: getProcessesInErrorState callingUid=10346, CallingPid=28777
02-04 20:09:44.159  1937  2311 D BackgroundInstallControlService: Package event received: 0
02-04 20:09:44.180  1937  2029 I ActivityManager: Start proc 11034:com.android.settings.intelligence/u0a135 for content provider {com.android.settings.intelligence/com.android.settings.intelligence.nothing.UniversalSearchProvider}
02-04 20:09:44.180  1937  2029 I START_DEBUG: send START_TIMEOUT message    ProcessRecord :ProcessRecord{eb3e4fe 11034:com.android.settings.intelligence/u0a135}
02-04 20:09:44.180  1937  2029 I ActivityManager: ProcessObserver broadcast disabled
02-04 20:09:44.223  1937  2357 V ActivityManager: New death recipient com.android.server.am.ActivityManagerService$AppDeathRecipient@e0535f1 for thread android.os.BinderProxy@80d95d6
02-04 20:09:44.227  1937  2357 I START_DEBUG: send BINDTIMEOUT    ProcessRecord :ProcessRecord{eb3e4fe 11034:com.android.settings.intelligence/u0a135}
02-04 20:09:44.227  1937  2357 I START_DEBUG: remove START_TIMEOUT finish    ProcessRecord :ProcessRecord{eb3e4fe 11034:com.android.settings.intelligence/u0a135}
02-04 20:09:44.227  1937  2357 D OomAdjuster: process : com.android.settings.intelligence, pid = 11034, isTop = false, uid = 10135, hasActivity = false
02-04 20:09:44.227  1937  2357 D OomAdjuster: process : com.android.settings.intelligence is not top!
02-04 20:09:44.230  1937  2031 D ActivityManager: uid = 10135, pid = 11034, processName = com.android.settings.intelligence is not top app, set nt foreground
02-04 20:09:44.235 11034 11034 D NtScrollerManagerImpl: init NtScrollerManagerImpl
02-04 20:09:44.239  1937  2357 D CompatChangeReporter: Compat change id reported: 170503758; UID 10135; state: ENABLED
02-04 20:09:44.293  1937  2357 I START_DEBUG: remove BIND_TIMEOUT finish    ProcessRecord :ProcessRecord{eb3e4fe 11034:com.android.settings.intelligence/u0a135}
02-04 20:09:44.294  1937  2311 D BackgroundInstallControlService: Package event received: 0
02-04 20:09:44.300  1937  2679 D NtBoostAdjusterImpl: tryRestoreThreadPriority: pid = 1964, counting = 0
02-04 20:09:44.311  1937  2679 D NtBoostAdjusterImpl: tryRestoreThreadPriority: pid = 13556, counting = 0
02-04 20:09:44.330  2464  2553 V ShellRecents: [143553267] RecentsController.finishInner: toHome=true userLeave=true willFinishToHome=true state=0 hasPausingTasks=true reason=requested
02-04 20:09:44.330  2464  2553 V ShellRecents:   normal finish
02-04 20:09:44.331  2464  2553 V ShellRecents: [143553267] RecentsController.finishInner: Completing finish
02-04 20:09:44.331  2464  2553 V ShellRecents: [143553267] RecentsController.cleanup
02-04 20:09:44.331  1937  2357 D Dragonite: release 4
02-04 20:09:44.331  2464  2553 V WindowManagerShell: Transition animation finished (aborted=false), notifying core (#9851) android.os.BinderProxy@bcb1162@0
02-04 20:09:44.341  1937  1960 V WindowManager: Finish Transition (#9851): created at 02-04 20:09:43.795 collect-started=0.195ms started=16.073ms ready=20.923ms sent=79.335ms commit=23.23ms finished=545.047ms
02-04 20:09:44.346  1937  2311 D BackgroundInstallControlService: Package event received: 0
02-04 20:09:44.348  1937  2357 D NtWindowManagerService: setMutedTask: taskId=-1 isMute=false callingPid=1937
02-04 20:09:44.351  2464  2553 V WindowManagerShell: Track 0 became idle
02-04 20:09:44.351  2464  2553 V WindowManagerShell: All active transition animations finished
02-04 20:09:44.351  2464  2553 V ShellRecents: [143553267] RecentsController.finishInner: calling finish callback
02-04 20:09:44.353  1937  4292 D CompatChangeReporter: Compat change id reported: 151861875; UID 10116; state: ENABLED
02-04 20:09:44.365  1937  1963 V WindowManager: Unknown focus tokens, dropping reportFocusChanged
02-04 20:09:44.369  1937  1963 D NtMemoryManager: set com.tkolymp.tkolympapp adj to 801
02-04 20:09:44.378  1937  1963 D NtPerfTraceManagerImpl: packageName = com.nothing.launcher, taskId = 23229
02-04 20:09:44.378  1937  2029 I ActivityManager: Start proc 11058:com.android.angle/u0a116 for content provider {com.android.angle/com.android.angle.common.SearchProvider}
02-04 20:09:44.383  1937  2029 I START_DEBUG: send START_TIMEOUT message    ProcessRecord :ProcessRecord{4217909 11058:com.android.angle/u0a116}
02-04 20:09:44.383  1937  2029 I ActivityManager: ProcessObserver broadcast disabled
02-04 20:09:44.386  1937  2311 D BackgroundInstallControlService: Package event received: 0
02-04 20:09:44.397 27024 27024 D NtViewRootImpl: mPopUpViewOffsets: offset=(0.0, 0.0), scale=(1.0, 1.0)
02-04 20:09:44.421  1937  2031 D ActivityManager: uid = 10116, pid = 11058, processName = com.android.angle is not top app, set nt foreground
02-04 20:09:44.423  1937  2748 V ActivityManager: New death recipient com.android.server.am.ActivityManagerService$AppDeathRecipient@f919f7d for thread android.os.BinderProxy@7472e72
02-04 20:09:44.426  1937  4291 W AutofillManagerServiceImpl: getFillEventHistory() called by UID 10121, but service UID is 10131
02-04 20:09:44.428  1937  2748 I START_DEBUG: send BINDTIMEOUT    ProcessRecord :ProcessRecord{4217909 11058:com.android.angle/u0a116}
02-04 20:09:44.428  1937  2748 I START_DEBUG: remove START_TIMEOUT finish    ProcessRecord :ProcessRecord{4217909 11058:com.android.angle/u0a116}
02-04 20:09:44.428  1937  2748 D OomAdjuster: process : com.android.angle, pid = 11058, isTop = false, uid = 10116, hasActivity = false
02-04 20:09:44.428  1937  2748 D OomAdjuster: process : com.android.angle is not top!
02-04 20:09:44.444  1937  2357 W PackageConfigPersister: App-specific configuration not found for packageName: com.nothing.launcher and userId: 0
02-04 20:09:44.446 11058 11058 D NtScrollerManagerImpl: init NtScrollerManagerImpl
02-04 20:09:44.471  1937  2748 D CoreBackPreview: Window{af9976a u0 com.instafel.android/com.instagram.mainactivity.InstagramMainActivity}: Setting back callback OnBackInvokedCallbackInfo{mCallback=android.window.IOnBackInvokedCallback$Stub$Proxy@b782e58, mPriority=-1, mIsAnimationCallback=false, mOverrideBehavior=0}
02-04 20:09:44.493  1937  2748 I AS.FadeOutManager: unfadeOutUid() uid:10296
02-04 20:09:44.493  7360  7360 I AudioManager: dispatching onAudioFocusChange(1) to android.media.AudioManager@1fb8c3aahrp@bb090eb
02-04 20:09:44.529  1937  2311 D BackgroundInstallControlService: Package event received: 0
02-04 20:09:44.536  1937  2357 I START_DEBUG: remove BIND_TIMEOUT finish    ProcessRecord :ProcessRecord{4217909 11058:com.android.angle/u0a116}
02-04 20:09:44.537  1937  2311 D BackgroundInstallControlService: Package event received: 0
02-04 20:09:44.544  1937  2357 D NtDualAppsServiceImpl: overrideRequestIfNeeded: skip because of calling package
02-04 20:09:44.545  1937  2357 W OptProp : Cannot read opt property android.window.PROPERTY_COMPAT_ALLOW_RESIZEABLE_ACTIVITY_OVERRIDES
02-04 20:09:44.545  1937  2357 W OptProp : Cannot read opt property android.window.PROPERTY_COMPAT_ALLOW_MIN_ASPECT_RATIO_OVERRIDE
02-04 20:09:44.545  1937  2357 D BLASTSyncEngine: [DH_DEBUG]scheduleTimeout #9852 success=true timeoutMs=5000 callback=com.android.server.wm.BLASTSyncEngine$SyncGroup$$ExternalSyntheticLambda2@f44d2b3
02-04 20:09:44.545  1937  2357 D WindowManager: [SG_DEBUG]Set SyncGroup{id=9852 name=Transition-OPEN} on ActivityRecord{32665712 u0 com.whatsapp/.Main
02-04 20:09:44.547  1937  4291 D AS.AudioService: [reportAudioTrackStatusChanged]start broadcast, pid = 28777, uid = 10346, status = 1, streamType = 3, pkgName = com.instafel.android, sessionId = 73721
02-04 20:09:44.547  1937  4291 D AS.AudioService: [reportAudioTrackStatusChanged]finish broadcast
02-04 20:09:44.547  1937  2357 D ActivityTaskManager: shouldPauseImmediately prev=ActivityRecord{50534298 u0 com.nothing.launcher/com.android.searchlauncher.SearchLauncher t23229}, resuming=ActivityRecord{264245062 u0 com.whatsapp/.home.ui.HomeActivity t24395}
02-04 20:09:44.552  1937  1937 D MBrainLocalService: isVendorFreezeConditionPass is false
02-04 20:09:44.552  1937  1937 E MBrainLocalService: notifyAppSwitch failed
02-04 20:09:44.553  1937  2357 D WindowManager: [SG_DEBUG]Set SyncGroup{id=9852 name=Transition-OPEN} on ActivityRecord{50534298 u0 com.nothing.launcher/com.android.searchlauncher.SearchLauncher t23229}
02-04 20:09:44.553  1937  2357 D WindowManager: [SG_DEBUG]Set SyncGroup{id=9852 name=Transition-OPEN} on WallpaperWindowToken{4fd57ac showWhenLocked=true}
02-04 20:09:44.554  1937  2357 D NtMemoryManager: mIsHighPressureScene: false : com.whatsapp
02-04 20:09:44.554  1937  2357 D NtProcessManager: Top app: com.whatsapp
02-04 20:09:44.555  1937  2357 D WindowManager: [SG_DEBUG]Set SyncGroup{id=9852 name=Transition-OPEN} on ActivityRecord{264245062 u0 com.whatsapp/.home.ui.HomeActivity t24395}
02-04 20:09:44.555  1937  2357 V NtGameModeImpl: onAppFocusChanged: pkg=com.whatsapp, uid=10224, category=4, launchMode= 1
02-04 20:09:44.555  1937  2357 D NtPopUpViewImpl: PopUpView: onAppFocusChanged: newTask=Task{e13ef68 #24395 type=standard A=10224:com.whatsapp}, showDimmer=false
02-04 20:09:44.555  1937  2357 D NtKafkaEventHelper: onActivityRecordChanged: info com.whatsapp:10224:11310
02-04 20:09:44.556  1937  2357 W WindowManager: Changing focus from Window{71a15a u0 com.nothing.launcher/com.android.searchlauncher.SearchLauncher} to null displayId=0 Callers=com.android.server.wm.RootWindowContainer.updateFocusedWindowLocked:494 com.android.server.wm.WindowManagerService.updateFocusedWindowLocked:6812 com.android.server.wm.ActivityTaskManagerService.setLastResumedActivityUncheckLocked:5261 com.android.server.wm.ActivityTaskSupervisor.updateTopResumedActivityIfNeeded:2419 
02-04 20:09:44.558  1937  1937 D MBrainLocalService: isVendorFreezeConditionPass is false
02-04 20:09:44.558  1937  1937 E MBrainLocalService: notifyAppSwitch failed
02-04 20:09:44.561  1937  2357 I ActivityTaskManager: START u0 {act=android.intent.action.MAIN cat=[android.intent.category.LAUNCHER] flg=0x10200000 xflg=0x4 pkg=com.whatsapp cmp=com.whatsapp/.Main bnds=[789,2102][1036,2349]} with LAUNCH_MULTIPLE from uid 10182 pid 27024 (sr=50534298) (BAL_ALLOW_VISIBLE_WINDOW) result code=2
02-04 20:09:44.564  2464  2553 V WindowManagerShell: Transition requested (#9852): android.os.BinderProxy@7cf38d1 TransitionRequestInfo { type = OPEN, triggerTask = TaskInfo{userId=0 taskId=24395 effectiveUid=10224 displayId=0 isRunning=true baseIntent=Intent { act=android.intent.action.MAIN cat=[android.intent.category.LAUNCHER] flg=0x10200000 pkg=com.whatsapp cmp=com.whatsapp/.Main } baseActivity=ComponentInfo{com.whatsapp/com.whatsapp.home.ui.HomeActivity} topActivity=ComponentInfo{com.whatsapp/com.whatsapp.home.ui.HomeActivity} origActivity=null realActivity=ComponentInfo{com.whatsapp/com.whatsapp.Main} numActivities=1 lastActiveTime=1113626781 supportsMultiWindow=true resizeMode=1 isResizeable=true minWidth=-1 minHeight=-1 defaultMinSize=220 token=WCT{android.window.IWindowContainerToken$Stub$Proxy@9310f36} topActivityType=1 pictureInPictureParams=null shouldDockBigOverlays=false launchIntoPipHostTaskId=-1 lastParentTaskIdBeforePip=-1 displayCutoutSafeInsets=Rect(0, 0 - 0, 0) topActivityInfo=ActivityInfo{64a1e37 com.whatsapp.home.ui.HomeActivity} launchCookies=[android.os.BinderProxy@769ebf8] positionInParent=Point(0, 0) parentTaskId=-1 isFocused=true isVisible=false isVisibleRequested=true isTopActivityNoDisplay=false isSleeping=false locusId=null displayAreaFeatureId=1 isTopActivityTransparent=false isActivityStackTransparent=false lastNonFullscreenBounds=Rect(278, 695 - 806, 1779) capturedLink=null capturedLinkTimestamp=0 requestedVisibleTypes=-9 topActivityRequestOpenInBrowserEducationTimestamp=0 appCompatTaskInfo=AppCompatTaskInfo { topActivityInSizeCompat=false eligibleForLetterboxEducation= false isLetterboxEducationEnabled= false isLetterboxDoubleTapEnabled= false eligibleForUserAspectRatioButton= false topActivityBoundsLetterboxed= false isFromLetterboxDoubleTap= false topActivityLetterboxVerticalPosition= -1 topActivityLetterboxHorizontalPosition= -1 topActivityLetterboxWidth=-1 topActivityLetterboxHeight=-1 topActivityAppBounds=Rect(0, 0 - 1084, 2412) isUserFullscreenOverrideEnabled=false isSystemFullscreenOverrideEnabled=false hasMinAspectRatioOverride=false topActivityLetterboxBounds=null cameraCompatTaskInfo=CameraCompatTaskInfo { freeformCameraCompatMode=inactive}} topActivityMainWindowFrame=null}, pipChange = null, remoteTransition = RemoteTransition { remoteTransition = android.window.IRemoteTransition$Stub$Proxy@84dcfa4, appThread = android.app.IApplicationThread$Stub$Proxy@b3d910d, debugName = QuickstepLaunch }, displayChange = null, flags = 0, debugId = 9852 }
02-04 20:09:44.564  2464  2553 D ShellSplitScreen: logExit: no-op, mLoggerSessionId is null
02-04 20:09:44.564  2464  2553 V WindowManagerShell: RemoteTransition directly requested for (#9852) android.os.BinderProxy@7cf38d1: RemoteTransition { remoteTransition = android.window.IRemoteTransition$Stub$Proxy@84dcfa4, appThread = android.app.IApplicationThread$Stub$Proxy@b3d910d, debugName = QuickstepLaunch }
02-04 20:09:44.567  2464  2553 V WindowManagerShell: Transition (#9852): request handled by DefaultMixedHandler
02-04 20:09:44.568  1937  2679 D NtBoostAdjusterImpl: threadPriorityBoost: pid = 1964, duration = 500
02-04 20:09:44.568  1937  2679 D NtBoostAdjusterImpl: tryBoostThreadPriority: pid = 1964, counting = 1
02-04 20:09:44.578  1937  2748 D NtMemoryManager: not set com.whatsapp adj to 801
02-04 20:09:44.581  1937  2679 D NtBoostAdjusterImpl: threadPriorityBoost: pid = 13556, duration = 500
02-04 20:09:44.581  1937  2679 D NtBoostAdjusterImpl: tryBoostThreadPriority: pid = 13556, counting = 1
02-04 20:09:44.583  1937  2311 D BackgroundInstallControlService: Package event received: 0
02-04 20:09:44.584  2443  4537 D SceneManager: TopAPP=com.whatsapp
02-04 20:09:44.587  2464  2553 D WindowManagerShell: setLauncherKeepClearAreaHeight: visible=false, height=247
02-04 20:09:44.593  1937  2357 I WindowManager: Relayout Window{e884cb7 u0 SnapshotStartingWindow for taskId=24395}: oldVis=8 newVis=0 focusMayChange = true requestedWidth = -1 requestedHeight = -1 outFrames = ClientWindowFrames{frame=[0,0][1084,2412] display=[0,0][1084,2412] parentFrame=[0,0][0,0]} outSurfaceControl = Surface(name=SnapshotStartingWindow for taskId=24395)/@0x3f29c24
02-04 20:09:44.597  1937  2311 D BackgroundInstallControlService: Package event received: 0
02-04 20:09:44.597  1937  2311 D BackgroundInstallControlService: Package event received: 0
02-04 20:09:44.597  1937  2311 D BackgroundInstallControlService: Package event received: 0
02-04 20:09:44.600  2464  2553 D WindowManagerShell: onActivityRestartAttempt: topActivity=ComponentInfo{com.whatsapp/com.whatsapp.home.ui.HomeActivity}, wasVisible=false
02-04 20:09:44.600  1937  1964 D WindowManager: [SG_DEBUG]Clear [finished]SyncGroup{id=9852 name=Transition-OPEN} on ActivityRecord{264245062 u0 com.whatsapp/.home.ui.HomeActivity t24395}
02-04 20:09:44.600  1937  1964 D WindowManager: [SG_DEBUG]Clear [finished]SyncGroup{id=9852 name=Transition-OPEN} on WallpaperWindowToken{4fd57ac showWhenLocked=true}
02-04 20:09:44.600  1937  1964 D WindowManager: [SG_DEBUG]Clear [finished]SyncGroup{id=9852 name=Transition-OPEN} on ActivityRecord{50534298 u0 com.nothing.launcher/com.android.searchlauncher.SearchLauncher t23229}
02-04 20:09:44.600  1937  1964 D WindowManager: [SG_DEBUG]Clear [finished]SyncGroup{id=9852 name=Transition-OPEN} on ActivityRecord{32665712 u0 com.whatsapp/.Main t-1}
02-04 20:09:44.603  1937  1964 D BLASTSyncEngine: [DH_DEBUG]remove timeout #9852 callback=com.android.server.wm.BLASTSyncEngine$SyncGroup$$ExternalSyntheticLambda2@f44d2b3
02-04 20:09:44.603  1937  1960 V WindowManager: Sent Transition (#9852) createdAt=02-04 20:09:44.545 via request=TransitionRequestInfo { type = OPEN, triggerTask = TaskInfo{userId=0 taskId=24395 effectiveUid=10224 displayId=0 isRunning=true baseIntent=Intent { act=android.intent.action.MAIN cat=[android.intent.category.LAUNCHER] flg=0x10200000 pkg=com.whatsapp cmp=com.whatsapp/.Main } baseActivity=ComponentInfo{com.whatsapp/com.whatsapp.home.ui.HomeActivity} topActivity=ComponentInfo{com.whatsapp/com.whatsapp.home.ui.HomeActivity} origActivity=null realActivity=ComponentInfo{com.whatsapp/com.whatsapp.Main} numActivities=1 lastActiveTime=1113626781 supportsMultiWindow=true resizeMode=1 isResizeable=true minWidth=-1 minHeight=-1 defaultMinSize=220 token=WCT{RemoteToken{9bec30f Task{e13ef68 #24395 type=standard A=10224:com.whatsapp}}} topActivityType=1 pictureInPictureParams=null shouldDockBigOverlays=false launchIntoPipHostTaskId=-1 lastParentTaskIdBeforePip=-1 displayCutoutSafeInsets=Rect(0, 0 - 0, 0) topActivityInfo=ActivityInfo{93b44f9 com.whatsapp.home.ui.HomeActivity} launchCookies=[android.os.BinderProxy@5cf5690] positionInParent=Point(0, 0) parentTaskId=-1 isFocused=true isVisible=false isVisibleRequested=true isTopActivityNoDisplay=false isSleeping=false locusId=null displayAreaFeatureId=1 isTopActivityTransparent=false isActivityStackTransparent=false lastNonFullscreenBounds=Rect(278, 695 - 806, 1779) capturedLink=null capturedLinkTimestamp=0 requestedVisibleTypes=-9 topActivityRequestOpenInBrowserEducationTimestamp=0 appCompatTaskInfo=AppCompatTaskInfo { topActivityInSizeCompat=false eligibleForLetterboxEducation= false isLetterboxEducationEnabled= false isLetterboxDoubleTapEnabled= false eligibleForUserAspectRatioButton= false topActivityBoundsLetterboxed= false isFromLetterboxDoubleTap= false topActivityLetterboxVerticalPosition= -1 topActivityLetterboxHorizontalPosition= -1 topActivityLetterboxWidth=-1 topActivityLetterboxHeight=-1 topActivityAppBounds=Rect(0, 0 - 1084, 2412) isUserFullscreenOverrideEnabled=false isSystemFullscreenOverrideEnabled=false hasMinAspectRatioOverride=false topActivityLetterboxBounds=null cameraCompatTaskInfo=CameraCompatTaskInfo { freeformCameraCompatMode=inactive}} topActivityMainWindowFrame=null}, pipChange = null, remoteTransition = RemoteTransition { remoteTransition = android.window.IRemoteTransition$Stub$Proxy@907eb89, appThread = android.app.IApplicationThread$Stub$Proxy@719378e, debugName = QuickstepLaunch }, displayChange = null, flags = 0, debugId = 9852 }
02-04 20:09:44.603  1937  1960 V WindowManager:     startWCT=WindowContainerTransaction { changes= {} hops= [] errorCallbackToken=null taskFragmentOrganizer=null }
02-04 20:09:44.603  1937  1960 V WindowManager:     info={id=9852 t=OPEN f=0x0 trk=0 r=[0@Point(0, 0)] c=[
02-04 20:09:44.603  1937  1960 V WindowManager:         {WCT{RemoteToken{9bec30f Task{e13ef68 #24395 type=standard A=10224:com.whatsapp}}} m=TO_FRONT f=MOVE_TO_TOP leash=Surface(name=Task=24395)/@0x4c0abe9 sb=Rect(0, 0 - 1084, 2412) eb=Rect(0, 0 - 1084, 2412) epz=Point(1084, 2412) d=0 taskParent=-1 ntPopUpView={mIsTryEnterWindowingMode=false mIsEnterWindowingModeLandscape=false mIsChangingWindowformBounds=false mStartPos=Point(0, 0) mEndPos=Point(0, 0) mStartScale=0.0 mEndScale=0.0 mStartCornerRadius=0.0 mEndCornerRadius=0.0 mAppBounds=Rect(0, 0 - 0, 0) mWindowCrop=Rect(0, 0 - 0, 0) mStartDragOrChangingBounds=Rect(0, 0 - 0, 0) mEndDragOrChangingBounds=Rect(0, 0 - 0, 0) mBottomLeftCornerLeash=null mBottomRightCornerLeash=null mDragBarLeash=null mCornerHintSize=60x60 mDragBarSize=189x42}},
02-04 20:09:44.603  1937  1960 V WindowManager:         {WCT{RemoteToken{22288d5 Task{e19b763 #1 type=home}}} m=TO_BACK f=SHOW_WALLPAPER leash=Surface(name=Task=1)/@0x59916c0 sb=Rect(0, 0 - 1084, 2412) eb=Rect(0, 0 - 1084, 2412) epz=Point(1084, 2412) d=0 taskParent=-1 ntPopUpView={mIsTryEnterWindowingMode=false mIsEnterWindowingModeLandscape=false mIsChangingWindowformBounds=false mStartPos=Point(0, 0) mEndPos=Point(0, 0) mStartScale=0.0 mEndScale=0.0 mStartCornerRadius=0.0 mEndCornerRadius=0.0 mAppBounds=Rect(0, 0 - 0, 0) mWindowCrop=Rect(0, 0 - 0, 0) mStartDragOrChangingBounds=Rect(0, 0 - 0, 0) mEndDragOrChangingBounds=Rect(0, 0 - 0, 0) mBottomLeftCornerLeash=null mBottomRightCornerLeash=null mDragBarLeash=null mCornerHintSize=60x60 mDragBarSize=189x42}},
02-04 20:09:44.603  1937  1960 V WindowManager:         {m=TO_BACK f=IS_WALLPAPER leash=Surface(name=WallpaperWindowToken{4fd57ac showWhenLocked=false})/@0x43720a2 sb=Rect(0, 0 - 1084, 2412) eb=Rect(0, 0 - 1084, 2412) epz=Point(1084, 2412) d=0 ntPopUpView={mIsTryEnterWindowingMode=false mIsEnterWindowingModeLandscape=false mIsChangingWindowformBounds=false mStartPos=Point(0, 0) mEndPos=Point(0, 0) mStartScale=0.0 mEndScale=0.0 mStartCornerRadius=0.0 mEndCornerRadius=0.0 mAppBounds=Rect(0, 0 - 0, 0) mWindowCrop=Rect(0, 0 - 0, 0) mStartDragOrChangingBounds=Rect(0, 0 - 0, 0) mEndDragOrChangingBounds=Rect(0, 0 - 0, 0) mBottomLeftCornerLeash=null mBottomRightCornerLeash=null mDragBarLeash=null mCornerHintSize=0x0 mDragBarSize=0x0}}
02-04 20:09:44.603  1937  1960 V WindowManager:     ]}
02-04 20:09:44.604  2464  2875 V WindowManagerShell: onTransitionReady(transaction=8319352237412)
02-04 20:09:44.604  2464  2553 V WindowManagerShell: onTransitionReady (#9852) android.os.BinderProxy@7cf38d1: {id=9852 t=OPEN f=0x0 trk=0 r=[0@Point(0, 0)] c=[
02-04 20:09:44.604  2464  2553 V WindowManagerShell:         {m=TO_FRONT f=MOVE_TO_TOP leash=Surface(name=Task=24395)/@0x36a4210 sb=Rect(0, 0 - 1084, 2412) eb=Rect(0, 0 - 1084, 2412) epz=Point(1084, 2412) d=0 taskParent=-1 ntPopUpView={mIsTryEnterWindowingMode=false mIsEnterWindowingModeLandscape=false mIsChangingWindowformBounds=false mStartPos=Point(0, 0) mEndPos=Point(0, 0) mStartScale=0.0 mEndScale=0.0 mStartCornerRadius=0.0 mEndCornerRadius=0.0 mAppBounds=Rect(0, 0 - 0, 0) mWindowCrop=Rect(0, 0 - 0, 0) mStartDragOrChangingBounds=Rect(0, 0 - 0, 0) mEndDragOrChangingBounds=Rect(0, 0 - 0, 0) mBottomLeftCornerLeash=null mBottomRightCornerLeash=null mDragBarLeash=null mCornerHintSize=60x60 mDragBarSize=189x42}},
02-04 20:09:44.604  2464  2553 V WindowManagerShell:         {m=TO_BACK f=SHOW_WALLPAPER leash=Surface(name=Task=1)/@0xcbf3109 sb=Rect(0, 0 - 1084, 2412) eb=Rect(0, 0 - 1084, 2412) epz=Point(1084, 2412) d=0 taskParent=-1 ntPopUpView={mIsTryEnterWindowingMode=false mIsEnterWindowingModeLandscape=false mIsChangingWindowformBounds=false mStartPos=Point(0, 0) mEndPos=Point(0, 0) mStartScale=0.0 mEndScale=0.0 mStartCornerRadius=0.0 mEndCornerRadius=0.0 mAppBounds=Rect(0, 0 - 0, 0) mWindowCrop=Rect(0, 0 - 0, 0) mStartDragOrChangingBounds=Rect(0, 0 - 0, 0) mEndDragOrChangingBounds=Rect(0, 0 - 0, 0) mBottomLeftCornerLeash=null mBottomRightCornerLeash=null mDragBarLeash=null mCornerHintSize=60x60 mDragBarSize=189x42}},
02-04 20:09:44.604  2464  2553 V WindowManagerShell:         {m=TO_BACK f=IS_WALLPAPER leash=Surface(name=WallpaperWindowToken{4fd57ac showWhenLocked=false})/@0x44ecf0e sb=Rect(0, 0 - 1084, 2412) eb=Rect(0, 0 - 1084, 2412) epz=Point(1084, 2412) d=0 ntPopUpView={mIsTryEnterWindowingMode=false mIsEnterWindowingModeLandscape=false mIsChangingWindowformBounds=false mStartPos=Point(0, 0) mEndPos=Point(0, 0) mStartScale=0.0 mEndScale=0.0 mStartCornerRadius=0.0 mEndCornerRadius=0.0 mAppBounds=Rect(0, 0 - 0, 0) mWindowCrop=Rect(0, 0 - 0, 0) mStartDragOrChangingBounds=Rect(0, 0 - 0, 0) mEndDragOrChangingBounds=Rect(0, 0 - 0, 0) mBottomLeftCornerLeash=null mBottomRightCornerLeash=null mDragBarLeash=null mCornerHintSize=0x0 mDragBarSize=0x0}}
02-04 20:09:44.604  2464  2553 V WindowManagerShell:     ]}
02-04 20:09:44.605  2464  2553 V WindowManagerShell: Playing animation for (#9852) android.os.BinderProxy@7cf38d1@0
02-04 20:09:44.605  2464  2553 V WindowManagerShell:  try firstHandler com.android.wm.shell.transition.DefaultMixedHandler@aeae95c
02-04 20:09:44.605  2464  2553 V WindowManagerShell: Mixed transition for opening an intent with a remote transition and PIP or Desktop #9852
02-04 20:09:44.605  2464  2553 V WindowManagerShell: tryAnimateOpenIntentWithRemoteAndPipOrDesktop
02-04 20:09:44.605  2464  2553 V WindowManagerShell:  Delegate animation for (#9852) to RemoteTransition { remoteTransition = android.window.IRemoteTransition$Stub$Proxy@84dcfa4, appThread = android.app.IApplicationThread$Stub$Proxy@b3d910d, debugName = QuickstepLaunch }
02-04 20:09:44.608  1937  4291 W AutofillManagerServiceImpl: getFillEventHistory() called by UID 10121, but service UID is 10131
02-04 20:09:44.617  2464  2553 V WindowManagerShell:  animated by firstHandler
02-04 20:09:44.619  1937  4291 D ActivityManager: getProcessesInErrorState callingUid=10346, CallingPid=28777
02-04 20:09:44.625  1937  2748 D Dragonite: acquire handle 98
02-04 20:09:44.625  1937  2159 D Dragonite: sceneId = 1, pid = 27024, packageName = com.nothing.launcher, duration = 60000, params = null
02-04 20:09:44.653  1937  4291 W WindowManager: Changing focus from null to Window{227c7ec u0 com.whatsapp/com.whatsapp.home.ui.HomeActivity} displayId=0 Callers=com.android.server.wm.RootWindowContainer.updateFocusedWindowLocked:494 com.android.server.wm.WindowManagerService.updateFocusedWindowLocked:6812 com.android.server.wm.WindowManagerService.relayoutWindow:2786 com.android.server.wm.Session.relayout:288 
02-04 20:09:44.654  1937  4291 I WindowManager: Relayout Window{227c7ec u0 com.whatsapp/com.whatsapp.home.ui.HomeActivity}: oldVis=8 newVis=0 focusMayChange = true requestedWidth = 1084 requestedHeight = 2412 outFrames = ClientWindowFrames{frame=[0,0][1084,2412] display=[0,0][1084,2412] parentFrame=[0,0][0,0]} outSurfaceControl = Surface(name=com.whatsapp/com.whatsapp.home.ui.HomeActivity)/@0xcdde143
02-04 20:09:44.673  1937  2751 D OomAdjuster: process : com.android.settings, pid = 26675, isTop = false, uid = 1000, hasActivity = false
02-04 20:09:44.673  1937  2751 D OomAdjuster: system app not need limit!
02-04 20:09:44.674  1937  2311 D BackgroundInstallControlService: Package event received: 0
02-04 20:09:44.820  1937  1963 D NtPerfTraceManagerImpl: packageName = com.whatsapp, taskId = 24395
02-04 20:09:44.832  1937  2748 D OomAdjuster: process : android.process.acore, pid = 20894, isTop = false, uid = 10064, hasActivity = false
02-04 20:09:44.832  1937  2748 D OomAdjuster: process : android.process.acore is not top!
02-04 20:09:44.834  1937  2311 D BackgroundInstallControlService: Package event received: 0
02-04 20:09:44.834  1937  2311 D BackgroundInstallControlService: Package event received: 0
02-04 20:09:44.834  1937  2311 D BackgroundInstallControlService: Package event received: 0
02-04 20:09:44.834  1937  2311 D BackgroundInstallControlService: Package event received: 0
02-04 20:09:44.872 11310 11310 D NtViewRootImpl: mPopUpViewOffsets: offset=(0.0, 0.0), scale=(1.0, 1.0)
02-04 20:09:44.913  1937  1953 W PackageConfigPersister: App-specific configuration not found for packageName: com.whatsapp and userId: 0
02-04 20:09:45.065  1937  1964 D WindowManager: setParent old=ActivityRecord{264245062 u0 com.whatsapp/.home.ui.HomeActivity t24395},new=null,this window=Window{e884cb7 u0 SnapshotStartingWindow for taskId=24395},callers=com.android.server.wm.WindowContainer.removeChild:896 com.android.server.wm.ActivityRecord.removeChild:4597 com.android.server.wm.ActivityRecord.removeChild:403 com.android.server.wm.WindowContainer.removeImmediately:949 com.android.server.wm.WindowState.removeImmediately:2245 com.android.server.wm.WindowState.destroySurface:3254 
02-04 20:09:45.069  1937  2679 D NtBoostAdjusterImpl: tryRestoreThreadPriority: pid = 1964, counting = 0
02-04 20:09:45.082  1937  2679 D NtBoostAdjusterImpl: tryRestoreThreadPriority: pid = 13556, counting = 0
02-04 20:09:45.121  1937  1953 D ActivityManager: getProcessesInErrorState callingUid=10346, CallingPid=28777
02-04 20:09:45.138  2464  2553 V WindowManagerShell: Transition animation finished (aborted=false), notifying core (#9852) android.os.BinderProxy@7cf38d1@0
02-04 20:09:45.138  1937  2748 D Dragonite: release 98
02-04 20:09:45.139  1937  1960 V WindowManager: Finish Transition (#9852): created at 02-04 20:09:44.545 collect-started=0.035ms request-sent=13.709ms started=35.975ms ready=35.957ms sent=57.129ms commit=20.785ms finished=593.446ms
02-04 20:09:45.140  1937  1937 D NotifAttentionHelper:  clearVibrateLocked key:0|com.whatsapp|1|null|10224
02-04 20:09:45.140  1937  1937 D NtNotificationManagerService: cancel NtNotificationRingtoneVibrate
02-04 20:09:45.140  1937  1937 E NtNotificationManagerService: getSound supportGenerativeRingtone = false, isDefaultRingtone = false
02-04 20:09:45.140  1937  1937 D NotifAttentionHelper: cancelVibration:0|com.whatsapp|1|null|10224 withNormalVibrator:false
02-04 20:09:45.143  2464  2553 V WindowManagerShell: Track 0 became idle
02-04 20:09:45.143  2464  2553 V WindowManagerShell: All active transition animations finished
02-04 20:09:45.144  1937  1963 D OomAdjuster: process : com.nothing.launcher, pid = 27024, isTop = false, uid = 10182, hasActivity = true
02-04 20:09:45.144  1937  1963 D OomAdjuster: previous schedule group is top, not need limit!
02-04 20:09:45.144  1937  1963 D OomAdjuster: process : com.google.android.adservices.api, pid = 7772, isTop = false, uid = 10203, hasActivity = false
02-04 20:09:45.144  1937  1963 D OomAdjuster: process : com.google.android.adservices.api is not top!
02-04 20:09:45.144  1937  1963 D OomAdjuster: process : com.google.android.googlequicksearchbox:googleapp, pid = 17675, isTop = false, uid = 10140, hasActivity = false
02-04 20:09:45.144  1937  1963 D OomAdjuster: process : com.google.android.googlequicksearchbox:googleapp is not top!
02-04 20:09:45.145  1937  2037 D OomAdjuster: set group = -1
02-04 20:09:45.145  1937  2037 D OomAdjuster: set cpuset: -1
02-04 20:09:45.169  1937  2311 D BackgroundInstallControlService: Package event received: 0
02-04 20:09:45.170  1937  1963 I DisplayDeviceRepository: Display device changed render timings: "Built-in Screen", renderFrameRate=90.0, presentationDeadlineNanos=17100000, appVsyncOffsetNanos=633333, frameRateOverrides=[]
02-04 20:09:45.179  1937  1961 D WindowManager: DeferredDisplayUpdater: partially applying DisplayInfo(1084 x 2412) immediately
02-04 20:09:45.622  1937  2751 D ActivityManager: getProcessesInErrorState callingUid=10346, CallingPid=28777
02-04 20:09:46.123  1937  2751 D ActivityManager: getProcessesInErrorState callingUid=10346, CallingPid=28777
02-04 20:09:46.340 26675 31314 W ContextImpl: Calling a method in the system process without a qualified user: android.app.ContextImpl.startService:2002 android.content.ContextWrapper.startService:855 com.android.settings.network.NetworkDashboardFragment.D2:43 com.android.settings.network.NetworkDashboardFragment.C2:1 com.android.settings.network.o1.f:2 
02-04 20:09:46.366  1937  2311 D BackgroundInstallControlService: Package event received: 0
02-04 20:09:46.367  1937  2132 D CompatChangeReporter: Compat change id reported: 151861875; UID 10106; state: ENABLED
02-04 20:09:46.382  1937  2029 I ActivityManager: Start proc 11089:com.android.traceur/u0a106 for content provider {com.android.traceur/com.android.traceur.SearchProvider}
02-04 20:09:46.382  1937  2029 I START_DEBUG: send START_TIMEOUT message    ProcessRecord :ProcessRecord{dd58802 11089:com.android.traceur/u0a106}
02-04 20:09:46.382  1937  2029 I ActivityManager: ProcessObserver broadcast disabled
02-04 20:09:46.407  1937  2132 V ActivityManager: New death recipient com.android.server.am.ActivityManagerService$AppDeathRecipient@7d8c949 for thread android.os.BinderProxy@c18224e
02-04 20:09:46.409  1937  2132 I START_DEBUG: send BINDTIMEOUT    ProcessRecord :ProcessRecord{dd58802 11089:com.android.traceur/u0a106}
02-04 20:09:46.409  1937  2132 I START_DEBUG: remove START_TIMEOUT finish    ProcessRecord :ProcessRecord{dd58802 11089:com.android.traceur/u0a106}
02-04 20:09:46.409  1937  2132 D OomAdjuster: process : com.android.traceur, pid = 11089, isTop = false, uid = 10106, hasActivity = false
02-04 20:09:46.409  1937  2132 D OomAdjuster: process : com.android.traceur is not top!
02-04 20:09:46.416 11089 11089 D NtScrollerManagerImpl: init NtScrollerManagerImpl
02-04 20:09:46.432  1937  2031 D ActivityManager: uid = 10106, pid = 11089, processName = com.android.traceur is not top app, set nt foreground
02-04 20:09:46.459  1937  2132 I START_DEBUG: remove BIND_TIMEOUT finish    ProcessRecord :ProcessRecord{dd58802 11089:com.android.traceur/u0a106}
02-04 20:09:46.459  1937  2311 D BackgroundInstallControlService: Package event received: 0
02-04 20:09:46.466  1937  2311 D BackgroundInstallControlService: Package event received: 0
02-04 20:09:46.476  1937  2029 I ActivityManager: Start proc 11101:com.google.android.accessibility.switchaccess/u0a161 for content provider {com.google.android.accessibility.switchaccess/com.google.android.accessibility.switchaccess.systemsettings.search.SwitchAccessSearchIndexablesProvider}
02-04 20:09:46.476  1937  2029 I START_DEBUG: send START_TIMEOUT message    ProcessRecord :ProcessRecord{1722d26 11101:com.google.android.accessibility.switchaccess/u0a161}
02-04 20:09:46.476  1937  2029 I ActivityManager: ProcessObserver broadcast disabled
02-04 20:09:46.511  1937  2132 V ActivityManager: New death recipient com.android.server.am.ActivityManagerService$AppDeathRecipient@173fbbd for thread android.os.BinderProxy@643f5b2
02-04 20:09:46.514  1937  2132 I START_DEBUG: send BINDTIMEOUT    ProcessRecord :ProcessRecord{1722d26 11101:com.google.android.accessibility.switchaccess/u0a161}
02-04 20:09:46.514  1937  2132 I START_DEBUG: remove START_TIMEOUT finish    ProcessRecord :ProcessRecord{1722d26 11101:com.google.android.accessibility.switchaccess/u0a161}
02-04 20:09:46.514  1937  2132 D OomAdjuster: process : com.google.android.accessibility.switchaccess, pid = 11101, isTop = false, uid = 10161, hasActivity = false
02-04 20:09:46.514  1937  2132 D OomAdjuster: process : com.google.android.accessibility.switchaccess is not top!
02-04 20:09:46.520 11101 11101 D NtScrollerManagerImpl: init NtScrollerManagerImpl
02-04 20:09:46.526  1937  2031 D ActivityManager: uid = 10161, pid = 11101, processName = com.google.android.accessibility.switchaccess is not top app, set nt foreground
02-04 20:09:46.539  1937  1937 D MBrainLocalService: isVendorFreezeConditionPass is false
02-04 20:09:46.539  1937  1937 D MBrainLocalService: notifyAudioModeChange failed
02-04 20:09:46.573  1937  2132 I START_DEBUG: remove BIND_TIMEOUT finish    ProcessRecord :ProcessRecord{1722d26 11101:com.google.android.accessibility.switchaccess/u0a161}
